ARM Linker, 4.1 [Build 894] [Standard]

==============================================================================

Section Cross References

    stm32fxxx_it.o(i.EXTI1_IRQHandler) refers to stm32f10x_exti.o(i.EXTI_GetITStatus) for EXTI_GetITStatus
    stm32fxxx_it.o(i.EXTI1_IRQHandler) refers to stm32f10x_exti.o(i.EXTI_ClearITPendingBit) for EXTI_ClearITPendingBit
    stm32fxxx_it.o(i.EXTI1_IRQHandler) refers to main.o(.bss) for USB_Host
    stm32fxxx_it.o(i.OTG_FS_IRQHandler) refers to usb_hcd_int.o(i.USBH_OTG_ISR_Handler) for USBH_OTG_ISR_Handler
    stm32fxxx_it.o(i.OTG_FS_IRQHandler) refers to main.o(.bss) for USB_OTG_Core
    stm32fxxx_it.o(i.TIM2_IRQHandler) refers to usb_bsp.o(i.USB_OTG_BSP_TimerIRQ) for USB_OTG_BSP_TimerIRQ
    usb_bsp.o(i.BSP_Delay) refers to usb_bsp.o(i.BSP_SetTime) for BSP_SetTime
    usb_bsp.o(i.BSP_Delay) refers to stm32f10x_tim.o(i.TIM_Cmd) for TIM_Cmd
    usb_bsp.o(i.BSP_Delay) refers to usb_bsp.o(.data) for .data
    usb_bsp.o(i.BSP_SetTime) refers to stm32f10x_tim.o(i.TIM_Cmd) for TIM_Cmd
    usb_bsp.o(i.BSP_SetTime) refers to stm32f10x_tim.o(i.TIM_ITConfig) for TIM_ITConfig
    usb_bsp.o(i.BSP_SetTime) refers to stm32f10x_tim.o(i.TIM_TimeBaseInit) for TIM_TimeBaseInit
    usb_bsp.o(i.BSP_SetTime) refers to stm32f10x_tim.o(i.TIM_ClearITPendingBit) for TIM_ClearITPendingBit
    usb_bsp.o(i.BSP_SetTime) refers to stm32f10x_tim.o(i.TIM_ARRPreloadConfig) for TIM_ARRPreloadConfig
    usb_bsp.o(i.USB_OTG_BSP_ConfigVBUS) refers to stm32f10x_rcc.o(i.RCC_APB2PeriphClockCmd) for RCC_APB2PeriphClockCmd
    usb_bsp.o(i.USB_OTG_BSP_ConfigVBUS) refers to stm32f10x_gpio.o(i.GPIO_Init) for GPIO_Init
    usb_bsp.o(i.USB_OTG_BSP_ConfigVBUS) refers to stm32f10x_gpio.o(i.GPIO_SetBits) for GPIO_SetBits
    usb_bsp.o(i.USB_OTG_BSP_ConfigVBUS) refers to usb_bsp.o(i.USB_OTG_BSP_mDelay) for USB_OTG_BSP_mDelay
    usb_bsp.o(i.USB_OTG_BSP_DriveVBUS) refers to stm32f10x_gpio.o(i.GPIO_ResetBits) for GPIO_ResetBits
    usb_bsp.o(i.USB_OTG_BSP_DriveVBUS) refers to stm32f10x_gpio.o(i.GPIO_SetBits) for GPIO_SetBits
    usb_bsp.o(i.USB_OTG_BSP_EnableInterrupt) refers to misc.o(i.NVIC_PriorityGroupConfig) for NVIC_PriorityGroupConfig
    usb_bsp.o(i.USB_OTG_BSP_EnableInterrupt) refers to misc.o(i.NVIC_Init) for NVIC_Init
    usb_bsp.o(i.USB_OTG_BSP_Init) refers to stm32f10x_rcc.o(i.RCC_OTGFSCLKConfig) for RCC_OTGFSCLKConfig
    usb_bsp.o(i.USB_OTG_BSP_Init) refers to stm32f10x_rcc.o(i.RCC_AHBPeriphClockCmd) for RCC_AHBPeriphClockCmd
    usb_bsp.o(i.USB_OTG_BSP_Init) refers to misc.o(i.NVIC_PriorityGroupConfig) for NVIC_PriorityGroupConfig
    usb_bsp.o(i.USB_OTG_BSP_Init) refers to misc.o(i.NVIC_Init) for NVIC_Init
    usb_bsp.o(i.USB_OTG_BSP_Init) refers to stm32f10x_rcc.o(i.RCC_APB1PeriphClockCmd) for RCC_APB1PeriphClockCmd
    usb_bsp.o(i.USB_OTG_BSP_TimerIRQ) refers to stm32f10x_tim.o(i.TIM_GetITStatus) for TIM_GetITStatus
    usb_bsp.o(i.USB_OTG_BSP_TimerIRQ) refers to stm32f10x_tim.o(i.TIM_ClearITPendingBit) for TIM_ClearITPendingBit
    usb_bsp.o(i.USB_OTG_BSP_TimerIRQ) refers to stm32f10x_tim.o(i.TIM_Cmd) for TIM_Cmd
    usb_bsp.o(i.USB_OTG_BSP_TimerIRQ) refers to usb_bsp.o(.data) for .data
    usb_bsp.o(i.USB_OTG_BSP_mDelay) refers to usb_bsp.o(i.BSP_Delay) for BSP_Delay
    usb_bsp.o(i.USB_OTG_BSP_uDelay) refers to usb_bsp.o(i.BSP_Delay) for BSP_Delay
    main.o(i.alloc_memory) refers to malloc.o(i.malloc) for malloc
    main.o(i.alloc_memory) refers to main.o(.data) for .data
    main.o(i.ascii_to_gbk_code) refers to memseta.o(.text) for __aeabi_memclr4
    main.o(i.ascii_to_gbk_code) refers to main.o(.bss) for .bss
    main.o(i.cpu_run) refers to stm32f10x_gpio.o(i.GPIO_ResetBits) for GPIO_ResetBits
    main.o(i.cpu_stop) refers to stm32f10x_gpio.o(i.GPIO_SetBits) for GPIO_SetBits
    main.o(i.flash_run) refers to stm32f10x_gpio.o(i.GPIO_ResetBits) for GPIO_ResetBits
    main.o(i.flash_stop) refers to stm32f10x_gpio.o(i.GPIO_SetBits) for GPIO_SetBits
    main.o(i.get_brake_state) refers to stm32f10x_gpio.o(i.GPIO_ReadInputDataBit) for GPIO_ReadInputDataBit
    main.o(i.get_cfg_from_flash) refers to memseta.o(.text) for __aeabi_memclr4
    main.o(i.get_cfg_from_flash) refers to spi_flash.o(i.SST25_R_BLOCK) for SST25_R_BLOCK
    main.o(i.get_cfg_from_flash) refers to main.o(.data) for .data
    main.o(i.get_disp_state) refers to memseta.o(.text) for __aeabi_memclr4
    main.o(i.get_disp_state) refers to main.o(i.get_light_state) for get_light_state
    main.o(i.get_disp_state) refers to main.o(i.refresh_display_type) for refresh_display_type
    main.o(i.get_disp_state) refers to main.o(i.get_left_state) for get_left_state
    main.o(i.get_disp_state) refers to main.o(i.get_right_state) for get_right_state
    main.o(i.get_disp_state) refers to main.o(i.get_brake_state) for get_brake_state
    main.o(i.get_disp_state) refers to main.o(.bss) for .bss
    main.o(i.get_disp_state) refers to main.o(.data) for .data
[...]
    i.get_right_state                        0x08011fd4   Section        0  main.o(i.get_right_state)
    i.gpio_init                              0x08011fec   Section        0  main.o(i.gpio_init)
    i.judget_extern_signal                   0x08012094   Section        0  led_screen.o(i.judget_extern_signal)
    i.key_process                            0x080120e0   Section        0  main.o(i.key_process)
    i.main                                   0x080122b4   Section        0  main.o(i.main)
    i.malloc                                 0x08012354   Section        0  malloc.o(i.malloc)
    i.mem_cpy                                0x080123c0   Section        0  ff.o(i.mem_cpy)
    mem_cpy                                  0x080123c1   Thumb Code    18  ff.o(i.mem_cpy)
    i.mem_set                                0x080123d2   Section        0  ff.o(i.mem_set)
    mem_set                                  0x080123d3   Thumb Code    14  ff.o(i.mem_set)
    i.move_window                            0x080123e0   Section        0  ff.o(i.move_window)
    move_window                              0x080123e1   Thumb Code   106  ff.o(i.move_window)
    i.put_fat                                0x0801244a   Section        0  ff.o(i.put_fat)
    i.refresh_display_type                   0x0801253c   Section        0  main.o(i.refresh_display_type)
    i.remote_init                            0x08012658   Section        0  remote.o(i.remote_init)
    i.remove_chain                           0x08012718   Section        0  ff.o(i.remove_chain)
    remove_chain                             0x08012719   Thumb Code    98  ff.o(i.remove_chain)
    i.save_currentline_num                   0x0801277a   Section        0  main.o(i.save_currentline_num)
    i.static_move_disp                       0x080127ac   Section        0  main.o(i.static_move_disp)
    i.sync                                   0x08012844   Section        0  ff.o(i.sync)
    sync                                     0x08012845   Thumb Code   184  ff.o(i.sync)
    i.validate                               0x080128fc   Section        0  ff.o(i.validate)
    validate                                 0x080128fd   Thumb Code    32  ff.o(i.validate)
    i.wwdg_init                              0x0801291c   Section        0  wwdg.o(i.wwdg_init)
    .constdata                               0x08012980   Section       24  main.o(.constdata)
    .constdata                               0x08012998   Section      259  usbh_usr.o(.constdata)
    .constdata                               0x08012a9b   Section     1536  led_screen.o(.constdata)
    ASCII816                                 0x08012a9b   Data        1536  led_screen.o(.constdata)
    .constdata                               0x0801309c   Section      194  ff.o(.constdata)
    cvt                                      0x0801309c   Data         128  ff.o(.constdata)
    sstbl                                    0x0801311c   Data          44  ff.o(.constdata)
    cstbl                                    0x08013148   Data          22  ff.o(.constdata)
    .constdata                               0x08013160   Section       84  stm3210c_eval.o(.constdata)
    .constdata                               0x080131b4   Section     4560  stm3210c_eval_lcd.o(.constdata)
    .constdata                               0x08014384   Section     2304  stm3210c_eval_lcd.o(.constdata)
    .constdata                               0x08014c84   Section     2304  stm3210c_eval_lcd.o(.constdata)
    .data                                    0x20000000   Section        4  usb_bsp.o(.data)
    .data                                    0x20000004   Section      224  main.o(.data)
    .data                                    0x200000e4   Section        1  main.o(.data)
    .data                                    0x200000e8   Section        8  usbh_usr.o(.data)
    startup                                  0x200000e9   Data           1  usbh_usr.o(.data)
    .data                                    0x200000f0   Section       72  usbh_usr.o(.data)
    .data                                    0x20000138   Section        4  timer.o(.data)
    counter                                  0x20000138   Data           4  timer.o(.data)
    .data                                    0x2000013c   Section      240  led_screen.o(.data)
    .data                                    0x2000022c   Section        2  wwdg.o(.data)
    flag                                     0x2000022d   Data           1  wwdg.o(.data)
    .data                                    0x20000230   Section       12  remote.o(.data)
    .data                                    0x2000023c   Section       12  usbh_core.o(.data)
    .data                                    0x20000248   Section        4  usbh_core.o(.data)
    .data                                    0x2000024c   Section        1  usbh_msc_scsi.o(.data)
    status                                   0x2000024c   Data           1  usbh_msc_scsi.o(.data)
    .data                                    0x20000250   Section       20  usbh_msc_bot.o(.data)
    error_direction                          0x20000250   Data           1  usbh_msc_bot.o(.data)
    remainingDataLength                      0x20000254   Data           4  usbh_msc_bot.o(.data)
    datapointer                              0x20000258   Data           4  usbh_msc_bot.o(.data)
    datapointer_prev                         0x2000025c   Data           4  usbh_msc_bot.o(.data)
    BOTStallErrorCount                       0x20000260   Data           4  usbh_msc_bot.o(.data)
    .data                                    0x20000264   Section        2  usbh_msc_core.o(.data)
    maxLunExceed                             0x20000265   Data           1  usbh_msc_core.o(.data)
    .data                                    0x20000268   Section       16  usbh_msc_core.o(.data)
    .data                                    0x20000278   Section        1  usbh_msc_fatfs.o(.data)
    Stat                                     0x20000278   Data           1  usbh_msc_fatfs.o(.data)
    .data                                    0x2000027c   Section       12  ff.o(.data)
    Fsid                                     0x2000027c   Data           2  ff.o(.data)
    FatFs                                    0x20000280   Data           8  ff.o(.data)
    .data                                    0x20000288   Section       18  lcd_log.o(.data)
    .data                                    0x2000029c   Section       40  stm3210c_eval.o(.data)
    .data                                    0x200002c4   Section       16  stm3210c_eval_lcd.o(.data)
    LCD_Currentfonts                         0x200002c8   Data           4  stm3210c_eval_lcd.o(.data)
    .data                                    0x200002d4   Section        8  stm3210c_eval_lcd.o(.data)
    .data                                    0x200002dc   Section        8  stm3210c_eval_lcd.o(.data)
    .data                                    0x200002e4   Section        4  stdout.o(.data)
    .data                                    0x200002e8   Section        4  mvars.o(.data)
    .data                                    0x200002ec   Section        4  mvars.o(.data)
    .bss                                     0x200002f0   Section     1796  main.o(.bss)
    .bss                                     0x200009f4   Section     5108  usbh_usr.o(.bss)
    .bss                                     0x20001de8   Section      528  usbh_msc_scsi.o(.bss)
    .bss                                     0x20001ff8   Section       64  usbh_msc_bot.o(.bss)
    .bss                                     0x20002038   Section       74  usbh_msc_core.o(.bss)
    .bss                                     0x20002082   Section      624  lcd_log.o(.bss)
    HEAP                                     0x200022f8   Section      512  startup_stm32f10x_cl.o(HEAP)
    STACK                                    0x200024f8   Section     1024  startup_stm32f10x_cl.o(STACK)

    Global Symbols

    Symbol Name                              Value     Ov Type        Size  Object(Section)

    BuildAttributes$$THM_ISAv4$P$D$K$B$S$PE$A:L22UL41UL21$X:L11$S22US41US21$IEEE1$IW$USESV6$~STKCKD$USESV7$~SHL$OSPACE$ROPI$EBA8$MICROLIB$REQ8$PRES8$EABIv2 0x00000000   Number         0  anon$$obj.o ABSOLUTE
    __ARM_use_no_argv                        0x00000000   Number         0  main.o ABSOLUTE
    _printf_a                                0x00000000   Number         0  stubs.o ABSOLUTE
    _printf_c                                0x00000000   Number         0  stubs.o ABSOLUTE
    _printf_charcount                        0x00000000   Number         0  stubs.o ABSOLUTE
    _printf_d                                0x00000000   Number         0  stubs.o ABSOLUTE
    _printf_e                                0x00000000   Number         0  stubs.o ABSOLUTE
    _printf_f                                0x00000000   Number         0  stubs.o ABSOLUTE
    _printf_flags                            0x00000000   Number         0  stubs.o ABSOLUTE
    _printf_fp_dec                           0x00000000   Number         0  stubs.o ABSOLUTE
    _printf_fp_hex                           0x00000000   Number         0  stubs.o ABSOLUTE
    _printf_g                                0x00000000   Number         0  stubs.o ABSOLUTE
    _printf_i                                0x00000000   Number         0  stubs.o ABSOLUTE
    _printf_int_dec                          0x00000000   Number         0  stubs.o ABSOLUTE
    _printf_l                                0x00000000   Number         0  stubs.o ABSOLUTE
    _printf_lc                               0x00000000   Number         0  stubs.o ABSOLUTE
    _printf_ll                               0x00000000   Number         0  stubs.o ABSOLUTE
    _printf_lld                              0x00000000   Number         0  stubs.o ABSOLUTE
    _printf_lli                              0x00000000   Number         0  stubs.o ABSOLUTE
    _printf_llo                              0x00000000   Number         0  stubs.o ABSOLUTE
    _printf_llu                              0x00000000   Number         0  stubs.o ABSOLUTE
    _printf_llx                              0x00000000   Number         0  stubs.o ABSOLUTE
    _printf_longlong_dec                     0x00000000   Number         0  stubs.o ABSOLUTE
    _printf_longlong_hex                     0x00000000   Number         0  stubs.o ABSOLUTE
    _printf_longlong_oct                     0x00000000   Number         0  stubs.o ABSOLUTE
    _printf_ls                               0x00000000   Number         0  stubs.o ABSOLUTE
    _printf_mbtowc                           0x00000000   Number         0  stubs.o ABSOLUTE
    _printf_n                                0x00000000   Number         0  stubs.o ABSOLUTE
    _printf_o                                0x00000000   Number         0  stubs.o ABSOLUTE
    _printf_p                                0x00000000   Number         0  stubs.o ABSOLUTE
    _printf_percent                          0x00000000   Number         0  stubs.o ABSOLUTE
    _printf_pre_padding                      0x00000000   Number         0  stubs.o ABSOLUTE
    _printf_return_value                     0x00000000   Number         0  stubs.o ABSOLUTE
    _printf_s                                0x00000000   Number         0  stubs.o ABSOLUTE
    _printf_sizespec                         0x00000000   Number         0  stubs.o ABSOLUTE
    _printf_str                              0x00000000   Number         0  stubs.o ABSOLUTE
    _printf_truncate_signed                  0x00000000   Number         0  stubs.o ABSOLUTE
    _printf_truncate_unsigned                0x00000000   Number         0  stubs.o ABSOLUTE
    _printf_u                                0x00000000   Number         0  stubs.o ABSOLUTE
    _printf_wc                               0x00000000   Number         0  stubs.o ABSOLUTE
    _printf_wctomb                           0x00000000   Number         0  stubs.o ABSOLUTE
    _printf_widthprec                        0x00000000   Number         0  stubs.o ABSOLUTE
    _printf_x                                0x00000000   Number         0  stubs.o ABSOLUTE
    _clock_init                               - Undefined Weak Reference
    __Vectors_Size                           0x00000150   Number         0  startup_stm32f10x_cl.o ABSOLUTE
    __Vectors                                0x0800c000   Data           4  startup_stm32f10x_cl.o(RESET)
    __Vectors_End                            0x0800c150   Data           0  startup_stm32f10x_cl.o(RESET)
    __main                                   0x0800c151   Thumb Code     0  entry.o(.ARM.Collect$$$$00000000)
    _main_stk                                0x0800c151   Thumb Code     0  entry2.o(.ARM.Collect$$$$00000001)
    _main_scatterload                        0x0800c155   Thumb Code     0  entry5.o(.ARM.Collect$$$$00000004)
    __main_after_scatterload                 0x0800c159   Thumb Code     0  entry5.o(.ARM.Collect$$$$00000004)
    _main_clock                              0x0800c159   Thumb Code     0  entry7b.o(.ARM.Collect$$$$00000008)
    _main_init                               0x0800c159   Thumb Code     0  entry8.o(.ARM.Collect$$$$00000009)
    Reset_Handler                            0x0800c165   Thumb Code     8  startup_stm32f10x_cl.o(.text)
    SysTick_Handler                          0x0800c17d   Thumb Code     2  startup_stm32f10x_cl.o(.text)
    ADC1_2_IRQHandler                        0x0800c17f   Thumb Code     0  startup_stm32f10x_cl.o(.text)
    CAN1_RX0_IRQHandler                      0x0800c17f   Thumb Code     0  startup_stm32f10x_cl.o(.text)
    CAN1_RX1_IRQHandler                      0x0800c17f   Thumb Code     0  startup_stm32f10x_cl.o(.text)
    CAN1_SCE_IRQHandler                      0x0800c17f   Thumb Code     0  startup_stm32f10x_cl.o(.text)
    CAN1_TX_IRQHandler                       0x0800c17f   Thumb Code     0  startup_stm32f10x_cl.o(.text)
    CAN2_RX0_IRQHandler                      0x0800c17f   Thumb Code     0  startup_stm32f10x_cl.o(.text)
    CAN2_RX1_IRQHandler                      0x0800c17f   Thumb Code     0  startup_stm32f10x_cl.o(.text)
    CAN2_SCE_IRQHandler                      0x0800c17f   Thumb Code     0  startup_stm32f10x_cl.o(.text)
    CAN2_TX_IRQHandler                       0x0800c17f   Thumb Code     0  startup_stm32f10x_cl.o(.text)
    DMA1_Channel1_IRQHandler                 0x0800c17f   Thumb Code     0  startup_stm32f10x_cl.o(.text)
    DMA1_Channel2_IRQHandler                 0x0800c17f   Thumb Code     0  startup_stm32f10x_cl.o(.text)
    DMA1_Channel3_IRQHandler                 0x0800c17f   Thumb Code     0  startup_stm32f10x_cl.o(.text)
    DMA1_Channel4_IRQHandler                 0x0800c17f   Thumb Code     0  startup_stm32f10x_cl.o(.text)
    DMA1_Channel5_IRQHandler                 0x0800c17f   Thumb Code     0  startup_stm32f10x_cl.o(.text)
    DMA1_Channel6_IRQHandler                 0x0800c17f   Thumb Code     0  startup_stm32f10x_cl.o(.text)
    DMA1_Channel7_IRQHandler                 0x0800c17f   Thumb Code     0  startup_stm32f10x_cl.o(.text)
    DMA2_Channel1_IRQHandler                 0x0800c17f   Thumb Code     0  startup_stm32f10x_cl.o(.text)
    DMA2_Channel2_IRQHandler                 0x0800c17f   Thumb Code     0  startup_stm32f10x_cl.o(.text)
    DMA2_Channel3_IRQHandler                 0x0800c17f   Thumb Code     0  startup_stm32f10x_cl.o(.text)
    DMA2_Channel4_IRQHandler                 0x0800c17f   Thumb Code     0  startup_stm32f10x_cl.o(.text)
    DMA2_Channel5_IRQHandler                 0x0800c17f   Thumb Code     0  startup_stm32f10x_cl.o(.text)
    ETH_IRQHandler                           0x0800c17f   Thumb Code     0  startup_stm32f10x_cl.o(.text)
    ETH_WKUP_IRQHandler                      0x0800c17f   Thumb Code     0  startup_stm32f10x_cl.o(.text)
    EXTI0_IRQHandler                         0x0800c17f   Thumb Code     0  startup_stm32f10x_cl.o(.text)
    EXTI15_10_IRQHandler                     0x0800c17f   Thumb Code     0  startup_stm32f10x_cl.o(.text)
    EXTI2_IRQHandler                         0x0800c17f   Thumb Code     0  startup_stm32f10x_cl.o(.text)
    EXTI3_IRQHandler                         0x0800c17f   Thumb Code     0  startup_stm32f10x_cl.o(.text)
    EXTI4_IRQHandler                         0x0800c17f   Thumb Code     0  startup_stm32f10x_cl.o(.text)
    EXTI9_5_IRQHandler                       0x0800c17f   Thumb Code     0  startup_stm32f10x_cl.o(.text)
    FLASH_IRQHandler                         0x0800c17f   Thumb Code     0  startup_stm32f10x_cl.o(.text)
    I2C1_ER_IRQHandler                       0x0800c17f   Thumb Code     0  startup_stm32f10x_cl.o(.text)
    I2C1_EV_IRQHandler                       0x0800c17f   Thumb Code     0  startup_stm32f10x_cl.o(.text)
    I2C2_ER_IRQHandler                       0x0800c17f   Thumb Code     0  startup_stm32f10x_cl.o(.text)
    I2C2_EV_IRQHandler                       0x0800c17f   Thumb Code     0  startup_stm32f10x_cl.o(.text)
    OTG_FS_WKUP_IRQHandler                   0x0800c17f   Thumb Code     0  startup_stm32f10x_cl.o(.text)
    PVD_IRQHandler                           0x0800c17f   Thumb Code     0  startup_stm32f10x_cl.o(.text)
    RCC_IRQHandler                           0x0800c17f   Thumb Code     0  startup_stm32f10x_cl.o(.text)
    RTCAlarm_IRQHandler                      0x0800c17f   Thumb Code     0  startup_stm32f10x_cl.o(.text)
    RTC_IRQHandler                           0x0800c17f   Thumb Code     0  startup_stm32f10x_cl.o(.text)
    SPI1_IRQHandler                          0x0800c17f   Thumb Code     0  startup_stm32f10x_cl.o(.text)
    SPI2_IRQHandler                          0x0800c17f   Thumb Code     0  startup_stm32f10x_cl.o(.text)
    SPI3_IRQHandler                          0x0800c17f   Thumb Code     0  startup_stm32f10x_cl.o(.text)
    TAMPER_IRQHandler                        0x0800c17f   Thumb Code     0  startup_stm32f10x_cl.o(.text)
    TIM1_BRK_IRQHandler                      0x0800c17f   Thumb Code     0  startup_stm32f10x_cl.o(.text)
    TIM1_CC_IRQHandler                       0x0800c17f   Thumb Code     0  startup_stm32f10x_cl.o(.text)
    TIM1_TRG_COM_IRQHandler                  0x0800c17f   Thumb Code     0  startup_stm32f10x_cl.o(.text)
    TIM1_UP_IRQHandler                       0x0800c17f   Thumb Code     0  startup_stm32f10x_cl.o(.text)
    TIM4_IRQHandler                          0x0800c17f   Thumb Code     0  startup_stm32f10x_cl.o(.text)
    TIM6_IRQHandler                          0x0800c17f   Thumb Code     0  startup_stm32f10x_cl.o(.text)
    TIM7_IRQHandler                          0x0800c17f   Thumb Code     0  startup_stm32f10x_cl.o(.text)
    UART5_IRQHandler                         0x0800c17f   Thumb Code     0  startup_stm32f10x_cl.o(.text)
    USART1_IRQHandler                        0x0800c17f   Thumb Code     0  startup_stm32f10x_cl.o(.text)
    USART3_IRQHandler                        0x0800c17f   Thumb Code     0  startup_stm32f10x_cl.o(.text)
    __aeabi_memcpy                           0x0800c189   Thumb Code    36  memcpya.o(.text)
    __aeabi_memcpy4                          0x0800c189   Thumb Code     0  memcpya.o(.text)
    __aeabi_memcpy8                          0x0800c189   Thumb Code     0  memcpya.o(.text)
    __aeabi_memset                           0x0800c1ad   Thumb Code    14  memseta.o(.text)
    __aeabi_memset4                          0x0800c1ad   Thumb Code     0  memseta.o(.text)
    __aeabi_memset8                          0x0800c1ad   Thumb Code     0  memseta.o(.text)
    __aeabi_memclr                           0x0800c1bb   Thumb Code     4  memseta.o(.text)
    __aeabi_memclr4                          0x0800c1bb   Thumb Code     0  memseta.o(.text)
    __aeabi_memclr8                          0x0800c1bb   Thumb Code     0  memseta.o(.text)
    _memset$wrapper                          0x0800c1bf   Thumb Code    20  memseta.o(.text)
    __aeabi_uldivmod                         0x0800c1d3   Thumb Code    98  uldiv.o(.text)
    __scatterload                            0x0800c235   Thumb Code    28  init.o(.text)
    __scatterload_rt2                        0x0800c235   Thumb Code     0  init.o(.text)
    __aeabi_llsl                             0x0800c259   Thumb Code    30  llshl.o(.text)
    _ll_shift_l                              0x0800c259   Thumb Code     0  llshl.o(.text)
    __aeabi_llsr                             0x0800c277   Thumb Code    32  llushr.o(.text)
    _ll_ushift_r                             0x0800c277   Thumb Code     0  llushr.o(.text)
    __decompress                             0x0800c297   Thumb Code     0  __dczerorl2.o(.text)
    __decompress1                            0x0800c297   Thumb Code    92  __dczerorl2.o(.text)
    BusFault_Handler                         0x0800c385   Thumb Code     2  stm32fxxx_it.o(i.BusFault_Handler)
    Busy_Check                               0x0800c389   Thumb Code    18  spi_flash.o(i.Busy_Check)
    DebugMon_Handler                         0x0800c39b   Thumb Code     2  stm32fxxx_it.o(i.DebugMon_Handler)
    EXTI1_IRQHandler                         0x0800c39d   Thumb Code    34  stm32fxxx_it.o(i.EXTI1_IRQHandler)
    EXTI_ClearITPendingBit                   0x0800c3c5   Thumb Code     6  stm32f10x_exti.o(i.EXTI_ClearITPendingBit)
    EXTI_GetITStatus                         0x0800c3d1   Thumb Code    28  stm32f10x_exti.o(i.EXTI_GetITStatus)
    EXTI_Init                                0x0800c3f1   Thumb Code   108  stm32f10x_exti.o(i.EXTI_Init)
    GPIO_EXTILineConfig                      0x0800c461   Thumb Code    34  stm32f10x_gpio.o(i.GPIO_EXTILineConfig)
    GPIO_Init                                0x0800c489   Thumb Code   164  stm32f10x_gpio.o(i.GPIO_Init)
    GPIO_PinRemapConfig                      0x0800c52d   Thumb Code    82  stm32f10x_gpio.o(i.GPIO_PinRemapConfig)
    GPIO_ReadInputDataBit                    0x0800c585   Thumb Code    14  stm32f10x_gpio.o(i.GPIO_ReadInputDataBit)
    GPIO_ResetBits                           0x0800c593   Thumb Code     4  stm32f10x_gpio.o(i.GPIO_ResetBits)
    GPIO_SetBits                             0x0800c597   Thumb Code     4  stm32f10x_gpio.o(i.GPIO_SetBits)
    GPIO_WriteBit                            0x0800c59b   Thumb Code    10  stm32f10x_gpio.o(i.GPIO_WriteBit)
    GetHZDot                                 0x0800c5a5   Thumb Code    32  ziku.o(i.GetHZDot)
    HCD_GetURB_State                         0x0800c5c5   Thumb Code     8  usb_hcd.o(i.HCD_GetURB_State)
    HCD_GetXferCnt                           0x0800c5cd   Thumb Code    10  usb_hcd.o(i.HCD_GetXferCnt)
    HCD_Init                                 0x0800c5d7   Thumb Code    86  usb_hcd.o(i.HCD_Init)
    HCD_IsDeviceConnected                    0x0800c62d   Thumb Code     6  usb_hcd.o(i.HCD_IsDeviceConnected)
    HCD_SubmitRequest                        0x0800c633   Thumb Code    20  usb_hcd.o(i.HCD_SubmitRequest)
    HardFault_Handler                        0x0800c647   Thumb Code     2  stm32fxxx_it.o(i.HardFault_Handler)
    LCD_Clear                                0x0800c649   Thumb Code    50  stm3210c_eval_lcd.o(i.LCD_Clear)
    LCD_ClearLine                            0x0800c681   Thumb Code    44  stm3210c_eval_lcd.o(i.LCD_ClearLine)
    LCD_CtrlLinesConfig                      0x0800c6b1   Thumb Code    38  stm3210c_eval_lcd.o(i.LCD_CtrlLinesConfig)
    LCD_CtrlLinesWrite                       0x0800c6dd   Thumb Code     4  stm3210c_eval_lcd.o(i.LCD_CtrlLinesWrite)
    LCD_DisplayChar                          0x0800c6e1   Thumb Code    26  stm3210c_eval_lcd.o(i.LCD_DisplayChar)
    LCD_DisplayStringLine                    0x0800c701   Thumb Code    56  stm3210c_eval_lcd.o(i.LCD_DisplayStringLine)
    LCD_DrawChar                             0x0800c73d   Thumb Code   132  stm3210c_eval_lcd.o(i.LCD_DrawChar)
    LCD_GetFont                              0x0800c7c9   Thumb Code     6  stm3210c_eval_lcd.o(i.LCD_GetFont)
    LCD_LOG_ClearTextZone                    0x0800c7d5   Thumb Code    38  lcd_log.o(i.LCD_LOG_ClearTextZone)
    LCD_LOG_DeInit                           0x0800c7fd   Thumb Code    34  lcd_log.o(i.LCD_LOG_DeInit)
    LCD_LOG_Init                             0x0800c825   Thumb Code    16  lcd_log.o(i.LCD_LOG_Init)
    LCD_LOG_SetFooter                        0x0800c835   Thumb Code   100  lcd_log.o(i.LCD_LOG_SetFooter)
    LCD_LOG_SetHeader                        0x0800c899   Thumb Code   136  lcd_log.o(i.LCD_LOG_SetHeader)
    LCD_ReadReg                              0x0800c9c9   Thumb Code   184  stm3210c_eval_lcd.o(i.LCD_ReadReg)
    LCD_SPIConfig                            0x0800ca89   Thumb Code   158  stm3210c_eval_lcd.o(i.LCD_SPIConfig)
    LCD_SetBackColor                         0x0800cb35   Thumb Code     6  stm3210c_eval_lcd.o(i.LCD_SetBackColor)
    LCD_SetCursor                            0x0800cb41   Thumb Code    24  stm3210c_eval_lcd.o(i.LCD_SetCursor)
    LCD_SetFont                              0x0800cb59   Thumb Code     6  stm3210c_eval_lcd.o(i.LCD_SetFont)
    LCD_SetTextColor                         0x0800cb65   Thumb Code     6  stm3210c_eval_lcd.o(i.LCD_SetTextColor)
    LCD_Setup                                0x0800cb71   Thumb Code  1030  stm3210c_eval_lcd.o(i.LCD_Setup)
    LCD_WriteRAM                             0x0800cf79   Thumb Code    48  stm3210c_eval_lcd.o(i.LCD_WriteRAM)
    LCD_WriteRAM_Prepare                     0x0800cfad   Thumb Code    18  stm3210c_eval_lcd.o(i.LCD_WriteRAM_Prepare)
    LCD_WriteReg                             0x0800cfc1   Thumb Code    70  stm3210c_eval_lcd.o(i.LCD_WriteReg)
    LCD_WriteRegIndex                        0x0800d011   Thumb Code    66  stm3210c_eval_lcd.o(i.LCD_WriteRegIndex)
    LCD_nCS_StartByte                        0x0800d05d   Thumb Code    38  stm3210c_eval_lcd.o(i.LCD_nCS_StartByte)
    LED_DispString                           0x0800d08d   Thumb Code   562  led_screen.o(i.LED_DispString)
    LED_ScrollDispHZ                         0x0800d2d5   Thumb Code   686  led_screen.o(i.LED_ScrollDispHZ)
    MemManage_Handler                        0x0800d599   Thumb Code     2  stm32fxxx_it.o(i.MemManage_Handler)
    NMI_Handler                              0x0800d59b   Thumb Code     2  stm32fxxx_it.o(i.NMI_Handler)
    NVIC_Init                                0x0800d59d   Thumb Code    92  misc.o(i.NVIC_Init)
    NVIC_PriorityGroupConfig                 0x0800d601   Thumb Code    10  misc.o(i.NVIC_PriorityGroupConfig)
    NVIC_SetVectorTable                      0x0800d615   Thumb Code    12  misc.o(i.NVIC_SetVectorTable)
    OTG_FS_IRQHandler                        0x0800d629   Thumb Code     6  stm32fxxx_it.o(i.OTG_FS_IRQHandler)
    PendSV_Handler                           0x0800d635   Thumb Code     2  stm32fxxx_it.o(i.PendSV_Handler)
    RCC_AHBPeriphClockCmd                    0x0800d639   Thumb Code    18  stm32f10x_rcc.o(i.RCC_AHBPeriphClockCmd)
    RCC_APB1PeriphClockCmd                   0x0800d651   Thumb Code    18  stm32f10x_rcc.o(i.RCC_APB1PeriphClockCmd)
    RCC_APB1PeriphResetCmd                   0x0800d669   Thumb Code    18  stm32f10x_rcc.o(i.RCC_APB1PeriphResetCmd)
    RCC_APB2PeriphClockCmd                   0x0800d681   Thumb Code    18  stm32f10x_rcc.o(i.RCC_APB2PeriphClockCmd)
    RCC_APB2PeriphResetCmd                   0x0800d699   Thumb Code    18  stm32f10x_rcc.o(i.RCC_APB2PeriphResetCmd)
    RCC_OTGFSCLKConfig                       0x0800d6b1   Thumb Code     6  stm32f10x_rcc.o(i.RCC_OTGFSCLKConfig)
    RDSR                                     0x0800d6bd   Thumb Code    36  spi_flash.o(i.RDSR)
    Remote_Scan                              0x0800d6e5   Thumb Code    86  remote.o(i.Remote_Scan)
    SPI_Cmd                                  0x0800d741   Thumb Code    20  stm32f10x_spi.o(i.SPI_Cmd)
    SPI_Flash_Init                           0x0800d755   Thumb Code   156  spi_flash.o(i.SPI_Flash_Init)
    SPI_Flash_ReadByte                       0x0800d7f9   Thumb Code     6  spi_flash.o(i.SPI_Flash_ReadByte)
    SPI_Flash_SendByte                       0x0800d801   Thumb Code    48  spi_flash.o(i.SPI_Flash_SendByte)
    SPI_I2S_DeInit                           0x0800d835   Thumb Code    72  stm32f10x_spi.o(i.SPI_I2S_DeInit)
    SPI_I2S_GetFlagStatus                    0x0800d889   Thumb Code    14  stm32f10x_spi.o(i.SPI_I2S_GetFlagStatus)
    SPI_I2S_ReceiveData                      0x0800d897   Thumb Code     4  stm32f10x_spi.o(i.SPI_I2S_ReceiveData)
    SPI_I2S_SendData                         0x0800d89b   Thumb Code     4  stm32f10x_spi.o(i.SPI_I2S_SendData)
    SPI_Init                                 0x0800d89f   Thumb Code    56  stm32f10x_spi.o(i.SPI_Init)
    SST25_R_BLOCK                            0x0800d8d9   Thumb Code    84  spi_flash.o(i.SST25_R_BLOCK)
    SST25_W_BLOCK                            0x0800d931   Thumb Code   158  spi_flash.o(i.SST25_W_BLOCK)
    STM3210C_LCD_Init                        0x0800d9d5   Thumb Code    16  stm3210c_eval_lcd.o(i.STM3210C_LCD_Init)
    STM_EVAL_LEDInit                         0x0800d9e9   Thumb Code    54  stm3210c_eval.o(i.STM_EVAL_LEDInit)
    STM_EVAL_PBGetState                      0x0800da29   Thumb Code    16  stm3210c_eval.o(i.STM_EVAL_PBGetState)
    STM_EVAL_PBInit                          0x0800da41   Thumb Code   154  stm3210c_eval.o(i.STM_EVAL_PBInit)
    SVC_Handler                              0x0800dae5   Thumb Code     2  stm32fxxx_it.o(i.SVC_Handler)
    ScrollRefreshLEDScreen                   0x0800dae9   Thumb Code   258  led_screen.o(i.ScrollRefreshLEDScreen)
    ScrollRefreshLEDScreen1                  0x0800dc05   Thumb Code   236  led_screen.o(i.ScrollRefreshLEDScreen1)
    Sector_Erase_4K                          0x0800dd09   Thumb Code    66  spi_flash.o(i.Sector_Erase_4K)
    ShT_LEDBoard_ColShiftOut                 0x0800de09   Thumb Code    76  led_screen.o(i.ShT_LEDBoard_ColShiftOut)
    ShT_LEDBoard_RowShiftOut                 0x0800de59   Thumb Code    52  led_screen.o(i.ShT_LEDBoard_RowShiftOut)
    SystemInit                               0x0800de91   Thumb Code    82  system_stm32f10x.o(i.SystemInit)
    TIM2_IRQHandler                          0x0800dfd5   Thumb Code     4  stm32fxxx_it.o(i.TIM2_IRQHandler)
    TIM3_IRQHandler                          0x0800dfd9   Thumb Code   236  remote.o(i.TIM3_IRQHandler)
    TIM5_IRQHandler                          0x0800e0d1   Thumb Code    62  timer.o(i.TIM5_IRQHandler)
    TIM_ARRPreloadConfig                     0x0800e119   Thumb Code    20  stm32f10x_tim.o(i.TIM_ARRPreloadConfig)
    TIM_ClearFlag                            0x0800e12d   Thumb Code     6  stm32f10x_tim.o(i.TIM_ClearFlag)
    TIM_ClearITPendingBit                    0x0800e133   Thumb Code     6  stm32f10x_tim.o(i.TIM_ClearITPendingBit)
    TIM_Cmd                                  0x0800e139   Thumb Code    20  stm32f10x_tim.o(i.TIM_Cmd)
    TIM_GetCapture3                          0x0800e14d   Thumb Code     4  stm32f10x_tim.o(i.TIM_GetCapture3)
    TIM_GetITStatus                          0x0800e151   Thumb Code    22  stm32f10x_tim.o(i.TIM_GetITStatus)
    TIM_ICInit                               0x0800e169   Thumb Code   270  stm32f10x_tim.o(i.TIM_ICInit)
    TIM_ITConfig                             0x0800e28d   Thumb Code    16  stm32f10x_tim.o(i.TIM_ITConfig)
    TIM_OC3PolarityConfig                    0x0800e29d   Thumb Code    14  stm32f10x_tim.o(i.TIM_OC3PolarityConfig)
    TIM_SetCounter                           0x0800e2ab   Thumb Code     4  stm32f10x_tim.o(i.TIM_SetCounter)
    TIM_SetIC1Prescaler                      0x0800e2af   Thumb Code    16  stm32f10x_tim.o(i.TIM_SetIC1Prescaler)
    TIM_SetIC2Prescaler                      0x0800e2bf   Thumb Code    18  stm32f10x_tim.o(i.TIM_SetIC2Prescaler)
    TIM_SetIC3Prescaler                      0x0800e2d1   Thumb Code    16  stm32f10x_tim.o(i.TIM_SetIC3Prescaler)
    TIM_SetIC4Prescaler                      0x0800e2e1   Thumb Code    18  stm32f10x_tim.o(i.TIM_SetIC4Prescaler)
    TIM_TimeBaseInit                         0x0800e2f5   Thumb Code   114  stm32f10x_tim.o(i.TIM_TimeBaseInit)
    UART4_IRQHandler                         0x0800e391   Thumb Code     2  stm32fxxx_it.o(i.UART4_IRQHandler)
    USART2_IRQHandler                        0x0800e393   Thumb Code     2  stm32fxxx_it.o(i.USART2_IRQHandler)
    USBH_Alloc_Channel                       0x0800e395   Thumb Code    52  usbh_hcs.o(i.USBH_Alloc_Channel)
    USBH_BulkReceiveData                     0x0800e3c9   Thumb Code    40  usbh_ioreq.o(i.USBH_BulkReceiveData)
    USBH_BulkSendData                        0x0800e3f1   Thumb Code    46  usbh_ioreq.o(i.USBH_BulkSendData)
    USBH_ClrFeature                          0x0800e41f   Thumb Code    46  usbh_stdreq.o(i.USBH_ClrFeature)
    USBH_Connected                           0x0800e44d   Thumb Code    10  usbh_core.o(i.USBH_Connected)
    USBH_CtlReq                              0x0800e457   Thumb Code    70  usbh_ioreq.o(i.USBH_CtlReq)
    USBH_DeInit                              0x0800e49d   Thumb Code    52  usbh_core.o(i.USBH_DeInit)
    USBH_Disconnected                        0x0800e4d1   Thumb Code    10  usbh_core.o(i.USBH_Disconnected)
    USBH_Free_Channel                        0x0800e4db   Thumb Code    26  usbh_hcs.o(i.USBH_Free_Channel)
    USBH_Init                                0x0800e4f5   Thumb Code    64  usbh_core.o(i.USBH_Init)
    USBH_MSC_BOT_Abort                       0x0800e535   Thumb Code    48  usbh_msc_bot.o(i.USBH_MSC_BOT_Abort)
    USBH_MSC_DecodeCSW                       0x0800e579   Thumb Code    78  usbh_msc_bot.o(i.USBH_MSC_DecodeCSW)
    USBH_MSC_ErrorHandle                     0x0800e5d5   Thumb Code    42  usbh_msc_core.o(i.USBH_MSC_ErrorHandle)
    USBH_MSC_HandleBOTXfer                   0x0800e771   Thumb Code   528  usbh_msc_bot.o(i.USBH_MSC_HandleBOTXfer)
    USBH_MSC_Init                            0x0800e98d   Thumb Code    40  usbh_msc_bot.o(i.USBH_MSC_Init)
    USBH_MSC_ModeSense6                      0x0800eaa1   Thumb Code   142  usbh_msc_scsi.o(i.USBH_MSC_ModeSense6)
    USBH_MSC_Read10                          0x0800eb3d   Thumb Code   208  usbh_msc_scsi.o(i.USBH_MSC_Read10)
    USBH_MSC_ReadCapacity10                  0x0800ec19   Thumb Code   148  usbh_msc_scsi.o(i.USBH_MSC_ReadCapacity10)
    USBH_MSC_RequestSense                    0x0800ecb9   Thumb Code   146  usbh_msc_scsi.o(i.USBH_MSC_RequestSense)
    USBH_MSC_TestUnitReady                   0x0800ed59   Thumb Code   116  usbh_msc_scsi.o(i.USBH_MSC_TestUnitReady)
    USBH_MSC_Write10                         0x0800edd9   Thumb Code   158  usbh_msc_scsi.o(i.USBH_MSC_Write10)
    USBH_OTG_ISR_Handler                     0x0800ee81   Thumb Code   168  usb_hcd_int.o(i.USBH_OTG_ISR_Handler)
    USBH_Open_Channel                        0x0800ef29   Thumb Code    82  usbh_hcs.o(i.USBH_Open_Channel)
    USBH_SOF                                 0x0800ef7b   Thumb Code     4  usbh_core.o(i.USBH_SOF)
    USBH_USR_Configuration_DescAvailable     0x0800ef81   Thumb Code    34  usbh_usr.o(i.USBH_USR_Configuration_DescAvailable)
    USBH_USR_DeInit                          0x0800efad   Thumb Code     8  usbh_usr.o(i.USBH_USR_DeInit)
    USBH_USR_DeviceAddressAssigned           0x0800efb9   Thumb Code     2  usbh_usr.o(i.USBH_USR_DeviceAddressAssigned)
    USBH_USR_DeviceAttached                  0x0800efbd   Thumb Code    14  usbh_usr.o(i.USBH_USR_DeviceAttached)
    USBH_USR_DeviceDisconnected              0x0800efd5   Thumb Code    50  usbh_usr.o(i.USBH_USR_DeviceDisconnected)
    USBH_USR_DeviceNotSupported              0x0800f041   Thumb Code    30  usbh_usr.o(i.USBH_USR_DeviceNotSupported)
    USBH_USR_DeviceSpeedDetected             0x0800f085   Thumb Code    46  usbh_usr.o(i.USBH_USR_DeviceSpeedDetected)
    USBH_USR_Device_DescAvailable            0x0800f0bd   Thumb Code    34  usbh_usr.o(i.USBH_USR_Device_DescAvailable)
    USBH_USR_EnumerationDone                 0x0800f105   Thumb Code    50  usbh_usr.o(i.USBH_USR_EnumerationDone)
    USBH_USR_Init                            0x0800f18d   Thumb Code    86  usbh_usr.o(i.USBH_USR_Init)
    USBH_USR_MSC_Application                 0x0800f245   Thumb Code   234  usbh_usr.o(i.USBH_USR_MSC_Application)
    USBH_USR_Manufacturer_String             0x0800f355   Thumb Code    16  usbh_usr.o(i.USBH_USR_Manufacturer_String)
    USBH_USR_OverCurrentDetected             0x0800f37d   Thumb Code    30  usbh_usr.o(i.USBH_USR_OverCurrentDetected)
    USBH_USR_Product_String                  0x0800f3c1   Thumb Code    16  usbh_usr.o(i.USBH_USR_Product_String)
    USBH_USR_ResetDevice                     0x0800f3e5   Thumb Code     2  usbh_usr.o(i.USBH_USR_ResetDevice)
    USBH_USR_SerialNum_String                0x0800f3e9   Thumb Code    16  usbh_usr.o(i.USBH_USR_SerialNum_String)
    USBH_USR_UnrecoveredError                0x0800f411   Thumb Code    30  usbh_usr.o(i.USBH_USR_UnrecoveredError)
    USBH_USR_UserInput                       0x0800f441   Thumb Code    18  usbh_usr.o(i.USBH_USR_UserInput)
    USB_OTG_BSP_ConfigVBUS                   0x0800f455   Thumb Code    56  usb_bsp.o(i.USB_OTG_BSP_ConfigVBUS)
    USB_OTG_BSP_DriveVBUS                    0x0800f491   Thumb Code    18  usb_bsp.o(i.USB_OTG_BSP_DriveVBUS)
    USB_OTG_BSP_EnableInterrupt              0x0800f4a9   Thumb Code    40  usb_bsp.o(i.USB_OTG_BSP_EnableInterrupt)
    USB_OTG_BSP_Init                         0x0800f4d1   Thumb Code    60  usb_bsp.o(i.USB_OTG_BSP_Init)
    USB_OTG_BSP_TimerIRQ                     0x0800f50d   Thumb Code    50  usb_bsp.o(i.USB_OTG_BSP_TimerIRQ)
    USB_OTG_BSP_mDelay                       0x0800f545   Thumb Code     6  usb_bsp.o(i.USB_OTG_BSP_mDelay)
    USB_OTG_BSP_uDelay                       0x0800f54b   Thumb Code     6  usb_bsp.o(i.USB_OTG_BSP_uDelay)
    USB_OTG_CoreInit                         0x0800f551   Thumb Code   128  usb_core.o(i.USB_OTG_CoreInit)
    USB_OTG_CoreInitHost                     0x0800f5d1   Thumb Code   166  usb_core.o(i.USB_OTG_CoreInitHost)
    USB_OTG_DisableGlobalInt                 0x0800f6d1   Thumb Code    16  usb_core.o(i.USB_OTG_DisableGlobalInt)
    USB_OTG_DriveVbus                        0x0800f6e1   Thumb Code    60  usb_core.o(i.USB_OTG_DriveVbus)
    USB_OTG_EnableGlobalInt                  0x0800f71d   Thumb Code    16  usb_core.o(i.USB_OTG_EnableGlobalInt)
    USB_OTG_EnableHostInt                    0x0800f72d   Thumb Code    66  usb_core.o(i.USB_OTG_EnableHostInt)
    USB_OTG_FlushRxFifo                      0x0800f775   Thumb Code    52  usb_core.o(i.USB_OTG_FlushRxFifo)
    USB_OTG_FlushTxFifo                      0x0800f7ad   Thumb Code    60  usb_core.o(i.USB_OTG_FlushTxFifo)
    USB_OTG_HC_DoPing                        0x0800f7ed   Thumb Code    42  usb_core.o(i.USB_OTG_HC_DoPing)
    USB_OTG_HC_Halt                          0x0800f817   Thumb Code    60  usb_core.o(i.USB_OTG_HC_Halt)
    USB_OTG_HC_Init                          0x0800f855   Thumb Code   230  usb_core.o(i.USB_OTG_HC_Init)
    USB_OTG_HC_StartXfer                     0x0800f93b   Thumb Code   258  usb_core.o(i.USB_OTG_HC_StartXfer)
    USB_OTG_InitFSLSPClkSel                  0x0800fa3d   Thumb Code    12  usb_core.o(i.USB_OTG_InitFSLSPClkSel)
    USB_OTG_IsEvenFrame                      0x0800fa49   Thumb Code    12  usb_core.o(i.USB_OTG_IsEvenFrame)
    USB_OTG_IsHostMode                       0x0800fa55   Thumb Code    16  usb_core.o(i.USB_OTG_IsHostMode)
    USB_OTG_ReadCoreItr                      0x0800fa65   Thumb Code    10  usb_core.o(i.USB_OTG_ReadCoreItr)
    USB_OTG_ReadHPRT0                        0x0800fa6f   Thumb Code    12  usb_core.o(i.USB_OTG_ReadHPRT0)
    USB_OTG_ReadHostAllChannels_intr         0x0800fa7b   Thumb Code     6  usb_core.o(i.USB_OTG_ReadHostAllChannels_intr)
    USB_OTG_ReadPacket                       0x0800fa81   Thumb Code    32  usb_core.o(i.USB_OTG_ReadPacket)
    USB_OTG_ResetPort                        0x0800faa1   Thumb Code    42  usb_core.o(i.USB_OTG_ResetPort)
    USB_OTG_SelectCore                       0x0800facd   Thumb Code   188  usb_core.o(i.USB_OTG_SelectCore)
    USB_OTG_SetCurrentMode                   0x0800fb8d   Thumb Code    42  usb_core.o(i.USB_OTG_SetCurrentMode)
    USB_OTG_WritePacket                      0x08010959   Thumb Code    40  usb_core.o(i.USB_OTG_WritePacket)
    UsageFault_Handler                       0x08010981   Thumb Code     2  stm32fxxx_it.o(i.UsageFault_Handler)
    WRDI                                     0x08010985   Thumb Code    34  spi_flash.o(i.WRDI)
    WREN                                     0x080109ad   Thumb Code    30  spi_flash.o(i.WREN)
    WRSR                                     0x080109d1   Thumb Code    62  spi_flash.o(i.WRSR)
    WWDG_ClearFlag                           0x08010a15   Thumb Code     8  stm32f10x_wwdg.o(i.WWDG_ClearFlag)
    WWDG_Enable                              0x08010a21   Thumb Code    10  stm32f10x_wwdg.o(i.WWDG_Enable)
    WWDG_EnableIT                            0x08010a31   Thumb Code     8  stm32f10x_wwdg.o(i.WWDG_EnableIT)
    WWDG_IRQHandler                          0x08010a3d   Thumb Code    76  wwdg.o(i.WWDG_IRQHandler)
    WWDG_SetCounter                          0x08010a91   Thumb Code    10  stm32f10x_wwdg.o(i.WWDG_SetCounter)
    WWDG_SetPrescaler                        0x08010aa1   Thumb Code    14  stm32f10x_wwdg.o(i.WWDG_SetPrescaler)
    WWDG_SetWindowValue                      0x08010ab5   Thumb Code    18  stm32f10x_wwdg.o(i.WWDG_SetWindowValue)
    __0printf$8                              0x08010acd   Thumb Code    22  printf8.o(i.__0printf$8)
    __1printf$8                              0x08010acd   Thumb Code     0  printf8.o(i.__0printf$8)
    __2printf                                0x08010acd   Thumb Code     0  printf8.o(i.__0printf$8)
    __scatterload_copy                       0x08010aed   Thumb Code    14  handlers.o(i.__scatterload_copy)
    __scatterload_null                       0x08010afb   Thumb Code     2  handlers.o(i.__scatterload_null)
    __scatterload_zeroinit                   0x08010afd   Thumb Code    14  handlers.o(i.__scatterload_zeroinit)
    add_line_info                            0x08010f83   Thumb Code    78  main.o(i.add_line_info)
    alloc_memory                             0x08010fd1   Thumb Code    28  main.o(i.alloc_memory)
    ascii_to_gbk_code                        0x08010ff1   Thumb Code   106  main.o(i.ascii_to_gbk_code)
    chk_mounted                              0x080110bd   Thumb Code   452  ff.o(i.chk_mounted)
    clust2sect                               0x0801128d   Thumb Code    24  ff.o(i.clust2sect)
    cpu_run                                  0x080112a5   Thumb Code     8  main.o(i.cpu_run)
    cpu_stop                                 0x080112b1   Thumb Code     8  main.o(i.cpu_stop)
    disk_initialize                          0x08011635   Thumb Code    24  usbh_msc_fatfs.o(i.disk_initialize)
    disk_ioctl                               0x08011655   Thumb Code    56  usbh_msc_fatfs.o(i.disk_ioctl)
    disk_read                                0x08011695   Thumb Code    86  usbh_msc_fatfs.o(i.disk_read)
    disk_status                              0x080116f9   Thumb Code    12  usbh_msc_fatfs.o(i.disk_status)
    disk_write                               0x08011709   Thumb Code    96  usbh_msc_fatfs.o(i.disk_write)
    f_close                                  0x08011775   Thumb Code    18  ff.o(i.f_close)
    f_mount                                  0x08011789   Thumb Code    34  ff.o(i.f_mount)
    f_open                                   0x080117b1   Thumb Code   330  ff.o(i.f_open)
    f_read                                   0x080118fb   Thumb Code   350  ff.o(i.f_read)
    f_sync                                   0x08011a59   Thumb Code   164  ff.o(i.f_sync)
    flash_run                                0x08011afd   Thumb Code    10  main.o(i.flash_run)
    flash_stop                               0x08011b0d   Thumb Code    10  main.o(i.flash_stop)
    fputc                                    0x08011bd9   Thumb Code   236  lcd_log.o(i.fputc)
    get_brake_state                          0x08011ccd   Thumb Code    20  main.o(i.get_brake_state)
    get_cfg_from_flash                       0x08011ce5   Thumb Code   118  main.o(i.get_cfg_from_flash)
    get_disp_state                           0x08011d61   Thumb Code   272  main.o(i.get_disp_state)
    get_fat                                  0x08011e79   Thumb Code   180  ff.o(i.get_fat)
    get_fattime                              0x08011f2d   Thumb Code     4  fattime.o(i.get_fattime)
    get_left_state                           0x08011f31   Thumb Code    18  main.o(i.get_left_state)
    get_light_state                          0x08011f49   Thumb Code    18  main.o(i.get_light_state)
    get_line_from_flash                      0x08011f61   Thumb Code    40  main.o(i.get_line_from_flash)
    get_line_name                            0x08011f91   Thumb Code    68  main.o(i.get_line_name)
    get_right_state                          0x08011fd5   Thumb Code    18  main.o(i.get_right_state)
    gpio_init                                0x08011fed   Thumb Code   156  main.o(i.gpio_init)
    judget_extern_signal                     0x08012095   Thumb Code    70  led_screen.o(i.judget_extern_signal)
    key_process                              0x080120e1   Thumb Code   460  main.o(i.key_process)
    main                                     0x080122b5   Thumb Code   136  main.o(i.main)
    malloc                                   0x08012355   Thumb Code    92  malloc.o(i.malloc)
    put_fat                                  0x0801244b   Thumb Code   240  ff.o(i.put_fat)
    refresh_display_type                     0x0801253d   Thumb Code   270  main.o(i.refresh_display_type)
    remote_init                              0x08012659   Thumb Code   178  remote.o(i.remote_init)
    save_currentline_num                     0x0801277b   Thumb Code    48  main.o(i.save_currentline_num)
    static_move_disp                         0x080127ad   Thumb Code   142  main.o(i.static_move_disp)
    wwdg_init                                0x0801291d   Thumb Code    96  wwdg.o(i.wwdg_init)
    MSG_DEV_ATTACHED                         0x08012998   Data          20  usbh_usr.o(.constdata)
    MSG_DEV_DISCONNECTED                     0x080129ac   Data          23  usbh_usr.o(.constdata)
    MSG_DEV_ENUMERATED                       0x080129c3   Data          26  usbh_usr.o(.constdata)
    MSG_DEV_HIGHSPEED                        0x080129dd   Data          30  usbh_usr.o(.constdata)
    MSG_DEV_FULLSPEED                        0x080129fb   Data          30  usbh_usr.o(.constdata)
    MSG_DEV_LOWSPEED                         0x08012a19   Data          29  usbh_usr.o(.constdata)
    MSG_DEV_ERROR                            0x08012a36   Data          17  usbh_usr.o(.constdata)
    MSG_MSC_CLASS                            0x08012a47   Data          33  usbh_usr.o(.constdata)
    MSG_HID_CLASS                            0x08012a68   Data          24  usbh_usr.o(.constdata)
    MSG_UNREC_ERROR                          0x08012a80   Data          27  usbh_usr.o(.constdata)
    COM_TX_PIN                               0x08013160   Data           2  stm3210c_eval.o(.constdata)
    COM_RX_PIN                               0x08013162   Data           2  stm3210c_eval.o(.constdata)
    COM_USART_CLK                            0x08013164   Data           4  stm3210c_eval.o(.constdata)
    COM_TX_PORT_CLK                          0x08013168   Data           4  stm3210c_eval.o(.constdata)
    COM_RX_PORT_CLK                          0x0801316c   Data           4  stm3210c_eval.o(.constdata)
    BUTTON_PIN                               0x08013170   Data           6  stm3210c_eval.o(.constdata)
    BUTTON_EXTI_LINE                         0x08013176   Data           6  stm3210c_eval.o(.constdata)
    BUTTON_PORT_SOURCE                       0x0801317c   Data           6  stm3210c_eval.o(.constdata)
    BUTTON_PIN_SOURCE                        0x08013182   Data           6  stm3210c_eval.o(.constdata)
    BUTTON_IRQn                              0x08013188   Data           6  stm3210c_eval.o(.constdata)
    GPIO_PIN                                 0x0801318e   Data           8  stm3210c_eval.o(.constdata)
    GPIO_CLK                                 0x08013198   Data          16  stm3210c_eval.o(.constdata)
    BUTTON_CLK                               0x080131a8   Data          12  stm3210c_eval.o(.constdata)
    ASCII16x24_Table                         0x080131b4   Data        4560  stm3210c_eval_lcd.o(.constdata)
    ASCII12x12_Table                         0x08014384   Data        2304  stm3210c_eval_lcd.o(.constdata)
    ASCII8x12_Table                          0x08014c84   Data        2304  stm3210c_eval_lcd.o(.constdata)
    Region$$Table$$Base                      0x08015584   Number         0  anon$$obj.o(Region$$Table)
    Region$$Table$$Limit                     0x080155a4   Number         0  anon$$obj.o(Region$$Table)
    BSP_delay                                0x20000000   Data           4  usb_bsp.o(.data)
    c_MaxColByte                             0x20000004   Data           1  main.o(.data)
    led_type                                 0x20000005   Data           1  main.o(.data)
    LED_OK                                   0x20000006   Data           1  main.o(.data)
    key_value                                0x20000007   Data           1  main.o(.data)
    on_off_flag                              0x20000008   Data           1  main.o(.data)
    num_key_press_flag                       0x20000009   Data           1  main.o(.data)
    turn_key_press_flag                      0x2000000a   Data           1  main.o(.data)
    key_count                                0x2000000b   Data           1  main.o(.data)
    key_count_copy                           0x2000000c   Data           1  main.o(.data)
    bflag                                    0x2000000d   Data           1  main.o(.data)
    message_state                            0x2000000e   Data           1  main.o(.data)
    line_count                               0x2000000f   Data           2  main.o(.data)
    brightness                               0x20000014   Data           4  main.o(.data)
    key_num                                  0x20000018   Data           4  main.o(.data)
    ucLEDDisplayMemory                       0x2000001c   Data           4  main.o(.data)
    ucColDataBuff                            0x20000020   Data           4  main.o(.data)
    ucDispCMDLeftDataBuff                    0x20000024   Data          64  main.o(.data)
    ucDispCMDRightDataBuff                   0x20000064   Data          64  main.o(.data)
    ucDispCMDBrakeDataBuff                   0x200000a4   Data          64  main.o(.data)
    check_ok                                 0x200000e4   Data           1  main.o(.data)
    USBH_USR_ApplicationState                0x200000e8   Data           1  usbh_usr.o(.data)
    numOfReadBytes                           0x200000ec   Data           4  usbh_usr.o(.data)
    USR_cb                                   0x200000f0   Data          72  usbh_usr.o(.data)
    ucShiftCount                             0x2000013c   Data           1  led_screen.o(.data)
    ZK_Data                                  0x2000013e   Data         238  led_screen.o(.data)
    WWDG_CNT                                 0x2000022c   Data           1  wwdg.o(.data)
    RmtSta                                   0x20000230   Data           1  remote.o(.data)
    RmtCnt                                   0x20000231   Data           1  remote.o(.data)
    keyflag                                  0x20000232   Data           1  remote.o(.data)
    Dval                                     0x20000234   Data           2  remote.o(.data)
    RmtRec                                   0x20000238   Data           4  remote.o(.data)
    USBH_HCD_INT_cb                          0x2000023c   Data          12  usbh_core.o(.data)
    USBH_HCD_INT_fops                        0x20000248   Data           4  usbh_core.o(.data)
    MSCErrorCount                            0x20000264   Data           1  usbh_msc_core.o(.data)
    USBH_MSC_cb                              0x20000268   Data          16  usbh_msc_core.o(.data)
    LCD_CacheBuffer_yptr_invert              0x20000288   Data           1  lcd_log.o(.data)
    LCD_ScrollActive                         0x20000289   Data           1  lcd_log.o(.data)
    LCD_Lock                                 0x2000028a   Data           1  lcd_log.o(.data)
    LCD_Scrolled                             0x2000028b   Data           1  lcd_log.o(.data)
    LCD_LineColor                            0x2000028c   Data           2  lcd_log.o(.data)
    LCD_CacheBuffer_xptr                     0x2000028e   Data           2  lcd_log.o(.data)
    LCD_CacheBuffer_yptr_top                 0x20000290   Data           2  lcd_log.o(.data)
    LCD_CacheBuffer_yptr_bottom              0x20000292   Data           2  lcd_log.o(.data)
    LCD_CacheBuffer_yptr_top_bak             0x20000294   Data           2  lcd_log.o(.data)
    LCD_CacheBuffer_yptr_bottom_bak          0x20000296   Data           2  lcd_log.o(.data)
    LCD_ScrollBackStep                       0x20000298   Data           2  lcd_log.o(.data)
    COM_USART                                0x2000029c   Data           4  stm3210c_eval.o(.data)
    COM_TX_PORT                              0x200002a0   Data           4  stm3210c_eval.o(.data)
    COM_RX_PORT                              0x200002a4   Data           4  stm3210c_eval.o(.data)
    GPIO_PORT                                0x200002a8   Data          16  stm3210c_eval.o(.data)
    BUTTON_PORT                              0x200002b8   Data          12  stm3210c_eval.o(.data)
    TextColor                                0x200002c4   Data           2  stm3210c_eval_lcd.o(.data)
    BackColor                                0x200002c6   Data           2  stm3210c_eval_lcd.o(.data)
    Font16x24                                0x200002cc   Data           8  stm3210c_eval_lcd.o(.data)
    Font12x12                                0x200002d4   Data           8  stm3210c_eval_lcd.o(.data)
    Font8x12                                 0x200002dc   Data           8  stm3210c_eval_lcd.o(.data)
    __stdout                                 0x200002e4   Data           4  stdout.o(.data)
    __microlib_freelist                      0x200002e8   Data           4  mvars.o(.data)
    __microlib_freelist_initialised          0x200002ec   Data           4  mvars.o(.data)
    ucDispCMDDataBuff                        0x200002f0   Data          64  main.o(.bss)
    ucDispCMDDataBuffTemp                    0x20000330   Data          64  main.o(.bss)
    disp_buff                                0x20000370   Data          64  main.o(.bss)
    Line                                     0x200003b0   Data          20  main.o(.bss)
    USB_OTG_Core                             0x200003c4   Data        1452  main.o(.bss)
    USB_Host                                 0x20000970   Data         132  main.o(.bss)
    buff                                     0x200009f4   Data        2000  usbh_usr.o(.bss)
    buff_temp                                0x200011c4   Data        2000  usbh_usr.o(.bss)
    fatfs                                    0x20001994   Data         560  usbh_usr.o(.bss)
    file                                     0x20001bc4   Data         548  usbh_usr.o(.bss)
    USBH_MSC_Param                           0x20001de8   Data          16  usbh_msc_scsi.o(.bss)
    USBH_DataInBuffer                        0x20001df8   Data         512  usbh_msc_scsi.o(.bss)
    USBH_MSC_CBWData                         0x20001ff8   Data          32  usbh_msc_bot.o(.bss)
    USBH_MSC_CSWData                         0x20002018   Data          16  usbh_msc_bot.o(.bss)
    USBH_MSC_BOTXferParam                    0x20002028   Data          16  usbh_msc_bot.o(.bss)
    MSC_Machine                              0x20002038   Data          74  usbh_msc_core.o(.bss)
    LCD_CacheBuffer                          0x20002082   Data         624  lcd_log.o(.bss)
    __heap_base                              0x200022f8   Data           0  startup_stm32f10x_cl.o(HEAP)
    __heap_limit                             0x200024f8   Data           0  startup_stm32f10x_cl.o(HEAP)
    __initial_sp                             0x200028f8   Data           0  startup_stm32f10x_cl.o(STACK)



==============================================================================

Memory Map of the image

  Image Entry point : 0x0800c151

  Load Region LR_IROM1 (Base: 0x0800c000, Size: 0x00009894, Max: 0x00034000, ABSOLUTE, COMPRESSED[0x000096f4])

    Execution Region ER_IROM1 (Base: 0x0800c000, Size: 0x000095a4, Max: 0x00034000, ABSOLUTE)

    Base Addr    Size         Type   Attr      Idx    E Section Name        Object

    0x0800c000   0x00000150   Data   RO         2437    RESET               startup_stm32f10x_cl.o
    0x0800c150   0x00000000   Code   RO         5089  * .ARM.Collect$$$$00000000  mc_w.l(entry.o)
    0x0800c150   0x00000004   Code   RO         5395    .ARM.Collect$$$$00000001  mc_w.l(entry2.o)
    0x0800c154   0x00000004   Code   RO         5398    .ARM.Collect$$$$00000004  mc_w.l(entry5.o)
    0x0800c158   0x00000000   Code   RO         5400    .ARM.Collect$$$$00000008  mc_w.l(entry7b.o)
    0x0800c158   0x00000008   Code   RO         5401    .ARM.Collect$$$$00000009  mc_w.l(entry8.o)
    0x0800c160   0x00000004   Code   RO         5396    .ARM.Collect$$$$00002712  mc_w.l(entry2.o)
    0x0800c164   0x00000024   Code   RO         2438    .text               startup_stm32f10x_cl.o
    0x0800c188   0x00000024   Code   RO         5092    .text               mc_w.l(memcpya.o)
    0x0800c1ac   0x00000026   Code   RO         5094    .text               mc_w.l(memseta.o)
    0x0800c1d2   0x00000062   Code   RO         5405    .text               mc_w.l(uldiv.o)
    0x0800c234   0x00000024   Code   RO         5420    .text               mc_w.l(init.o)
    0x0800c258   0x0000001e   Code   RO         5422    .text               mc_w.l(llshl.o)
    0x0800c276   0x00000020   Code   RO         5424    .text               mc_w.l(llushr.o)
    0x0800c296   0x0000005c   Code   RO         5436    .text               mc_w.l(__dczerorl2.o)
    0x0800c2f2   0x00000002   PAD
    0x0800c2f4   0x00000024   Code   RO          276    i.BSP_Delay         usb_bsp.o
    0x0800c318   0x0000006c   Code   RO          277    i.BSP_SetTime       usb_bsp.o
    0x0800c384   0x00000002   Code   RO            3    i.BusFault_Handler  stm32fxxx_it.o
    0x0800c386   0x00000002   PAD
    0x0800c388   0x00000012   Code   RO          916    i.Busy_Check        spi_flash.o
    0x0800c39a   0x00000002   Code   RO            4    i.DebugMon_Handler  stm32fxxx_it.o
    0x0800c39c   0x00000028   Code   RO            5    i.EXTI1_IRQHandler  stm32fxxx_it.o
    0x0800c3c4   0x0000000c   Code   RO         2562    i.EXTI_ClearITPendingBit  stm32f10x_exti.o
    0x0800c3d0   0x00000020   Code   RO         2566    i.EXTI_GetITStatus  stm32f10x_exti.o
    0x0800c3f0   0x00000070   Code   RO         2567    i.EXTI_Init         stm32f10x_exti.o
    0x0800c460   0x00000028   Code   RO         2806    i.GPIO_EXTILineConfig  stm32f10x_gpio.o
    0x0800c488   0x000000a4   Code   RO         2809    i.GPIO_Init         stm32f10x_gpio.o
    0x0800c52c   0x00000058   Code   RO         2811    i.GPIO_PinRemapConfig  stm32f10x_gpio.o
    0x0800c584   0x0000000e   Code   RO         2813    i.GPIO_ReadInputDataBit  stm32f10x_gpio.o
    0x0800c592   0x00000004   Code   RO         2816    i.GPIO_ResetBits    stm32f10x_gpio.o
    0x0800c596   0x00000004   Code   RO         2817    i.GPIO_SetBits      stm32f10x_gpio.o
    0x0800c59a   0x0000000a   Code   RO         2820    i.GPIO_WriteBit     stm32f10x_gpio.o
    0x0800c5a4   0x00000020   Code   RO         1118    i.GetHZDot          ziku.o
    0x0800c5c4   0x00000008   Code   RO         1790    i.HCD_GetURB_State  usb_hcd.o
    0x0800c5cc   0x0000000a   Code   RO         1791    i.HCD_GetXferCnt    usb_hcd.o
    0x0800c5d6   0x00000056   Code   RO         1793    i.HCD_Init          usb_hcd.o
    0x0800c62c   0x00000006   Code   RO         1794    i.HCD_IsDeviceConnected  usb_hcd.o
    0x0800c632   0x00000014   Code   RO         1796    i.HCD_SubmitRequest  usb_hcd.o
    0x0800c646   0x00000002   Code   RO            6    i.HardFault_Handler  stm32fxxx_it.o
    0x0800c648   0x00000038   Code   RO         4803    i.LCD_Clear         stm3210c_eval_lcd.o
    0x0800c680   0x00000030   Code   RO         4804    i.LCD_ClearLine     stm3210c_eval_lcd.o
    0x0800c6b0   0x0000002c   Code   RO         4807    i.LCD_CtrlLinesConfig  stm3210c_eval_lcd.o
    0x0800c6dc   0x00000004   Code   RO         4808    i.LCD_CtrlLinesWrite  stm3210c_eval_lcd.o
    0x0800c6e0   0x00000020   Code   RO         4810    i.LCD_DisplayChar   stm3210c_eval_lcd.o
    0x0800c700   0x0000003c   Code   RO         4813    i.LCD_DisplayStringLine  stm3210c_eval_lcd.o
    0x0800c73c   0x0000008c   Code   RO         4814    i.LCD_DrawChar      stm3210c_eval_lcd.o
    0x0800c7c8   0x0000000c   Code   RO         4824    i.LCD_GetFont       stm3210c_eval_lcd.o
    0x0800c7d4   0x00000026   Code   RO         2372    i.LCD_LOG_ClearTextZone  lcd_log.o
    0x0800c7fa   0x00000002   PAD
    0x0800c7fc   0x00000028   Code   RO         2373    i.LCD_LOG_DeInit    lcd_log.o
    0x0800c824   0x00000010   Code   RO         2374    i.LCD_LOG_Init      lcd_log.o
    0x0800c834   0x00000064   Code   RO         2375    i.LCD_LOG_SetFooter  lcd_log.o
    0x0800c898   0x00000090   Code   RO         2376    i.LCD_LOG_SetHeader  lcd_log.o
    0x0800c928   0x000000a0   Code   RO         2377    i.LCD_LOG_UpdateDisplay  lcd_log.o
    0x0800c9c8   0x000000c0   Code   RO         4829    i.LCD_ReadReg       stm3210c_eval_lcd.o
    0x0800ca88   0x000000ac   Code   RO         4830    i.LCD_SPIConfig     stm3210c_eval_lcd.o
    0x0800cb34   0x0000000c   Code   RO         4831    i.LCD_SetBackColor  stm3210c_eval_lcd.o
    0x0800cb40   0x00000018   Code   RO         4833    i.LCD_SetCursor     stm3210c_eval_lcd.o
    0x0800cb58   0x0000000c   Code   RO         4835    i.LCD_SetFont       stm3210c_eval_lcd.o
    0x0800cb64   0x0000000c   Code   RO         4836    i.LCD_SetTextColor  stm3210c_eval_lcd.o
    0x0800cb70   0x00000406   Code   RO         4837    i.LCD_Setup         stm3210c_eval_lcd.o
    0x0800cf76   0x00000002   PAD
    0x0800cf78   0x00000034   Code   RO         4839    i.LCD_WriteRAM      stm3210c_eval_lcd.o
    0x0800cfac   0x00000012   Code   RO         4841    i.LCD_WriteRAM_Prepare  stm3210c_eval_lcd.o
    0x0800cfbe   0x00000002   PAD
    0x0800cfc0   0x00000050   Code   RO         4842    i.LCD_WriteReg      stm3210c_eval_lcd.o
    0x0800d010   0x0000004c   Code   RO         4843    i.LCD_WriteRegIndex  stm3210c_eval_lcd.o
    0x0800d05c   0x00000030   Code   RO         4844    i.LCD_nCS_StartByte  stm3210c_eval_lcd.o
    0x0800d08c   0x00000248   Code   RO         1055    i.LED_DispString    led_screen.o
    0x0800d2d4   0x000002c4   Code   RO         1056    i.LED_ScrollDispHZ  led_screen.o
    0x0800d598   0x00000002   Code   RO            7    i.MemManage_Handler  stm32fxxx_it.o
    0x0800d59a   0x00000002   Code   RO            8    i.NMI_Handler       stm32fxxx_it.o
    0x0800d59c   0x00000064   Code   RO          463    i.NVIC_Init         misc.o
    0x0800d600   0x00000014   Code   RO          464    i.NVIC_PriorityGroupConfig  misc.o
    0x0800d614   0x00000014   Code   RO          465    i.NVIC_SetVectorTable  misc.o
    0x0800d628   0x0000000c   Code   RO            9    i.OTG_FS_IRQHandler  stm32fxxx_it.o
    0x0800d634   0x00000002   Code   RO           10    i.PendSV_Handler    stm32fxxx_it.o
    0x0800d636   0x00000002   PAD
    0x0800d638   0x00000018   Code   RO         3206    i.RCC_AHBPeriphClockCmd  stm32f10x_rcc.o
    0x0800d650   0x00000018   Code   RO         3208    i.RCC_APB1PeriphClockCmd  stm32f10x_rcc.o
    0x0800d668   0x00000018   Code   RO         3209    i.RCC_APB1PeriphResetCmd  stm32f10x_rcc.o
    0x0800d680   0x00000018   Code   RO         3210    i.RCC_APB2PeriphClockCmd  stm32f10x_rcc.o
    0x0800d698   0x00000018   Code   RO         3211    i.RCC_APB2PeriphResetCmd  stm32f10x_rcc.o
    0x0800d6b0   0x0000000c   Code   RO         3231    i.RCC_OTGFSCLKConfig  stm32f10x_rcc.o
    0x0800d6bc   0x00000028   Code   RO          919    i.RDSR              spi_flash.o
    0x0800d6e4   0x0000005c   Code   RO         1199    i.Remote_Scan       remote.o
    0x0800d740   0x00000014   Code   RO         3660    i.SPI_Cmd           stm32f10x_spi.o
    0x0800d754   0x000000a4   Code   RO          920    i.SPI_Flash_Init    spi_flash.o
    0x0800d7f8   0x00000006   Code   RO          921    i.SPI_Flash_ReadByte  spi_flash.o
    0x0800d7fe   0x00000002   PAD
    0x0800d800   0x00000034   Code   RO          922    i.SPI_Flash_SendByte  spi_flash.o
    0x0800d834   0x00000054   Code   RO         3667    i.SPI_I2S_DeInit    stm32f10x_spi.o
    0x0800d888   0x0000000e   Code   RO         3668    i.SPI_I2S_GetFlagStatus  stm32f10x_spi.o
    0x0800d896   0x00000004   Code   RO         3671    i.SPI_I2S_ReceiveData  stm32f10x_spi.o
    0x0800d89a   0x00000004   Code   RO         3672    i.SPI_I2S_SendData  stm32f10x_spi.o
    0x0800d89e   0x00000038   Code   RO         3673    i.SPI_Init          stm32f10x_spi.o
    0x0800d8d6   0x00000002   PAD
    0x0800d8d8   0x00000058   Code   RO          923    i.SST25_R_BLOCK     spi_flash.o
    0x0800d930   0x000000a4   Code   RO          924    i.SST25_W_BLOCK     spi_flash.o
    0x0800d9d4   0x00000014   Code   RO         4846    i.STM3210C_LCD_Init  stm3210c_eval_lcd.o
    0x0800d9e8   0x00000040   Code   RO         4529    i.STM_EVAL_LEDInit  stm3210c_eval.o
    0x0800da28   0x00000018   Code   RO         4533    i.STM_EVAL_PBGetState  stm3210c_eval.o
    0x0800da40   0x000000a4   Code   RO         4534    i.STM_EVAL_PBInit   stm3210c_eval.o
    0x0800dae4   0x00000002   Code   RO           11    i.SVC_Handler       stm32fxxx_it.o
    0x0800dae6   0x00000002   PAD
    0x0800dae8   0x0000011c   Code   RO         1057    i.ScrollRefreshLEDScreen  led_screen.o
    0x0800dc04   0x00000104   Code   RO         1058    i.ScrollRefreshLEDScreen1  led_screen.o
    0x0800dd08   0x00000048   Code   RO          925    i.Sector_Erase_4K   spi_flash.o
    0x0800dd50   0x000000b8   Code   RO         2444    i.SetSysClockTo72   system_stm32f10x.o
    0x0800de08   0x00000050   Code   RO         1059    i.ShT_LEDBoard_ColShiftOut  led_screen.o
    0x0800de58   0x00000038   Code   RO         1060    i.ShT_LEDBoard_RowShiftOut  led_screen.o
    0x0800de90   0x00000064   Code   RO         2446    i.SystemInit        system_stm32f10x.o
    0x0800def4   0x00000068   Code   RO         3807    i.TI1_Config        stm32f10x_tim.o
    0x0800df5c   0x00000078   Code   RO         3808    i.TI2_Config        stm32f10x_tim.o
    0x0800dfd4   0x00000004   Code   RO           12    i.TIM2_IRQHandler   stm32fxxx_it.o
    0x0800dfd8   0x000000f8   Code   RO         1200    i.TIM3_IRQHandler   remote.o
    0x0800e0d0   0x00000048   Code   RO          881    i.TIM5_IRQHandler   timer.o
    0x0800e118   0x00000014   Code   RO         3809    i.TIM_ARRPreloadConfig  stm32f10x_tim.o
    0x0800e12c   0x00000006   Code   RO         3815    i.TIM_ClearFlag     stm32f10x_tim.o
    0x0800e132   0x00000006   Code   RO         3816    i.TIM_ClearITPendingBit  stm32f10x_tim.o
    0x0800e138   0x00000014   Code   RO         3821    i.TIM_Cmd           stm32f10x_tim.o
    0x0800e14c   0x00000004   Code   RO         3838    i.TIM_GetCapture3   stm32f10x_tim.o
    0x0800e150   0x00000016   Code   RO         3842    i.TIM_GetITStatus   stm32f10x_tim.o
    0x0800e166   0x00000002   PAD
    0x0800e168   0x00000124   Code   RO         3844    i.TIM_ICInit        stm32f10x_tim.o
    0x0800e28c   0x00000010   Code   RO         3846    i.TIM_ITConfig      stm32f10x_tim.o
    0x0800e29c   0x0000000e   Code   RO         3862    i.TIM_OC3PolarityConfig  stm32f10x_tim.o
    0x0800e2aa   0x00000004   Code   RO         3886    i.TIM_SetCounter    stm32f10x_tim.o
    0x0800e2ae   0x00000010   Code   RO         3887    i.TIM_SetIC1Prescaler  stm32f10x_tim.o
    0x0800e2be   0x00000012   Code   RO         3888    i.TIM_SetIC2Prescaler  stm32f10x_tim.o
    0x0800e2d0   0x00000010   Code   RO         3889    i.TIM_SetIC3Prescaler  stm32f10x_tim.o
    0x0800e2e0   0x00000012   Code   RO         3890    i.TIM_SetIC4Prescaler  stm32f10x_tim.o
    0x0800e2f2   0x00000002   PAD
    0x0800e2f4   0x0000009c   Code   RO         3892    i.TIM_TimeBaseInit  stm32f10x_tim.o
    0x0800e390   0x00000002   Code   RO           13    i.UART4_IRQHandler  stm32fxxx_it.o
    0x0800e392   0x00000002   Code   RO           14    i.USART2_IRQHandler  stm32fxxx_it.o
    0x0800e394   0x00000034   Code   RO         1419    i.USBH_Alloc_Channel  usbh_hcs.o
    0x0800e3c8   0x00000028   Code   RO         1463    i.USBH_BulkReceiveData  usbh_ioreq.o
    0x0800e3f0   0x0000002e   Code   RO         1464    i.USBH_BulkSendData  usbh_ioreq.o
    0x0800e41e   0x0000002e   Code   RO         1237    i.USBH_ClrFeature   usbh_stdreq.o
    0x0800e44c   0x0000000a   Code   RO         1337    i.USBH_Connected    usbh_core.o
    0x0800e456   0x00000046   Code   RO         1466    i.USBH_CtlReq       usbh_ioreq.o
    0x0800e49c   0x00000034   Code   RO         1338    i.USBH_DeInit       usbh_core.o
    0x0800e4d0   0x0000000a   Code   RO         1339    i.USBH_Disconnected  usbh_core.o
    0x0800e4da   0x0000001a   Code   RO         1421    i.USBH_Free_Channel  usbh_hcs.o
    0x0800e4f4   0x00000040   Code   RO         1343    i.USBH_Init         usbh_core.o
    0x0800e534   0x00000038   Code   RO         1927    i.USBH_MSC_BOT_Abort  usbh_msc_bot.o
    0x0800e56c   0x0000000c   Code   RO         1976    i.USBH_MSC_ClassRequest  usbh_msc_core.o
    0x0800e578   0x0000005c   Code   RO         1928    i.USBH_MSC_DecodeCSW  usbh_msc_bot.o
    0x0800e5d4   0x00000034   Code   RO         1977    i.USBH_MSC_ErrorHandle  usbh_msc_core.o
    0x0800e608   0x00000168   Code   RO         1978    i.USBH_MSC_Handle   usbh_msc_core.o
    0x0800e770   0x0000021c   Code   RO         1929    i.USBH_MSC_HandleBOTXfer  usbh_msc_bot.o
    0x0800e98c   0x0000003c   Code   RO         1930    i.USBH_MSC_Init     usbh_msc_bot.o
    0x0800e9c8   0x00000038   Code   RO         1979    i.USBH_MSC_InterfaceDeInit  usbh_msc_core.o
    0x0800ea00   0x000000a0   Code   RO         1980    i.USBH_MSC_InterfaceInit  usbh_msc_core.o
    0x0800eaa0   0x0000009c   Code   RO         1861    i.USBH_MSC_ModeSense6  usbh_msc_scsi.o
    0x0800eb3c   0x000000dc   Code   RO         1862    i.USBH_MSC_Read10   usbh_msc_scsi.o
    0x0800ec18   0x000000a0   Code   RO         1863    i.USBH_MSC_ReadCapacity10  usbh_msc_scsi.o
    0x0800ecb8   0x000000a0   Code   RO         1864    i.USBH_MSC_RequestSense  usbh_msc_scsi.o
    0x0800ed58   0x00000080   Code   RO         1865    i.USBH_MSC_TestUnitReady  usbh_msc_scsi.o
    0x0800edd8   0x000000a8   Code   RO         1866    i.USBH_MSC_Write10  usbh_msc_scsi.o
    0x0800ee80   0x000000a8   Code   RO         1537    i.USBH_OTG_ISR_Handler  usb_hcd_int.o
    0x0800ef28   0x00000052   Code   RO         1423    i.USBH_Open_Channel  usbh_hcs.o
    0x0800ef7a   0x00000004   Code   RO         1345    i.USBH_SOF          usbh_core.o
    0x0800ef7e   0x00000002   PAD
    0x0800ef80   0x0000002c   Code   RO          714    i.USBH_USR_Configuration_DescAvailable  usbh_usr.o
    0x0800efac   0x0000000c   Code   RO          715    i.USBH_USR_DeInit   usbh_usr.o
    0x0800efb8   0x00000002   Code   RO          716    i.USBH_USR_DeviceAddressAssigned  usbh_usr.o
    0x0800efba   0x00000002   PAD
    0x0800efbc   0x00000018   Code   RO          717    i.USBH_USR_DeviceAttached  usbh_usr.o
    0x0800efd4   0x0000006c   Code   RO          718    i.USBH_USR_DeviceDisconnected  usbh_usr.o
    0x0800f040   0x00000044   Code   RO          719    i.USBH_USR_DeviceNotSupported  usbh_usr.o
    0x0800f084   0x00000038   Code   RO          720    i.USBH_USR_DeviceSpeedDetected  usbh_usr.o
    0x0800f0bc   0x00000048   Code   RO          721    i.USBH_USR_Device_DescAvailable  usbh_usr.o
    0x0800f104   0x00000088   Code   RO          722    i.USBH_USR_EnumerationDone  usbh_usr.o
    0x0800f18c   0x000000b8   Code   RO          723    i.USBH_USR_Init     usbh_usr.o
    0x0800f244   0x00000110   Code   RO          724    i.USBH_USR_MSC_Application  usbh_usr.o
    0x0800f354   0x00000028   Code   RO          725    i.USBH_USR_Manufacturer_String  usbh_usr.o
    0x0800f37c   0x00000044   Code   RO          726    i.USBH_USR_OverCurrentDetected  usbh_usr.o
    0x0800f3c0   0x00000024   Code   RO          727    i.USBH_USR_Product_String  usbh_usr.o
    0x0800f3e4   0x00000002   Code   RO          728    i.USBH_USR_ResetDevice  usbh_usr.o
    0x0800f3e6   0x00000002   PAD
    0x0800f3e8   0x00000028   Code   RO          729    i.USBH_USR_SerialNum_String  usbh_usr.o
    0x0800f410   0x00000030   Code   RO          730    i.USBH_USR_UnrecoveredError  usbh_usr.o
    0x0800f440   0x00000012   Code   RO          731    i.USBH_USR_UserInput  usbh_usr.o
    0x0800f452   0x00000002   PAD
    0x0800f454   0x0000003c   Code   RO          278    i.USB_OTG_BSP_ConfigVBUS  usb_bsp.o
    0x0800f490   0x00000018   Code   RO          279    i.USB_OTG_BSP_DriveVBUS  usb_bsp.o
    0x0800f4a8   0x00000028   Code   RO          280    i.USB_OTG_BSP_EnableInterrupt  usb_bsp.o
    0x0800f4d0   0x0000003c   Code   RO          281    i.USB_OTG_BSP_Init  usb_bsp.o
    0x0800f50c   0x00000038   Code   RO          282    i.USB_OTG_BSP_TimerIRQ  usb_bsp.o
    0x0800f544   0x00000006   Code   RO          283    i.USB_OTG_BSP_mDelay  usb_bsp.o
    0x0800f54a   0x00000006   Code   RO          284    i.USB_OTG_BSP_uDelay  usb_bsp.o
    0x0800f550   0x00000080   Code   RO         1611    i.USB_OTG_CoreInit  usb_core.o
    0x0800f5d0   0x000000a6   Code   RO         1612    i.USB_OTG_CoreInitHost  usb_core.o
    0x0800f676   0x00000002   PAD
    0x0800f678   0x00000058   Code   RO         1613    i.USB_OTG_CoreReset  usb_core.o
    0x0800f6d0   0x00000010   Code   RO         1614    i.USB_OTG_DisableGlobalInt  usb_core.o
    0x0800f6e0   0x0000003c   Code   RO         1615    i.USB_OTG_DriveVbus  usb_core.o
    0x0800f71c   0x00000010   Code   RO         1616    i.USB_OTG_EnableGlobalInt  usb_core.o
    0x0800f72c   0x00000048   Code   RO         1617    i.USB_OTG_EnableHostInt  usb_core.o
    0x0800f774   0x00000038   Code   RO         1618    i.USB_OTG_FlushRxFifo  usb_core.o
    0x0800f7ac   0x00000040   Code   RO         1619    i.USB_OTG_FlushTxFifo  usb_core.o
    0x0800f7ec   0x0000002a   Code   RO         1621    i.USB_OTG_HC_DoPing  usb_core.o
    0x0800f816   0x0000003c   Code   RO         1622    i.USB_OTG_HC_Halt   usb_core.o
    0x0800f852   0x00000002   PAD
    0x0800f854   0x000000e6   Code   RO         1623    i.USB_OTG_HC_Init   usb_core.o
    0x0800f93a   0x00000102   Code   RO         1624    i.USB_OTG_HC_StartXfer  usb_core.o
    0x0800fa3c   0x0000000c   Code   RO         1625    i.USB_OTG_InitFSLSPClkSel  usb_core.o
    0x0800fa48   0x0000000c   Code   RO         1627    i.USB_OTG_IsEvenFrame  usb_core.o
    0x0800fa54   0x00000010   Code   RO         1628    i.USB_OTG_IsHostMode  usb_core.o
    0x0800fa64   0x0000000a   Code   RO         1629    i.USB_OTG_ReadCoreItr  usb_core.o
    0x0800fa6e   0x0000000c   Code   RO         1630    i.USB_OTG_ReadHPRT0  usb_core.o
    0x0800fa7a   0x00000006   Code   RO         1631    i.USB_OTG_ReadHostAllChannels_intr  usb_core.o
    0x0800fa80   0x00000020   Code   RO         1633    i.USB_OTG_ReadPacket  usb_core.o
    0x0800faa0   0x0000002a   Code   RO         1634    i.USB_OTG_ResetPort  usb_core.o
    0x0800faca   0x00000002   PAD
    0x0800facc   0x000000c0   Code   RO         1635    i.USB_OTG_SelectCore  usb_core.o
    0x0800fb8c   0x0000002a   Code   RO         1636    i.USB_OTG_SetCurrentMode  usb_core.o
    0x0800fbb6   0x00000002   PAD
    0x0800fbb8   0x0000002c   Code   RO         1538    i.USB_OTG_USBH_handle_Disconnect_ISR  usb_hcd_int.o
    0x0800fbe4   0x00000046   Code   RO         1539    i.USB_OTG_USBH_handle_IncompletePeriodicXfer_ISR  usb_hcd_int.o
    0x0800fc2a   0x00000056   Code   RO         1540    i.USB_OTG_USBH_handle_hc_ISR  usb_hcd_int.o
    0x0800fc80   0x0000042a   Code   RO         1541    i.USB_OTG_USBH_handle_hc_n_In_ISR  usb_hcd_int.o
    0x080100aa   0x000003d0   Code   RO         1542    i.USB_OTG_USBH_handle_hc_n_Out_ISR  usb_hcd_int.o
    0x0801047a   0x0000012a   Code   RO         1543    i.USB_OTG_USBH_handle_nptxfempty_ISR  usb_hcd_int.o
    0x080105a4   0x00000120   Code   RO         1544    i.USB_OTG_USBH_handle_port_ISR  usb_hcd_int.o
    0x080106c4   0x0000012a   Code   RO         1545    i.USB_OTG_USBH_handle_ptxfempty_ISR  usb_hcd_int.o
    0x080107ee   0x0000013e   Code   RO         1546    i.USB_OTG_USBH_handle_rx_qlvl_ISR  usb_hcd_int.o
    0x0801092c   0x0000002c   Code   RO         1547    i.USB_OTG_USBH_handle_sof_ISR  usb_hcd_int.o
    0x08010958   0x00000028   Code   RO         1638    i.USB_OTG_WritePacket  usb_core.o
    0x08010980   0x00000002   Code   RO           15    i.UsageFault_Handler  stm32fxxx_it.o
    0x08010982   0x00000002   PAD
    0x08010984   0x00000028   Code   RO          926    i.WRDI              spi_flash.o
    0x080109ac   0x00000024   Code   RO          927    i.WREN              spi_flash.o
    0x080109d0   0x00000044   Code   RO          928    i.WRSR              spi_flash.o
    0x08010a14   0x0000000c   Code   RO         4348    i.WWDG_ClearFlag    stm32f10x_wwdg.o
    0x08010a20   0x00000010   Code   RO         4350    i.WWDG_Enable       stm32f10x_wwdg.o
    0x08010a30   0x0000000c   Code   RO         4351    i.WWDG_EnableIT     stm32f10x_wwdg.o
    0x08010a3c   0x00000054   Code   RO         1170    i.WWDG_IRQHandler   wwdg.o
    0x08010a90   0x00000010   Code   RO         4353    i.WWDG_SetCounter   stm32f10x_wwdg.o
    0x08010aa0   0x00000014   Code   RO         4354    i.WWDG_SetPrescaler  stm32f10x_wwdg.o
    0x08010ab4   0x00000018   Code   RO         4355    i.WWDG_SetWindowValue  stm32f10x_wwdg.o
    0x08010acc   0x00000020   Code   RO         5305    i.__0printf$8       mc_w.l(printf8.o)
    0x08010aec   0x0000000e   Code   RO         5430    i.__scatterload_copy  mc_w.l(handlers.o)
    0x08010afa   0x00000002   Code   RO         5431    i.__scatterload_null  mc_w.l(handlers.o)
    0x08010afc   0x0000000e   Code   RO         5432    i.__scatterload_zeroinit  mc_w.l(handlers.o)
    0x08010b0a   0x00000002   PAD
    0x08010b0c   0x00000420   Code   RO         5312    i._printf_core      mc_w.l(printf8.o)
    0x08010f2c   0x00000026   Code   RO         5313    i._printf_post_padding  mc_w.l(printf8.o)
    0x08010f52   0x00000030   Code   RO         5314    i._printf_pre_padding  mc_w.l(printf8.o)
    0x08010f82   0x0000004e   Code   RO          507    i.add_line_info     main.o
    0x08010fd0   0x00000020   Code   RO          508    i.alloc_memory      main.o
    0x08010ff0   0x00000070   Code   RO          509    i.ascii_to_gbk_code  main.o
    0x08011060   0x0000005c   Code   RO         2088    i.check_fs          ff.o
    0x080110bc   0x000001d0   Code   RO         2089    i.chk_mounted       ff.o
    0x0801128c   0x00000018   Code   RO         2090    i.clust2sect        ff.o
    0x080112a4   0x0000000c   Code   RO          510    i.cpu_run           main.o
    0x080112b0   0x0000000c   Code   RO          511    i.cpu_stop          main.o
    0x080112bc   0x00000096   Code   RO         2091    i.create_chain      ff.o
    0x08011352   0x00000002   PAD
    0x08011354   0x000000f8   Code   RO         2092    i.create_name       ff.o
    0x0801144c   0x00000014   Code   RO         4847    i.delay             stm3210c_eval_lcd.o
    0x08011460   0x000000ee   Code   RO         2093    i.dir_next          ff.o
    0x0801154e   0x00000066   Code   RO         2095    i.dir_register      ff.o
    0x080115b4   0x0000007e   Code   RO         2097    i.dir_seek          ff.o
    0x08011632   0x00000002   PAD
    0x08011634   0x00000020   Code   RO         2025    i.disk_initialize   usbh_msc_fatfs.o
    0x08011654   0x00000040   Code   RO         2026    i.disk_ioctl        usbh_msc_fatfs.o
    0x08011694   0x00000064   Code   RO         2027    i.disk_read         usbh_msc_fatfs.o
    0x080116f8   0x00000010   Code   RO         2028    i.disk_status       usbh_msc_fatfs.o
    0x08011708   0x0000006c   Code   RO         2029    i.disk_write        usbh_msc_fatfs.o
    0x08011774   0x00000012   Code   RO         2099    i.f_close           ff.o
    0x08011786   0x00000002   PAD
    0x08011788   0x00000028   Code   RO         2105    i.f_mount           ff.o
    0x080117b0   0x0000014a   Code   RO         2106    i.f_open            ff.o
    0x080118fa   0x0000015e   Code   RO         2111    i.f_read            ff.o
    0x08011a58   0x000000a4   Code   RO         2115    i.f_sync            ff.o
    0x08011afc   0x00000010   Code   RO          512    i.flash_run         main.o
    0x08011b0c   0x00000010   Code   RO          513    i.flash_stop        main.o
    0x08011b1c   0x000000bc   Code   RO         2120    i.follow_path       ff.o
    0x08011bd8   0x000000f4   Code   RO         2378    i.fputc             lcd_log.o
    0x08011ccc   0x00000018   Code   RO          514    i.get_brake_state   main.o
    0x08011ce4   0x0000007c   Code   RO          515    i.get_cfg_from_flash  main.o
    0x08011d60   0x00000118   Code   RO          516    i.get_disp_state    main.o
    0x08011e78   0x000000b4   Code   RO         2121    i.get_fat           ff.o
    0x08011f2c   0x00000004   Code   RO         2349    i.get_fattime       fattime.o
    0x08011f30   0x00000018   Code   RO          517    i.get_left_state    main.o
    0x08011f48   0x00000018   Code   RO          518    i.get_light_state   main.o
    0x08011f60   0x00000030   Code   RO          519    i.get_line_from_flash  main.o
    0x08011f90   0x00000044   Code   RO          520    i.get_line_name     main.o
    0x08011fd4   0x00000018   Code   RO          521    i.get_right_state   main.o
    0x08011fec   0x000000a8   Code   RO          522    i.gpio_init         main.o
    0x08012094   0x0000004c   Code   RO         1061    i.judget_extern_signal  led_screen.o
    0x080120e0   0x000001d4   Code   RO          523    i.key_process       main.o
    0x080122b4   0x000000a0   Code   RO          524    i.main              main.o
    0x08012354   0x0000006c   Code   RO         5360    i.malloc            mc_w.l(malloc.o)
    0x080123c0   0x00000012   Code   RO         2123    i.mem_cpy           ff.o
    0x080123d2   0x0000000e   Code   RO         2124    i.mem_set           ff.o
    0x080123e0   0x0000006a   Code   RO         2125    i.move_window       ff.o
    0x0801244a   0x000000f0   Code   RO         2126    i.put_fat           ff.o
    0x0801253a   0x00000002   PAD
    0x0801253c   0x0000011c   Code   RO          525    i.refresh_display_type  main.o
    0x08012658   0x000000c0   Code   RO         1201    i.remote_init       remote.o
    0x08012718   0x00000062   Code   RO         2127    i.remove_chain      ff.o
    0x0801277a   0x00000030   Code   RO          528    i.save_currentline_num  main.o
    0x080127aa   0x00000002   PAD
    0x080127ac   0x00000098   Code   RO          529    i.static_move_disp  main.o
    0x08012844   0x000000b8   Code   RO         2128    i.sync              ff.o
    0x080128fc   0x00000020   Code   RO         2129    i.validate          ff.o
    0x0801291c   0x00000064   Code   RO         1171    i.wwdg_init         wwdg.o
    0x08012980   0x00000018   Data   RO          531    .constdata          main.o
    0x08012998   0x00000103   Data   RO          736    .constdata          usbh_usr.o
    0x08012a9b   0x00000600   Data   RO         1062    .constdata          led_screen.o
    0x0801309b   0x00000001   PAD
    0x0801309c   0x000000c2   Data   RO         2130    .constdata          ff.o
    0x0801315e   0x00000002   PAD
    0x08013160   0x00000054   Data   RO         4539    .constdata          stm3210c_eval.o
    0x080131b4   0x000011d0   Data   RO         4848    .constdata          stm3210c_eval_lcd.o
    0x08014384   0x00000900   Data   RO         4849    .constdata          stm3210c_eval_lcd.o
    0x08014c84   0x00000900   Data   RO         4850    .constdata          stm3210c_eval_lcd.o
    0x08015584   0x00000020   Data   RO         5428    Region$$Table       anon$$obj.o


    Execution Region RW_IRAM1 (Base: 0x20000000, Size: 0x000028f8, Max: 0x00010000, ABSOLUTE, COMPRESSED[0x00000150])

    Base Addr    Size         Type   Attr      Idx    E Section Name        Object

    0x20000000   0x00000004   Data   RW          285    .data               usb_bsp.o
    0x20000004   0x000000e0   Data   RW          533    .data               main.o
    0x200000e4   0x00000001   Data   RW          535    .data               main.o
    0x200000e5   0x00000003   PAD
    0x200000e8   0x00000008   Data   RW          741    .data               usbh_usr.o
    0x200000f0   0x00000048   Data   RW          743    .data               usbh_usr.o
    0x20000138   0x00000004   Data   RW          884    .data               timer.o
    0x2000013c   0x000000f0   Data   RW         1063    .data               led_screen.o
    0x2000022c   0x00000002   Data   RW         1172    .data               wwdg.o
    0x2000022e   0x00000002   PAD
    0x20000230   0x0000000c   Data   RW         1202    .data               remote.o
    0x2000023c   0x0000000c   Data   RW         1346    .data               usbh_core.o
    0x20000248   0x00000004   Data   RW         1347    .data               usbh_core.o
    0x2000024c   0x00000001   Data   RW         1869    .data               usbh_msc_scsi.o
    0x2000024d   0x00000003   PAD
    0x20000250   0x00000014   Data   RW         1932    .data               usbh_msc_bot.o
    0x20000264   0x00000002   Data   RW         1982    .data               usbh_msc_core.o
    0x20000266   0x00000002   PAD
    0x20000268   0x00000010   Data   RW         1983    .data               usbh_msc_core.o
    0x20000278   0x00000001   Data   RW         2030    .data               usbh_msc_fatfs.o
    0x20000279   0x00000003   PAD
    0x2000027c   0x0000000c   Data   RW         2131    .data               ff.o
    0x20000288   0x00000012   Data   RW         2380    .data               lcd_log.o
    0x2000029a   0x00000002   PAD
    0x2000029c   0x00000028   Data   RW         4540    .data               stm3210c_eval.o
    0x200002c4   0x00000010   Data   RW         4852    .data               stm3210c_eval_lcd.o
    0x200002d4   0x00000008   Data   RW         4853    .data               stm3210c_eval_lcd.o
    0x200002dc   0x00000008   Data   RW         4854    .data               stm3210c_eval_lcd.o
    0x200002e4   0x00000004   Data   RW         5402    .data               mc_w.l(stdout.o)
    0x200002e8   0x00000004   Data   RW         5407    .data               mc_w.l(mvars.o)
    0x200002ec   0x00000004   Data   RW         5408    .data               mc_w.l(mvars.o)
    0x200002f0   0x00000704   Zero   RW          530    .bss                main.o
    0x200009f4   0x000013f4   Zero   RW          733    .bss                usbh_usr.o
    0x20001de8   0x00000210   Zero   RW         1867    .bss                usbh_msc_scsi.o
    0x20001ff8   0x00000040   Zero   RW         1931    .bss                usbh_msc_bot.o
    0x20002038   0x0000004a   Zero   RW         1981    .bss                usbh_msc_core.o
    0x20002082   0x00000270   Zero   RW         2379    .bss                lcd_log.o
    0x200022f2   0x00000006   PAD
    0x200022f8   0x00000200   Zero   RW         2436    HEAP                startup_stm32f10x_cl.o
    0x200024f8   0x00000400   Zero   RW         2435    STACK               startup_stm32f10x_cl.o


==============================================================================

Image component sizes


      Code (inc. data)   RO Data    RW Data    ZI Data      Debug   Object Name

         4          0          0          0          0        490   fattime.o
      3406         40        194         12          0      26454   ff.o
       742         32          0         18        624       6741   lcd_log.o
      2048        108       1536        240          0       8035   led_screen.o
      2174        170         24        225       1796      15783   main.o
       140         26          0          0          0       2237   misc.o
       532         32          0         12          0       2414   remote.o
       748         50          0          0          0       6294   spi_flash.o
        36          8        336          0       1536        896   startup_stm32f10x_cl.o
       252         28         84         40          0       3720   stm3210c_eval.o
      2164        124       9168         32          0      16795   stm3210c_eval_lcd.o
       156         14          0          0          0       2368   stm32f10x_exti.o
       324         12          0          0          0       5908   stm32f10x_gpio.o
       132         36          0          0          0       3709   stm32f10x_rcc.o
       182         12          0          0          0       4819   stm32f10x_spi.o
       852        106          0          0          0      12740   stm32f10x_tim.o
       100         32          0          0          0       3995   stm32f10x_wwdg.o
        76         12          0          0          0     293236   stm32fxxx_it.o
       284         34          0          0          0       1517   system_stm32f10x.o
        72         10          0          4          0        526   timer.o
       396         20          0          4          0     306679   usb_bsp.o
      1672         22          0          0          0      17773   usb_core.o
       130          0          0          0          0       3435   usb_hcd.o
      3656         16          0          0          0      10535   usb_hcd_int.o
       140          0          0         16          0       5653   usbh_core.o
       160          0          0          0          0       2753   usbh_hcs.o
       156          0          0          0          0       3005   usbh_ioreq.o
       748         64          0         20         64       7045   usbh_msc_bot.o
       640         48          0         18         74       6133   usbh_msc_core.o
       320         46          0          1          0      13966   usbh_msc_fatfs.o
       992         74          0          1        528       7684   usbh_msc_scsi.o
        46          0          0          0          0       9433   usbh_stdreq.o
      1230        514        259         80       5108      24075   usbh_usr.o
       184         12          0          2          0       1473   wwdg.o
        32          0          0          0          0        859   ziku.o

    ----------------------------------------------------------------------
     24974       1702      11636        740       9736     839178   Object Totals
         0          0         32          0          0          0   (incl. Generated)
        48          0          3         15          6          0   (incl. Padding)

    ----------------------------------------------------------------------

      Code (inc. data)   RO Data    RW Data    ZI Data      Debug   Library Member Name

        92          0          0          0          0          0   __dczerorl2.o
         0          0          0          0          0          0   entry.o
         8          4          0          0          0          0   entry2.o
         4          0          0          0          0          0   entry5.o
         0          0          0          0          0          0   entry7b.o
         8          4          0          0          0          0   entry8.o
        30          0          0          0          0          0   handlers.o
        36          8          0          0          0         68   init.o
        30          0          0          0          0         68   llshl.o
        32          0          0          0          0         68   llushr.o
       108         16          0          0          0         84   malloc.o
        36          0          0          0          0         68   memcpya.o
        38          0          0          0          0        108   memseta.o
         0          0          0          8          0          0   mvars.o
      1174         56          0          0          0        352   printf8.o
         0          0          0          4          0          0   stdout.o
        98          0          0          0          0         92   uldiv.o

    ----------------------------------------------------------------------
      1698         88          0         12          0        908   Library Totals
         4          0          0          0          0          0   (incl. Padding)

    ----------------------------------------------------------------------

      Code (inc. data)   RO Data    RW Data    ZI Data      Debug   Library Name

      1694         88          0         12          0        908   mc_w.l

    ----------------------------------------------------------------------
      1698         88          0         12          0        908   Library Totals

    ----------------------------------------------------------------------

==============================================================================


      Code (inc. data)   RO Data    RW Data    ZI Data      Debug   

     26672       1790      11636        752       9736     826150   Grand Totals
     26672       1790      11636        336       9736     826150   ELF Image Totals (compressed)
     26672       1790      11636        336          0          0   ROM Totals

==============================================================================

    Total RO  Size (Code + RO Data)                38308 (  37.41kB)
    Total RW  Size (RW Data + ZI Data)             10488 (  10.24kB)
    Total ROM Size (Code + RO Data + RW Data)      38644 (  37.74kB)

==============================================================================

