<html>
<body>
<pre>
<h1>礦ision Build Log</h1>
<h2>Project:</h2>
C:\Users\edon\Desktop\现用程序\STM32_APP\Project\USB_Host_Examples\红外源码刹车改好\MDK-ARM\USBH_MSC.uvproj
Project File Date:  11/24/2015

<h2>Output:</h2>
Build target 'STM3210C-EVAL_USBH-FS'
compiling stm32fxxx_it.c...
compiling main.c...
..\src\main.c(401): error:  #20: identifier "NOWLINEADDR" is undefined
..\src\main.c(442): warning:  #186-D: pointless comparison of unsigned integer with zero
compiling usbh_usr.c...
compiling timer.c...
compiling spi_flash.c...
compiling uart.c...
..\src\uart.c(72): warning:  #223-D: function "rs485_send" declared implicitly
..\src\uart.c(80): warning:  #223-D: function "rs485_send" declared implicitly
compiling led_screen.c...
compiling ziku.c...
compiling delay.c...
compiling wwdg.c...
compiling remote.c...
Target not created
Build target 'STM3210C-EVAL_USBH-FS'
compiling main.c...
..\src\main.c(442): warning:  #186-D: pointless comparison of unsigned integer with zero
linking...
Program Size: Code=29004 RO-data=11636 RW-data=756 ZI-data=10244  
FromELF: creating hex file...
User command #1: C:\Keil\ARM\BIN40\fromelf.exe --bin -o  ./STM3210C-EVAL/led.bin  ./STM3210C-EVAL/STM3210C-EVAL.axf
".\STM3210C-EVAL\STM3210C-EVAL.axf" - 0 Error(s), 1 Warning(s).
Load "C:\\Users\\edon\\Desktop\\现用程序\\STM32_APP\\Project\\USB_Host_Examples\\红外源码刹车改好\\MDK-ARM\\STM3210C-EVAL\\STM3210C-EVAL.AXF" 
* JLink Info: Device "STM32F105RC" selected (256 KB flash, 20 KB RAM).
Set JLink Project File to "C:\Users\edon\Desktop\现用程序\STM32_APP\Project\USB_Host_Examples\红外源码刹车改好\MDK-ARM\JLinkSettings.ini"
 
JLink info:
------------
DLL: V4.40c, compiled Jan 24 2012 09:30:33
Firmware: J-Link ARM V8 compiled Nov 25 2013 19:20:08
Hardware: V8.00
S/N : 1350709590 
Feature(s) : RDI,FlashDL,FlashBP,JFlash,GDBFULL 
 
* JLink Info: TotalIRLen = 9, IRPrint = 0x0011
* JLink Info: Found Cortex-M3 r1p1, Little endian.
* JLink Info: TPIU fitted.
* JLink Info: ETM fitted.
* JLink Info:   FPUnit: 6 code (BP) slots and 2 literal slots
ROMTableAddr = 0xE00FF003
* JLink Info: TotalIRLen = 9, IRPrint = 0x0011
* JLink Info: Found Cortex-M3 r1p1, Little endian.
* JLink Info: TPIU fitted.
* JLink Info: ETM fitted.
* JLink Info:   FPUnit: 6 code (BP) slots and 2 literal slots
* JLink Info: Found Cortex-M3 r1p1, Little endian.
* JLink Info: TPIU fitted.
* JLink Info: ETM fitted.
* JLink Info:   FPUnit: 6 code (BP) slots and 2 literal slots
 
Target info:
------------
Device: STM32F105RC
VTarget = 3.313V
State of Pins: 
TCK: 1, TDI: 0, TDO: 0, TMS: 0, TRES: 1, TRST: 1
Hardware-Breakpoints: 6
Software-Breakpoints: 8192
Watchpoints:          4
JTAG speed: 2000 kHz
 
Erase Done.
Programming Done.
Verify OK.
Build target 'STM3210C-EVAL_USBH-FS'
compiling main.c...
..\src\main.c(226): error:  #11-D: unrecognized preprocessing directive
..\src\main.c(241): error:  #36: the #if for this directive is missing
..\src\main.c(443): warning:  #186-D: pointless comparison of unsigned integer with zero
Target not created
Build target 'STM3210C-EVAL_USBH-FS'
compiling main.c...
..\src\main.c(443): warning:  #186-D: pointless comparison of unsigned integer with zero
linking...
Program Size: Code=26712 RO-data=11636 RW-data=748 ZI-data=9732  
FromELF: creating hex file...
User command #1: C:\Keil\ARM\BIN40\fromelf.exe --bin -o  ./STM3210C-EVAL/led.bin  ./STM3210C-EVAL/STM3210C-EVAL.axf
".\STM3210C-EVAL\STM3210C-EVAL.axf" - 0 Error(s), 1 Warning(s).
Load "C:\\Users\\edon\\Desktop\\现用程序\\STM32_APP\\Project\\USB_Host_Examples\\红外源码刹车改好\\MDK-ARM\\STM3210C-EVAL\\STM3210C-EVAL.AXF" 
* JLink Info: Device "STM32F105RC" selected (256 KB flash, 20 KB RAM).
Set JLink Project File to "C:\Users\edon\Desktop\现用程序\STM32_APP\Project\USB_Host_Examples\红外源码刹车改好\MDK-ARM\JLinkSettings.ini"
 
JLink info:
------------
DLL: V4.40c, compiled Jan 24 2012 09:30:33
Firmware: J-Link ARM V8 compiled Nov 25 2013 19:20:08
Hardware: V8.00
S/N : 1350709590 
Feature(s) : RDI,FlashDL,FlashBP,JFlash,GDBFULL 
 
* JLink Info: TotalIRLen = 9, IRPrint = 0x0011
* JLink Info: Found Cortex-M3 r1p1, Little endian.
* JLink Info: TPIU fitted.
* JLink Info: ETM fitted.
* JLink Info:   FPUnit: 6 code (BP) slots and 2 literal slots
ROMTableAddr = 0xE00FF003
* JLink Info: TotalIRLen = 9, IRPrint = 0x0011
* JLink Info: Found Cortex-M3 r1p1, Little endian.
* JLink Info: TPIU fitted.
* JLink Info: ETM fitted.
* JLink Info:   FPUnit: 6 code (BP) slots and 2 literal slots
* JLink Info: Found Cortex-M3 r1p1, Little endian.
* JLink Info: TPIU fitted.
* JLink Info: ETM fitted.
* JLink Info:   FPUnit: 6 code (BP) slots and 2 literal slots
 
Target info:
------------
Device: STM32F105RC
VTarget = 3.313V
State of Pins: 
TCK: 1, TDI: 0, TDO: 0, TMS: 0, TRES: 1, TRST: 1
Hardware-Breakpoints: 6
Software-Breakpoints: 8192
Watchpoints:          4
JTAG speed: 2000 kHz
 
Erase Done.
Programming Done.
Verify OK.
Build target 'STM3210C-EVAL_USBH-FS'
compiling main.c...
..\src\main.c(446): warning:  #186-D: pointless comparison of unsigned integer with zero
linking...
Program Size: Code=26660 RO-data=11636 RW-data=752 ZI-data=9736  
FromELF: creating hex file...
User command #1: C:\Keil\ARM\BIN40\fromelf.exe --bin -o  ./STM3210C-EVAL/led.bin  ./STM3210C-EVAL/STM3210C-EVAL.axf
".\STM3210C-EVAL\STM3210C-EVAL.axf" - 0 Error(s), 1 Warning(s).
Load "C:\\Users\\edon\\Desktop\\现用程序\\STM32_APP\\Project\\USB_Host_Examples\\红外源码刹车改好\\MDK-ARM\\STM3210C-EVAL\\STM3210C-EVAL.AXF" 
* JLink Info: Device "STM32F105RC" selected (256 KB flash, 20 KB RAM).
Set JLink Project File to "C:\Users\edon\Desktop\现用程序\STM32_APP\Project\USB_Host_Examples\红外源码刹车改好\MDK-ARM\JLinkSettings.ini"
 
JLink info:
------------
DLL: V4.40c, compiled Jan 24 2012 09:30:33
Firmware: J-Link ARM V8 compiled Nov 25 2013 19:20:08
Hardware: V8.00
S/N : 1350709590 
Feature(s) : RDI,FlashDL,FlashBP,JFlash,GDBFULL 
 
* JLink Info: TotalIRLen = 9, IRPrint = 0x0011
* JLink Info: Found Cortex-M3 r1p1, Little endian.
* JLink Info: TPIU fitted.
* JLink Info: ETM fitted.
* JLink Info:   FPUnit: 6 code (BP) slots and 2 literal slots
ROMTableAddr = 0xE00FF003
* JLink Info: TotalIRLen = 9, IRPrint = 0x0011
* JLink Info: Found Cortex-M3 r1p1, Little endian.
* JLink Info: TPIU fitted.
* JLink Info: ETM fitted.
* JLink Info:   FPUnit: 6 code (BP) slots and 2 literal slots
* JLink Info: Found Cortex-M3 r1p1, Little endian.
* JLink Info: TPIU fitted.
* JLink Info: ETM fitted.
* JLink Info:   FPUnit: 6 code (BP) slots and 2 literal slots
 
Target info:
------------
Device: STM32F105RC
VTarget = 3.313V
State of Pins: 
TCK: 1, TDI: 0, TDO: 0, TMS: 0, TRES: 1, TRST: 1
Hardware-Breakpoints: 6
Software-Breakpoints: 8192
Watchpoints:          4
JTAG speed: 2000 kHz
 
Erase Done.
Programming Done.
Verify OK.
Build target 'STM3210C-EVAL_USBH-FS'
compiling main.c...
..\src\main.c(446): warning:  #186-D: pointless comparison of unsigned integer with zero
linking...
Program Size: Code=26672 RO-data=11636 RW-data=752 ZI-data=9736  
FromELF: creating hex file...
User command #1: C:\Keil\ARM\BIN40\fromelf.exe --bin -o  ./STM3210C-EVAL/led.bin  ./STM3210C-EVAL/STM3210C-EVAL.axf
".\STM3210C-EVAL\STM3210C-EVAL.axf" - 0 Error(s), 1 Warning(s).
Load "C:\\Users\\edon\\Desktop\\现用程序\\STM32_APP\\Project\\USB_Host_Examples\\红外源码刹车改好\\MDK-ARM\\STM3210C-EVAL\\STM3210C-EVAL.AXF" 
* JLink Info: Device "STM32F105RC" selected (256 KB flash, 20 KB RAM).
Set JLink Project File to "C:\Users\edon\Desktop\现用程序\STM32_APP\Project\USB_Host_Examples\红外源码刹车改好\MDK-ARM\JLinkSettings.ini"
 
JLink info:
------------
DLL: V4.40c, compiled Jan 24 2012 09:30:33
Firmware: J-Link ARM V8 compiled Nov 25 2013 19:20:08
Hardware: V8.00
S/N : 1350709590 
Feature(s) : RDI,FlashDL,FlashBP,JFlash,GDBFULL 
 
* JLink Info: TotalIRLen = 9, IRPrint = 0x0011
* JLink Info: Found Cortex-M3 r1p1, Little endian.
* JLink Info: TPIU fitted.
* JLink Info: ETM fitted.
* JLink Info:   FPUnit: 6 code (BP) slots and 2 literal slots
ROMTableAddr = 0xE00FF003
* JLink Info: TotalIRLen = 9, IRPrint = 0x0011
* JLink Info: Found Cortex-M3 r1p1, Little endian.
* JLink Info: TPIU fitted.
* JLink Info: ETM fitted.
* JLink Info:   FPUnit: 6 code (BP) slots and 2 literal slots
* JLink Info: Found Cortex-M3 r1p1, Little endian.
* JLink Info: TPIU fitted.
* JLink Info: ETM fitted.
* JLink Info:   FPUnit: 6 code (BP) slots and 2 literal slots
 
Target info:
------------
Device: STM32F105RC
VTarget = 3.313V
State of Pins: 
TCK: 1, TDI: 0, TDO: 0, TMS: 0, TRES: 1, TRST: 1
Hardware-Breakpoints: 6
Software-Breakpoints: 8192
Watchpoints:          4
JTAG speed: 2000 kHz
 
Erase Done.
Programming Done.
Verify OK.
