<html>
<body>
<pre>
<h1>µVision Build Log</h1>
<h2>Project:</h2>
C:\Users\Administrator\Desktop\STM32_APP_1\Project\USB_Host_Examples\lesson\MDK-ARM\USBH_MSC.uvproj
Project File Date:  07/17/2015

<h2>Output:</h2>
Build target 'STM3210C-EVAL_USBH-FS'
compiling main.c...
..\src\main.c(420): warning:  #186-D: pointless comparison of unsigned integer with zero
                if(num < 0 && num > 0x14)
..\src\main.c: 1 warning, 0 errors
linking...
Program Size: Code=29288 RO-data=11648 RW-data=760 ZI-data=10248  
FromELF: creating hex file...
After Build - User command #1: D:\Keil_v5\ARM\ARMCC\bin\fromelf.exe --bin -o  ./STM3210C-EVAL/led.bin  ./STM3210C-EVAL/STM3210C-EVAL.axf
".\STM3210C-EVAL\STM3210C-EVAL.axf" - 0 Error(s), 1 Warning(s).
</pre>
</body>
</html>
ator\\Desktop\\STM32_APP_1\\Project\\USB_Host_Examples\\lesson\\MDK-ARM\\STM3210C-EVAL\\STM3210C-EVAL.axf" 
Set JLink Project File to "C:\Users\Administrator\Desktop\STM32_APP_1\Project\USB_Host_Examples\lesson\MDK-ARM\JLinkSettings.ini"
* JLink Info: Device "STM32F105RC" selected (256 KB flash, 64 KB RAM).
 
JLink info:
------------
DLL: V4.80g, compiled Feb 13 2014 20:50:02
Firmware: J-Link ARM V8 compiled Nov 25 2013 19:20:08
Hardware: V8.00
S/N : 1350709590 
Feature(s) : RDI,FlashDL,FlashBP,JFlash,GDBFULL 
 
* JLink Info: TotalIRLen = 9, IRPrint = 0x0011
* JLink Info: TotalIRLen = 9, IRPrint = 0x0011
* JLink Info: Found Cortex-M3 r1p1, Little endian.
* JLink Info: FPUnit: 6 code (BP) slots and 2 literal slots
* JLink Info: TPIU fitted.
* JLink Info: ETM fitted.
ROMTableAddr = 0xE00FF003
 
Target info:
------------
Device: STM32F105RC
VTarget = 4.173V
State of Pins: 
TCK: 1, TDI: 0, TDO: 0, TMS: 0, TRES: 1, TRST: 1
Hardware-Breakpoints: 6
Software-Breakpoints: 8192
Watchpoints:          4
JTAG speed: 2000 kHz
 
Erase Done.
Programming Done.
Verify OK.
Load "C:\\Users\\Administrator\\Desktop\\STM32_APP_1\\Project\\USB_Host_Examples\\lesson\\MDK-ARM\\STM3210C-EVAL\\STM3210C-EVAL.axf" 
Error: Flash Download failed  -  Target DLL has been cancelled
Load "C:\\Users\\Administrator\\Desktop\\STM32_APP_1\\Project\\USB_Host_Examples\\lesson\\MDK-ARM\\STM3210C-EVAL\\STM3210C-EVAL.axf" 
Set JLink Project File to "C:\Users\Administrator\Desktop\STM32_APP_1\Project\USB_Host_Examples\lesson\MDK-ARM\JLinkSettings.ini"
* JLink Info: Device "STM32F105RC" selected (256 KB flash, 64 KB RAM).
 
JLink info:
------------
DLL: V4.80g, compiled Feb 13 2014 20:50:02
Firmware: J-Link ARM V8 compiled Nov 25 2013 19:20:08
Hardware: V8.00
S/N : 1350709590 
Feature(s) : RDI,FlashDL,FlashBP,JFlash,GDBFULL 
 
* JLink Info: TotalIRLen = 9, IRPrint = 0x0011
* JLink Info: TotalIRLen = 9, IRPrint = 0x0011
* JLink Info: Found Cortex-M3 r1p1, Little endian.
* JLink Info: FPUnit: 6 code (BP) slots and 2 literal slots
* JLink Info: TPIU fitted.
* JLink Info: ETM fitted.
ROMTableAddr = 0xE00FF003
 
Target info:
------------
Device: STM32F105RC
VTarget = 4.134V
State of Pins: 
TCK: 1, TDI: 0, TDO: 0, TMS: 0, TRES: 1, TRST: 1
Hardware-Breakpoints: 6
Software-Breakpoints: 8192
Watchpoints:          4
JTAG speed: 2000 kHz
 
Erase Done.
Programming Done.
Verify OK.
