ARM Linker, 4.1 [Build 894] [Standard]

==============================================================================

Section Cross References

    stm32fxxx_it.o(i.EXTI1_IRQHandler) refers to stm32f10x_exti.o(i.EXTI_GetITStatus) for EXTI_GetITStatus
    stm32fxxx_it.o(i.EXTI1_IRQHandler) refers to stm32f10x_exti.o(i.EXTI_ClearITPendingBit) for EXTI_ClearITPendingBit
    stm32fxxx_it.o(i.EXTI1_IRQHandler) refers to main.o(.bss) for USB_Host
    stm32fxxx_it.o(i.OTG_FS_IRQHandler) refers to usb_hcd_int.o(i.USBH_OTG_ISR_Handler) for USBH_OTG_ISR_Handler
    stm32fxxx_it.o(i.OTG_FS_IRQHandler) refers to main.o(.bss) for USB_OTG_Core
    stm32fxxx_it.o(i.TIM2_IRQHandler) refers to usb_bsp.o(i.USB_OTG_BSP_TimerIRQ) for USB_OTG_BSP_TimerIRQ
    usb_bsp.o(i.BSP_Delay) refers to usb_bsp.o(i.BSP_SetTime) for BSP_SetTime
    usb_bsp.o(i.BSP_Delay) refers to stm32f10x_tim.o(i.TIM_Cmd) for TIM_Cmd
    usb_bsp.o(i.BSP_Delay) refers to usb_bsp.o(.data) for .data
    usb_bsp.o(i.BSP_SetTime) refers to stm32f10x_tim.o(i.TIM_Cmd) for TIM_Cmd
    usb_bsp.o(i.BSP_SetTime) refers to stm32f10x_tim.o(i.TIM_ITConfig) for TIM_ITConfig
    usb_bsp.o(i.BSP_SetTime) refers to stm32f10x_tim.o(i.TIM_TimeBaseInit) for TIM_TimeBaseInit
    usb_bsp.o(i.BSP_SetTime) refers to stm32f10x_tim.o(i.TIM_ClearITPendingBit) for TIM_ClearITPendingBit
    usb_bsp.o(i.BSP_SetTime) refers to stm32f10x_tim.o(i.TIM_ARRPreloadConfig) for TIM_ARRPreloadConfig
    usb_bsp.o(i.USB_OTG_BSP_ConfigVBUS) refers to stm32f10x_rcc.o(i.RCC_APB2PeriphClockCmd) for RCC_APB2PeriphClockCmd
    usb_bsp.o(i.USB_OTG_BSP_ConfigVBUS) refers to stm32f10x_gpio.o(i.GPIO_Init) for GPIO_Init
    usb_bsp.o(i.USB_OTG_BSP_ConfigVBUS) refers to stm32f10x_gpio.o(i.GPIO_SetBits) for GPIO_SetBits
    usb_bsp.o(i.USB_OTG_BSP_ConfigVBUS) refers to usb_bsp.o(i.USB_OTG_BSP_mDelay) for USB_OTG_BSP_mDelay
    usb_bsp.o(i.USB_OTG_BSP_DriveVBUS) refers to stm32f10x_gpio.o(i.GPIO_ResetBits) for GPIO_ResetBits
    usb_bsp.o(i.USB_OTG_BSP_DriveVBUS) refers to stm32f10x_gpio.o(i.GPIO_SetBits) for GPIO_SetBits
    usb_bsp.o(i.USB_OTG_BSP_EnableInterrupt) refers to misc.o(i.NVIC_PriorityGroupConfig) for NVIC_PriorityGroupConfig
    usb_bsp.o(i.USB_OTG_BSP_EnableInterrupt) refers to misc.o(i.NVIC_Init) for NVIC_Init
    usb_bsp.o(i.USB_OTG_BSP_Init) refers to stm32f10x_rcc.o(i.RCC_OTGFSCLKConfig) for RCC_OTGFSCLKConfig
    usb_bsp.o(i.USB_OTG_BSP_Init) refers to stm32f10x_rcc.o(i.RCC_AHBPeriphClockCmd) for RCC_AHBPeriphClockCmd
    usb_bsp.o(i.USB_OTG_BSP_Init) refers to misc.o(i.NVIC_PriorityGroupConfig) for NVIC_PriorityGroupConfig
    usb_bsp.o(i.USB_OTG_BSP_Init) refers to misc.o(i.NVIC_Init) for NVIC_Init
    usb_bsp.o(i.USB_OTG_BSP_Init) refers to stm32f10x_rcc.o(i.RCC_APB1PeriphClockCmd) for RCC_APB1PeriphClockCmd
    usb_bsp.o(i.USB_OTG_BSP_TimerIRQ) refers to stm32f10x_tim.o(i.TIM_GetITStatus) for TIM_GetITStatus
    usb_bsp.o(i.USB_OTG_BSP_TimerIRQ) refers to stm32f10x_tim.o(i.TIM_ClearITPendingBit) for TIM_ClearITPendingBit
    usb_bsp.o(i.USB_OTG_BSP_TimerIRQ) refers to stm32f10x_tim.o(i.TIM_Cmd) for TIM_Cmd
    usb_bsp.o(i.USB_OTG_BSP_TimerIRQ) refers to usb_bsp.o(.data) for .data
    usb_bsp.o(i.USB_OTG_BSP_mDelay) refers to usb_bsp.o(i.BSP_Delay) for BSP_Delay
    usb_bsp.o(i.USB_OTG_BSP_uDelay) refers to usb_bsp.o(i.BSP_Delay) for BSP_Delay
    main.o(i.alloc_memory) refers to malloc.o(i.malloc) for malloc
    main.o(i.alloc_memory) refers to main.o(.data) for .data
    main.o(i.cpu_run) refers to stm32f10x_gpio.o(i.GPIO_ResetBits) for GPIO_ResetBits
    main.o(i.cpu_stop) refers to stm32f10x_gpio.o(i.GPIO_SetBits) for GPIO_SetBits
    main.o(i.data_process) refers to memseta.o(.text) for __aeabi_memclr4
    main.o(i.data_process) refers to main.o(i.add_line_info) for add_line_info
    main.o(i.data_process) refers to spi_flash.o(i.SST25_W_BLOCK) for SST25_W_BLOCK
    main.o(i.data_process) refers to main.o(.bss) for .bss
    main.o(i.data_process) refers to main.o(.data) for .data
    main.o(i.flash_run) refers to stm32f10x_gpio.o(i.GPIO_ResetBits) for GPIO_ResetBits
    main.o(i.flash_stop) refers to stm32f10x_gpio.o(i.GPIO_SetBits) for GPIO_SetBits
    main.o(i.get_brake_state) refers to stm32f10x_gpio.o(i.GPIO_ReadInputDataBit) for GPIO_ReadInputDataBit
    main.o(i.get_cfg_from_flash) refers to memseta.o(.text) for __aeabi_memclr4
    main.o(i.get_cfg_from_flash) refers to spi_flash.o(i.SST25_R_BLOCK) for SST25_R_BLOCK
    main.o(i.get_cfg_from_flash) refers to main.o(.data) for .data
    main.o(i.get_disp_state) refers to memseta.o(.text) for __aeabi_memclr4
    main.o(i.get_disp_state) refers to main.o(i.get_light_state) for get_light_state
    main.o(i.get_disp_state) refers to main.o(.bss) for .bss
    main.o(i.get_disp_state) refers to main.o(.data) for .data
    main.o(i.get_left_state) refers to stm32f10x_gpio.o(i.GPIO_ReadInputDataBit) for GPIO_ReadInputDataBit
    main.o(i.get_light_state) refers to stm32f10x_gpio.o(i.GPIO_ReadInputDataBit) for GPIO_ReadInputDataBit
[...]
    i.get_line_from_flash                    0x08011c90   Section        0  main.o(i.get_line_from_flash)
    i.gpio_init                              0x08011d28   Section        0  main.o(i.gpio_init)
    i.led_board_16_coldata_out               0x08011dd0   Section        0  led_screen.o(i.led_board_16_coldata_out)
    i.led_board_16_row_number                0x08011e34   Section        0  led_screen.o(i.led_board_16_row_number)
    i.main                                   0x08011e94   Section        0  main.o(i.main)
    i.malloc                                 0x08011f6c   Section        0  malloc.o(i.malloc)
    i.mem_cpy                                0x08011fd8   Section        0  ff.o(i.mem_cpy)
    mem_cpy                                  0x08011fd9   Thumb Code    18  ff.o(i.mem_cpy)
    i.mem_set                                0x08011fea   Section        0  ff.o(i.mem_set)
    mem_set                                  0x08011feb   Thumb Code    14  ff.o(i.mem_set)
    i.move_16_disp_string                    0x08011ff8   Section        0  led_screen.o(i.move_16_disp_string)
    i.move_16_refresh_led_screen             0x08012230   Section        0  led_screen.o(i.move_16_refresh_led_screen)
    i.move_window                            0x08012324   Section        0  ff.o(i.move_window)
    move_window                              0x08012325   Thumb Code   106  ff.o(i.move_window)
    i.put_fat                                0x0801238e   Section        0  ff.o(i.put_fat)
    i.remove_chain                           0x0801247e   Section        0  ff.o(i.remove_chain)
    remove_chain                             0x0801247f   Thumb Code    98  ff.o(i.remove_chain)
    i.static_16_disp_string                  0x080124e0   Section        0  led_screen.o(i.static_16_disp_string)
    i.static_16_refresh_led_screen           0x08012698   Section        0  led_screen.o(i.static_16_refresh_led_screen)
    i.sync                                   0x08012780   Section        0  ff.o(i.sync)
    sync                                     0x08012781   Thumb Code   184  ff.o(i.sync)
    i.validate                               0x08012838   Section        0  ff.o(i.validate)
    validate                                 0x08012839   Thumb Code    32  ff.o(i.validate)
    i.wwdg_init                              0x08012858   Section        0  wwdg.o(i.wwdg_init)
    .constdata                               0x080128bc   Section      259  usbh_usr.o(.constdata)
    .constdata                               0x080129c0   Section      194  ff.o(.constdata)
    cvt                                      0x080129c0   Data         128  ff.o(.constdata)
    sstbl                                    0x08012a40   Data          44  ff.o(.constdata)
    cstbl                                    0x08012a6c   Data          22  ff.o(.constdata)
    .constdata                               0x08012a84   Section       84  stm3210c_eval.o(.constdata)
    .constdata                               0x08012ad8   Section     4560  stm3210c_eval_lcd.o(.constdata)
    .constdata                               0x08013ca8   Section     2304  stm3210c_eval_lcd.o(.constdata)
    .constdata                               0x080145a8   Section     2304  stm3210c_eval_lcd.o(.constdata)
    .conststring                             0x08014ea8   Section        9  main.o(.conststring)
    .data                                    0x20000000   Section        4  usb_bsp.o(.data)
    .data                                    0x20000004   Section       28  main.o(.data)
    .data                                    0x20000020   Section        2  usbh_usr.o(.data)
    startup                                  0x20000021   Data           1  usbh_usr.o(.data)
    .data                                    0x20000024   Section       72  usbh_usr.o(.data)
    .data                                    0x2000006c   Section     1740  led_screen.o(.data)
    .data                                    0x20000738   Section        2  wwdg.o(.data)
    flag                                     0x20000739   Data           1  wwdg.o(.data)
    .data                                    0x2000073c   Section       12  remote.o(.data)
    .data                                    0x20000748   Section        4  timer.o(.data)
    counter                                  0x20000748   Data           4  timer.o(.data)
    .data                                    0x2000074c   Section        4  usbh_stdreq.o(.data)
    prev_itf                                 0x2000074c   Data           1  usbh_stdreq.o(.data)
    prev_ep_size                             0x2000074e   Data           2  usbh_stdreq.o(.data)
    .data                                    0x20000750   Section       12  usbh_core.o(.data)
    .data                                    0x2000075c   Section        4  usbh_core.o(.data)
    .data                                    0x20000760   Section        2  usbh_core.o(.data)
    timeout                                  0x20000760   Data           2  usbh_core.o(.data)
    .data                                    0x20000762   Section        1  usbh_msc_scsi.o(.data)
    status                                   0x20000762   Data           1  usbh_msc_scsi.o(.data)
    .data                                    0x20000764   Section       20  usbh_msc_bot.o(.data)
    error_direction                          0x20000764   Data           1  usbh_msc_bot.o(.data)
    remainingDataLength                      0x20000768   Data           4  usbh_msc_bot.o(.data)
    datapointer                              0x2000076c   Data           4  usbh_msc_bot.o(.data)
    datapointer_prev                         0x20000770   Data           4  usbh_msc_bot.o(.data)
    BOTStallErrorCount                       0x20000774   Data           4  usbh_msc_bot.o(.data)
    .data                                    0x20000778   Section        2  usbh_msc_core.o(.data)
    maxLunExceed                             0x20000779   Data           1  usbh_msc_core.o(.data)
    .data                                    0x2000077c   Section       16  usbh_msc_core.o(.data)
    .data                                    0x2000078c   Section        1  usbh_msc_fatfs.o(.data)
    Stat                                     0x2000078c   Data           1  usbh_msc_fatfs.o(.data)
    .data                                    0x20000790   Section       12  ff.o(.data)
    Fsid                                     0x20000790   Data           2  ff.o(.data)
    FatFs                                    0x20000794   Data           8  ff.o(.data)
    .data                                    0x2000079c   Section       18  lcd_log.o(.data)
    .data                                    0x200007b0   Section       40  stm3210c_eval.o(.data)
    .data                                    0x200007d8   Section       16  stm3210c_eval_lcd.o(.data)
    LCD_Currentfonts                         0x200007dc   Data           4  stm3210c_eval_lcd.o(.data)
    .data                                    0x200007e8   Section        8  stm3210c_eval_lcd.o(.data)
    .data                                    0x200007f0   Section        8  stm3210c_eval_lcd.o(.data)
    .data                                    0x200007f8   Section        4  stdout.o(.data)
    .data                                    0x200007fc   Section        4  mvars.o(.data)
    .data                                    0x20000800   Section        4  mvars.o(.data)
    .bss                                     0x20000804   Section     1944  main.o(.bss)
    .bss                                     0x20000f9c   Section     1108  usbh_usr.o(.bss)
    .bss                                     0x200013f0   Section      512  usbh_stdreq.o(.bss)
    .bss                                     0x200015f0   Section      528  usbh_msc_scsi.o(.bss)
    .bss                                     0x20001800   Section       64  usbh_msc_bot.o(.bss)
    .bss                                     0x20001840   Section       74  usbh_msc_core.o(.bss)
    .bss                                     0x2000188a   Section      624  lcd_log.o(.bss)
    HEAP                                     0x20001b00   Section      512  startup_stm32f10x_cl.o(HEAP)
    STACK                                    0x20001d00   Section     1024  startup_stm32f10x_cl.o(STACK)

    Global Symbols

    Symbol Name                              Value     Ov Type        Size  Object(Section)

    BuildAttributes$$THM_ISAv4$P$D$K$B$S$PE$A:L22UL41UL21$X:L11$S22US41US21$IEEE1$IW$USESV6$~STKCKD$USESV7$~SHL$OSPACE$ROPI$EBA8$MICROLIB$REQ8$PRES8$EABIv2 0x00000000   Number         0  anon$$obj.o ABSOLUTE
    __ARM_use_no_argv                        0x00000000   Number         0  main.o ABSOLUTE
    _printf_a                                0x00000000   Number         0  stubs.o ABSOLUTE
    _printf_c                                0x00000000   Number         0  stubs.o ABSOLUTE
    _printf_charcount                        0x00000000   Number         0  stubs.o ABSOLUTE
    _printf_d                                0x00000000   Number         0  stubs.o ABSOLUTE
    _printf_e                                0x00000000   Number         0  stubs.o ABSOLUTE
    _printf_f                                0x00000000   Number         0  stubs.o ABSOLUTE
    _printf_flags                            0x00000000   Number         0  stubs.o ABSOLUTE
    _printf_fp_dec                           0x00000000   Number         0  stubs.o ABSOLUTE
    _printf_fp_hex                           0x00000000   Number         0  stubs.o ABSOLUTE
    _printf_g                                0x00000000   Number         0  stubs.o ABSOLUTE
    _printf_i                                0x00000000   Number         0  stubs.o ABSOLUTE
    _printf_int_dec                          0x00000000   Number         0  stubs.o ABSOLUTE
    _printf_l                                0x00000000   Number         0  stubs.o ABSOLUTE
    _printf_lc                               0x00000000   Number         0  stubs.o ABSOLUTE
    _printf_ll                               0x00000000   Number         0  stubs.o ABSOLUTE
    _printf_lld                              0x00000000   Number         0  stubs.o ABSOLUTE
    _printf_lli                              0x00000000   Number         0  stubs.o ABSOLUTE
    _printf_llo                              0x00000000   Number         0  stubs.o ABSOLUTE
    _printf_llu                              0x00000000   Number         0  stubs.o ABSOLUTE
    _printf_llx                              0x00000000   Number         0  stubs.o ABSOLUTE
    _printf_longlong_dec                     0x00000000   Number         0  stubs.o ABSOLUTE
    _printf_longlong_hex                     0x00000000   Number         0  stubs.o ABSOLUTE
    _printf_longlong_oct                     0x00000000   Number         0  stubs.o ABSOLUTE
    _printf_ls                               0x00000000   Number         0  stubs.o ABSOLUTE
    _printf_mbtowc                           0x00000000   Number         0  stubs.o ABSOLUTE
    _printf_n                                0x00000000   Number         0  stubs.o ABSOLUTE
    _printf_o                                0x00000000   Number         0  stubs.o ABSOLUTE
    _printf_p                                0x00000000   Number         0  stubs.o ABSOLUTE
    _printf_percent                          0x00000000   Number         0  stubs.o ABSOLUTE
    _printf_pre_padding                      0x00000000   Number         0  stubs.o ABSOLUTE
    _printf_return_value                     0x00000000   Number         0  stubs.o ABSOLUTE
    _printf_s                                0x00000000   Number         0  stubs.o ABSOLUTE
    _printf_sizespec                         0x00000000   Number         0  stubs.o ABSOLUTE
    _printf_str                              0x00000000   Number         0  stubs.o ABSOLUTE
    _printf_truncate_signed                  0x00000000   Number         0  stubs.o ABSOLUTE
    _printf_truncate_unsigned                0x00000000   Number         0  stubs.o ABSOLUTE
    _printf_u                                0x00000000   Number         0  stubs.o ABSOLUTE
    _printf_wc                               0x00000000   Number         0  stubs.o ABSOLUTE
    _printf_wctomb                           0x00000000   Number         0  stubs.o ABSOLUTE
    _printf_widthprec                        0x00000000   Number         0  stubs.o ABSOLUTE
    _printf_x                                0x00000000   Number         0  stubs.o ABSOLUTE
    _clock_init                               - Undefined Weak Reference
    __Vectors_Size                           0x00000150   Number         0  startup_stm32f10x_cl.o ABSOLUTE
    __Vectors                                0x0800c000   Data           4  startup_stm32f10x_cl.o(RESET)
    __Vectors_End                            0x0800c150   Data           0  startup_stm32f10x_cl.o(RESET)
    __main                                   0x0800c151   Thumb Code     0  entry.o(.ARM.Collect$$$$00000000)
    _main_stk                                0x0800c151   Thumb Code     0  entry2.o(.ARM.Collect$$$$00000001)
    _main_scatterload                        0x0800c155   Thumb Code     0  entry5.o(.ARM.Collect$$$$00000004)
    __main_after_scatterload                 0x0800c159   Thumb Code     0  entry5.o(.ARM.Collect$$$$00000004)
    _main_clock                              0x0800c159   Thumb Code     0  entry7b.o(.ARM.Collect$$$$00000008)
    _main_init                               0x0800c159   Thumb Code     0  entry8.o(.ARM.Collect$$$$00000009)
    Reset_Handler                            0x0800c165   Thumb Code     8  startup_stm32f10x_cl.o(.text)
    SysTick_Handler                          0x0800c17d   Thumb Code     2  startup_stm32f10x_cl.o(.text)
    ADC1_2_IRQHandler                        0x0800c17f   Thumb Code     0  startup_stm32f10x_cl.o(.text)
    CAN1_RX0_IRQHandler                      0x0800c17f   Thumb Code     0  startup_stm32f10x_cl.o(.text)
    CAN1_RX1_IRQHandler                      0x0800c17f   Thumb Code     0  startup_stm32f10x_cl.o(.text)
    CAN1_SCE_IRQHandler                      0x0800c17f   Thumb Code     0  startup_stm32f10x_cl.o(.text)
    CAN1_TX_IRQHandler                       0x0800c17f   Thumb Code     0  startup_stm32f10x_cl.o(.text)
    CAN2_RX0_IRQHandler                      0x0800c17f   Thumb Code     0  startup_stm32f10x_cl.o(.text)
    CAN2_RX1_IRQHandler                      0x0800c17f   Thumb Code     0  startup_stm32f10x_cl.o(.text)
    CAN2_SCE_IRQHandler                      0x0800c17f   Thumb Code     0  startup_stm32f10x_cl.o(.text)
    CAN2_TX_IRQHandler                       0x0800c17f   Thumb Code     0  startup_stm32f10x_cl.o(.text)
    DMA1_Channel1_IRQHandler                 0x0800c17f   Thumb Code     0  startup_stm32f10x_cl.o(.text)
    DMA1_Channel2_IRQHandler                 0x0800c17f   Thumb Code     0  startup_stm32f10x_cl.o(.text)
    DMA1_Channel3_IRQHandler                 0x0800c17f   Thumb Code     0  startup_stm32f10x_cl.o(.text)
    DMA1_Channel4_IRQHandler                 0x0800c17f   Thumb Code     0  startup_stm32f10x_cl.o(.text)
    DMA1_Channel5_IRQHandler                 0x0800c17f   Thumb Code     0  startup_stm32f10x_cl.o(.text)
    DMA1_Channel6_IRQHandler                 0x0800c17f   Thumb Code     0  startup_stm32f10x_cl.o(.text)
    DMA1_Channel7_IRQHandler                 0x0800c17f   Thumb Code     0  startup_stm32f10x_cl.o(.text)
    DMA2_Channel1_IRQHandler                 0x0800c17f   Thumb Code     0  startup_stm32f10x_cl.o(.text)
    DMA2_Channel2_IRQHandler                 0x0800c17f   Thumb Code     0  startup_stm32f10x_cl.o(.text)
    DMA2_Channel3_IRQHandler                 0x0800c17f   Thumb Code     0  startup_stm32f10x_cl.o(.text)
    DMA2_Channel4_IRQHandler                 0x0800c17f   Thumb Code     0  startup_stm32f10x_cl.o(.text)
    DMA2_Channel5_IRQHandler                 0x0800c17f   Thumb Code     0  startup_stm32f10x_cl.o(.text)
    ETH_IRQHandler                           0x0800c17f   Thumb Code     0  startup_stm32f10x_cl.o(.text)
    ETH_WKUP_IRQHandler                      0x0800c17f   Thumb Code     0  startup_stm32f10x_cl.o(.text)
    EXTI0_IRQHandler                         0x0800c17f   Thumb Code     0  startup_stm32f10x_cl.o(.text)
    EXTI15_10_IRQHandler                     0x0800c17f   Thumb Code     0  startup_stm32f10x_cl.o(.text)
    EXTI2_IRQHandler                         0x0800c17f   Thumb Code     0  startup_stm32f10x_cl.o(.text)
    EXTI3_IRQHandler                         0x0800c17f   Thumb Code     0  startup_stm32f10x_cl.o(.text)
    EXTI4_IRQHandler                         0x0800c17f   Thumb Code     0  startup_stm32f10x_cl.o(.text)
    EXTI9_5_IRQHandler                       0x0800c17f   Thumb Code     0  startup_stm32f10x_cl.o(.text)
    FLASH_IRQHandler                         0x0800c17f   Thumb Code     0  startup_stm32f10x_cl.o(.text)
    I2C1_ER_IRQHandler                       0x0800c17f   Thumb Code     0  startup_stm32f10x_cl.o(.text)
    I2C1_EV_IRQHandler                       0x0800c17f   Thumb Code     0  startup_stm32f10x_cl.o(.text)
    I2C2_ER_IRQHandler                       0x0800c17f   Thumb Code     0  startup_stm32f10x_cl.o(.text)
    I2C2_EV_IRQHandler                       0x0800c17f   Thumb Code     0  startup_stm32f10x_cl.o(.text)
    OTG_FS_WKUP_IRQHandler                   0x0800c17f   Thumb Code     0  startup_stm32f10x_cl.o(.text)
    PVD_IRQHandler                           0x0800c17f   Thumb Code     0  startup_stm32f10x_cl.o(.text)
    RCC_IRQHandler                           0x0800c17f   Thumb Code     0  startup_stm32f10x_cl.o(.text)
    RTCAlarm_IRQHandler                      0x0800c17f   Thumb Code     0  startup_stm32f10x_cl.o(.text)
    RTC_IRQHandler                           0x0800c17f   Thumb Code     0  startup_stm32f10x_cl.o(.text)
    SPI1_IRQHandler                          0x0800c17f   Thumb Code     0  startup_stm32f10x_cl.o(.text)
    SPI2_IRQHandler                          0x0800c17f   Thumb Code     0  startup_stm32f10x_cl.o(.text)
    SPI3_IRQHandler                          0x0800c17f   Thumb Code     0  startup_stm32f10x_cl.o(.text)
    TAMPER_IRQHandler                        0x0800c17f   Thumb Code     0  startup_stm32f10x_cl.o(.text)
    TIM1_BRK_IRQHandler                      0x0800c17f   Thumb Code     0  startup_stm32f10x_cl.o(.text)
    TIM1_CC_IRQHandler                       0x0800c17f   Thumb Code     0  startup_stm32f10x_cl.o(.text)
    TIM1_TRG_COM_IRQHandler                  0x0800c17f   Thumb Code     0  startup_stm32f10x_cl.o(.text)
    TIM1_UP_IRQHandler                       0x0800c17f   Thumb Code     0  startup_stm32f10x_cl.o(.text)
    TIM4_IRQHandler                          0x0800c17f   Thumb Code     0  startup_stm32f10x_cl.o(.text)
    TIM6_IRQHandler                          0x0800c17f   Thumb Code     0  startup_stm32f10x_cl.o(.text)
    TIM7_IRQHandler                          0x0800c17f   Thumb Code     0  startup_stm32f10x_cl.o(.text)
    UART4_IRQHandler                         0x0800c17f   Thumb Code     0  startup_stm32f10x_cl.o(.text)
    UART5_IRQHandler                         0x0800c17f   Thumb Code     0  startup_stm32f10x_cl.o(.text)
    USART1_IRQHandler                        0x0800c17f   Thumb Code     0  startup_stm32f10x_cl.o(.text)
    USART2_IRQHandler                        0x0800c17f   Thumb Code     0  startup_stm32f10x_cl.o(.text)
    USART3_IRQHandler                        0x0800c17f   Thumb Code     0  startup_stm32f10x_cl.o(.text)
    __aeabi_memcpy                           0x0800c189   Thumb Code    36  memcpya.o(.text)
    __aeabi_memcpy4                          0x0800c189   Thumb Code     0  memcpya.o(.text)
    __aeabi_memcpy8                          0x0800c189   Thumb Code     0  memcpya.o(.text)
    __aeabi_memset                           0x0800c1ad   Thumb Code    14  memseta.o(.text)
    __aeabi_memset4                          0x0800c1ad   Thumb Code     0  memseta.o(.text)
    __aeabi_memset8                          0x0800c1ad   Thumb Code     0  memseta.o(.text)
    __aeabi_memclr                           0x0800c1bb   Thumb Code     4  memseta.o(.text)
    __aeabi_memclr4                          0x0800c1bb   Thumb Code     0  memseta.o(.text)
    __aeabi_memclr8                          0x0800c1bb   Thumb Code     0  memseta.o(.text)
    _memset$wrapper                          0x0800c1bf   Thumb Code    20  memseta.o(.text)
    __aeabi_uldivmod                         0x0800c1d3   Thumb Code    98  uldiv.o(.text)
    __scatterload                            0x0800c235   Thumb Code    28  init.o(.text)
    __scatterload_rt2                        0x0800c235   Thumb Code     0  init.o(.text)
    __aeabi_llsl                             0x0800c259   Thumb Code    30  llshl.o(.text)
    _ll_shift_l                              0x0800c259   Thumb Code     0  llshl.o(.text)
    __aeabi_llsr                             0x0800c277   Thumb Code    32  llushr.o(.text)
    _ll_ushift_r                             0x0800c277   Thumb Code     0  llushr.o(.text)
    __decompress                             0x0800c297   Thumb Code     0  __dczerorl2.o(.text)
    __decompress1                            0x0800c297   Thumb Code    92  __dczerorl2.o(.text)
    BusFault_Handler                         0x0800c385   Thumb Code     2  stm32fxxx_it.o(i.BusFault_Handler)
    Busy_Check                               0x0800c389   Thumb Code    18  spi_flash.o(i.Busy_Check)
    DebugMon_Handler                         0x0800c39b   Thumb Code     2  stm32fxxx_it.o(i.DebugMon_Handler)
    EXTI1_IRQHandler                         0x0800c39d   Thumb Code    34  stm32fxxx_it.o(i.EXTI1_IRQHandler)
    EXTI_ClearITPendingBit                   0x0800c3c5   Thumb Code     6  stm32f10x_exti.o(i.EXTI_ClearITPendingBit)
    EXTI_GetITStatus                         0x0800c3d1   Thumb Code    28  stm32f10x_exti.o(i.EXTI_GetITStatus)
    EXTI_Init                                0x0800c3f1   Thumb Code   108  stm32f10x_exti.o(i.EXTI_Init)
    GPIO_EXTILineConfig                      0x0800c461   Thumb Code    34  stm32f10x_gpio.o(i.GPIO_EXTILineConfig)
    GPIO_Init                                0x0800c489   Thumb Code   164  stm32f10x_gpio.o(i.GPIO_Init)
    GPIO_PinRemapConfig                      0x0800c52d   Thumb Code    82  stm32f10x_gpio.o(i.GPIO_PinRemapConfig)
    GPIO_ReadInputDataBit                    0x0800c585   Thumb Code    14  stm32f10x_gpio.o(i.GPIO_ReadInputDataBit)
    GPIO_ResetBits                           0x0800c593   Thumb Code     4  stm32f10x_gpio.o(i.GPIO_ResetBits)
    GPIO_SetBits                             0x0800c597   Thumb Code     4  stm32f10x_gpio.o(i.GPIO_SetBits)
    GPIO_WriteBit                            0x0800c59b   Thumb Code    10  stm32f10x_gpio.o(i.GPIO_WriteBit)
    GetHZDot                                 0x0800c5a5   Thumb Code    32  ziku.o(i.GetHZDot)
    HCD_GetCurrentFrame                      0x0800c5c5   Thumb Code     8  usb_hcd.o(i.HCD_GetCurrentFrame)
    HCD_GetCurrentSpeed                      0x0800c5cd   Thumb Code    12  usb_hcd.o(i.HCD_GetCurrentSpeed)
    HCD_GetURB_State                         0x0800c5d9   Thumb Code     8  usb_hcd.o(i.HCD_GetURB_State)
    HCD_GetXferCnt                           0x0800c5e1   Thumb Code    10  usb_hcd.o(i.HCD_GetXferCnt)
    HCD_Init                                 0x0800c5eb   Thumb Code    86  usb_hcd.o(i.HCD_Init)
    HCD_IsDeviceConnected                    0x0800c641   Thumb Code     6  usb_hcd.o(i.HCD_IsDeviceConnected)
    HCD_ResetPort                            0x0800c647   Thumb Code    10  usb_hcd.o(i.HCD_ResetPort)
    HCD_SubmitRequest                        0x0800c651   Thumb Code    20  usb_hcd.o(i.HCD_SubmitRequest)
    HardFault_Handler                        0x0800c665   Thumb Code     2  stm32fxxx_it.o(i.HardFault_Handler)
    LCD_Clear                                0x0800c669   Thumb Code    50  stm3210c_eval_lcd.o(i.LCD_Clear)
    LCD_ClearLine                            0x0800c6a1   Thumb Code    44  stm3210c_eval_lcd.o(i.LCD_ClearLine)
    LCD_CtrlLinesConfig                      0x0800c6d1   Thumb Code    38  stm3210c_eval_lcd.o(i.LCD_CtrlLinesConfig)
    LCD_CtrlLinesWrite                       0x0800c6fd   Thumb Code     4  stm3210c_eval_lcd.o(i.LCD_CtrlLinesWrite)
    LCD_DisplayChar                          0x0800c701   Thumb Code    26  stm3210c_eval_lcd.o(i.LCD_DisplayChar)
    LCD_DisplayStringLine                    0x0800c721   Thumb Code    56  stm3210c_eval_lcd.o(i.LCD_DisplayStringLine)
    LCD_DrawChar                             0x0800c75d   Thumb Code   132  stm3210c_eval_lcd.o(i.LCD_DrawChar)
    LCD_GetFont                              0x0800c7e9   Thumb Code     6  stm3210c_eval_lcd.o(i.LCD_GetFont)
    LCD_LOG_ClearTextZone                    0x0800c7f5   Thumb Code    38  lcd_log.o(i.LCD_LOG_ClearTextZone)
    LCD_LOG_DeInit                           0x0800c81d   Thumb Code    34  lcd_log.o(i.LCD_LOG_DeInit)
    LCD_LOG_Init                             0x0800c845   Thumb Code    16  lcd_log.o(i.LCD_LOG_Init)
    LCD_LOG_SetFooter                        0x0800c855   Thumb Code   100  lcd_log.o(i.LCD_LOG_SetFooter)
    LCD_LOG_SetHeader                        0x0800c8b9   Thumb Code   136  lcd_log.o(i.LCD_LOG_SetHeader)
    LCD_ReadReg                              0x0800c9e9   Thumb Code   184  stm3210c_eval_lcd.o(i.LCD_ReadReg)
    LCD_SPIConfig                            0x0800caa9   Thumb Code   158  stm3210c_eval_lcd.o(i.LCD_SPIConfig)
    LCD_SetBackColor                         0x0800cb55   Thumb Code     6  stm3210c_eval_lcd.o(i.LCD_SetBackColor)
    LCD_SetCursor                            0x0800cb61   Thumb Code    24  stm3210c_eval_lcd.o(i.LCD_SetCursor)
    LCD_SetFont                              0x0800cb79   Thumb Code     6  stm3210c_eval_lcd.o(i.LCD_SetFont)
    LCD_SetTextColor                         0x0800cb85   Thumb Code     6  stm3210c_eval_lcd.o(i.LCD_SetTextColor)
    LCD_Setup                                0x0800cb91   Thumb Code  1030  stm3210c_eval_lcd.o(i.LCD_Setup)
    LCD_WriteRAM                             0x0800cf99   Thumb Code    48  stm3210c_eval_lcd.o(i.LCD_WriteRAM)
    LCD_WriteRAM_Prepare                     0x0800cfcd   Thumb Code    18  stm3210c_eval_lcd.o(i.LCD_WriteRAM_Prepare)
    LCD_WriteReg                             0x0800cfe1   Thumb Code    70  stm3210c_eval_lcd.o(i.LCD_WriteReg)
    LCD_WriteRegIndex                        0x0800d031   Thumb Code    66  stm3210c_eval_lcd.o(i.LCD_WriteRegIndex)
    LCD_nCS_StartByte                        0x0800d07d   Thumb Code    38  stm3210c_eval_lcd.o(i.LCD_nCS_StartByte)
    MemManage_Handler                        0x0800d0ad   Thumb Code     2  stm32fxxx_it.o(i.MemManage_Handler)
    NMI_Handler                              0x0800d0af   Thumb Code     2  stm32fxxx_it.o(i.NMI_Handler)
    NVIC_Init                                0x0800d0b1   Thumb Code    92  misc.o(i.NVIC_Init)
    NVIC_PriorityGroupConfig                 0x0800d115   Thumb Code    10  misc.o(i.NVIC_PriorityGroupConfig)
    NVIC_SetVectorTable                      0x0800d129   Thumb Code    12  misc.o(i.NVIC_SetVectorTable)
    OTG_FS_IRQHandler                        0x0800d13d   Thumb Code     6  stm32fxxx_it.o(i.OTG_FS_IRQHandler)
    PendSV_Handler                           0x0800d149   Thumb Code     2  stm32fxxx_it.o(i.PendSV_Handler)
    RCC_AHBPeriphClockCmd                    0x0800d14d   Thumb Code    18  stm32f10x_rcc.o(i.RCC_AHBPeriphClockCmd)
    RCC_APB1PeriphClockCmd                   0x0800d165   Thumb Code    18  stm32f10x_rcc.o(i.RCC_APB1PeriphClockCmd)
    RCC_APB1PeriphResetCmd                   0x0800d17d   Thumb Code    18  stm32f10x_rcc.o(i.RCC_APB1PeriphResetCmd)
    RCC_APB2PeriphClockCmd                   0x0800d195   Thumb Code    18  stm32f10x_rcc.o(i.RCC_APB2PeriphClockCmd)
    RCC_APB2PeriphResetCmd                   0x0800d1ad   Thumb Code    18  stm32f10x_rcc.o(i.RCC_APB2PeriphResetCmd)
    RCC_OTGFSCLKConfig                       0x0800d1c5   Thumb Code     6  stm32f10x_rcc.o(i.RCC_OTGFSCLKConfig)
    RDSR                                     0x0800d1d1   Thumb Code    36  spi_flash.o(i.RDSR)
    SPI_Cmd                                  0x0800d1f9   Thumb Code    20  stm32f10x_spi.o(i.SPI_Cmd)
    SPI_Flash_Init                           0x0800d20d   Thumb Code   156  spi_flash.o(i.SPI_Flash_Init)
    SPI_Flash_ReadByte                       0x0800d2b1   Thumb Code     6  spi_flash.o(i.SPI_Flash_ReadByte)
    SPI_Flash_SendByte                       0x0800d2b9   Thumb Code    48  spi_flash.o(i.SPI_Flash_SendByte)
    SPI_I2S_DeInit                           0x0800d2ed   Thumb Code    72  stm32f10x_spi.o(i.SPI_I2S_DeInit)
    SPI_I2S_GetFlagStatus                    0x0800d341   Thumb Code    14  stm32f10x_spi.o(i.SPI_I2S_GetFlagStatus)
    SPI_I2S_ReceiveData                      0x0800d34f   Thumb Code     4  stm32f10x_spi.o(i.SPI_I2S_ReceiveData)
    SPI_I2S_SendData                         0x0800d353   Thumb Code     4  stm32f10x_spi.o(i.SPI_I2S_SendData)
    SPI_Init                                 0x0800d357   Thumb Code    56  stm32f10x_spi.o(i.SPI_Init)
    SST25_R_BLOCK                            0x0800d391   Thumb Code    84  spi_flash.o(i.SST25_R_BLOCK)
    SST25_W_BLOCK                            0x0800d3e9   Thumb Code   158  spi_flash.o(i.SST25_W_BLOCK)
    STM3210C_LCD_Init                        0x0800d48d   Thumb Code    16  stm3210c_eval_lcd.o(i.STM3210C_LCD_Init)
    STM_EVAL_LEDInit                         0x0800d4a1   Thumb Code    54  stm3210c_eval.o(i.STM_EVAL_LEDInit)
    STM_EVAL_PBGetState                      0x0800d4e1   Thumb Code    16  stm3210c_eval.o(i.STM_EVAL_PBGetState)
    STM_EVAL_PBInit                          0x0800d4f9   Thumb Code   154  stm3210c_eval.o(i.STM_EVAL_PBInit)
    SVC_Handler                              0x0800d59d   Thumb Code     2  stm32fxxx_it.o(i.SVC_Handler)
    Sector_Erase_4K                          0x0800d5a1   Thumb Code    66  spi_flash.o(i.Sector_Erase_4K)
    SystemInit                               0x0800d6a1   Thumb Code    82  system_stm32f10x.o(i.SystemInit)
    TIM2_IRQHandler                          0x0800d705   Thumb Code     4  stm32fxxx_it.o(i.TIM2_IRQHandler)
    TIM3_IRQHandler                          0x0800d709   Thumb Code   236  remote.o(i.TIM3_IRQHandler)
    TIM5_IRQHandler                          0x0800d801   Thumb Code    62  timer.o(i.TIM5_IRQHandler)
    TIM_ARRPreloadConfig                     0x0800d849   Thumb Code    20  stm32f10x_tim.o(i.TIM_ARRPreloadConfig)
    TIM_ClearFlag                            0x0800d85d   Thumb Code     6  stm32f10x_tim.o(i.TIM_ClearFlag)
    TIM_ClearITPendingBit                    0x0800d863   Thumb Code     6  stm32f10x_tim.o(i.TIM_ClearITPendingBit)
    TIM_Cmd                                  0x0800d869   Thumb Code    20  stm32f10x_tim.o(i.TIM_Cmd)
    TIM_GetCapture3                          0x0800d87d   Thumb Code     4  stm32f10x_tim.o(i.TIM_GetCapture3)
    TIM_GetITStatus                          0x0800d881   Thumb Code    22  stm32f10x_tim.o(i.TIM_GetITStatus)
    TIM_ITConfig                             0x0800d897   Thumb Code    16  stm32f10x_tim.o(i.TIM_ITConfig)
    TIM_OC3PolarityConfig                    0x0800d8a7   Thumb Code    14  stm32f10x_tim.o(i.TIM_OC3PolarityConfig)
    TIM_SetCounter                           0x0800d8b5   Thumb Code     4  stm32f10x_tim.o(i.TIM_SetCounter)
    TIM_TimeBaseInit                         0x0800d8b9   Thumb Code   114  stm32f10x_tim.o(i.TIM_TimeBaseInit)
    USBH_Alloc_Channel                       0x0800d955   Thumb Code    52  usbh_hcs.o(i.USBH_Alloc_Channel)
    USBH_BulkReceiveData                     0x0800d989   Thumb Code    40  usbh_ioreq.o(i.USBH_BulkReceiveData)
    USBH_BulkSendData                        0x0800d9b1   Thumb Code    46  usbh_ioreq.o(i.USBH_BulkSendData)
    USBH_ClrFeature                          0x0800d9df   Thumb Code    46  usbh_stdreq.o(i.USBH_ClrFeature)
    USBH_Connected                           0x0800da0d   Thumb Code    10  usbh_core.o(i.USBH_Connected)
    USBH_CtlReceiveData                      0x0800da17   Thumb Code    36  usbh_ioreq.o(i.USBH_CtlReceiveData)
    USBH_CtlReq                              0x0800da3b   Thumb Code    70  usbh_ioreq.o(i.USBH_CtlReq)
    USBH_CtlSendData                         0x0800da81   Thumb Code    58  usbh_ioreq.o(i.USBH_CtlSendData)
    USBH_CtlSendSetup                        0x0800dabb   Thumb Code    40  usbh_ioreq.o(i.USBH_CtlSendSetup)
    USBH_DeAllocate_AllChannel               0x0800dae3   Thumb Code    24  usbh_hcs.o(i.USBH_DeAllocate_AllChannel)
    USBH_DeInit                              0x0800dafb   Thumb Code    52  usbh_core.o(i.USBH_DeInit)
    USBH_Disconnected                        0x0800db2f   Thumb Code    10  usbh_core.o(i.USBH_Disconnected)
    USBH_ErrorHandle                         0x0800db39   Thumb Code    44  usbh_core.o(i.USBH_ErrorHandle)
    USBH_Free_Channel                        0x0800db65   Thumb Code    26  usbh_hcs.o(i.USBH_Free_Channel)
    USBH_GetDescriptor                       0x0800db7f   Thumb Code    48  usbh_stdreq.o(i.USBH_GetDescriptor)
    USBH_GetNextDesc                         0x0800dbaf   Thumb Code    14  usbh_stdreq.o(i.USBH_GetNextDesc)
    USBH_Get_CfgDesc                         0x0800dbbd   Thumb Code    84  usbh_stdreq.o(i.USBH_Get_CfgDesc)
    USBH_Get_DevDesc                         0x0800dc15   Thumb Code   132  usbh_stdreq.o(i.USBH_Get_DevDesc)
    USBH_Get_StringDesc                      0x0800dc99   Thumb Code    74  usbh_stdreq.o(i.USBH_Get_StringDesc)
    USBH_HandleControl                       0x0800dce5   Thumb Code   464  usbh_core.o(i.USBH_HandleControl)
    USBH_Init                                0x0800e055   Thumb Code    64  usbh_core.o(i.USBH_Init)
    USBH_MSC_BOT_Abort                       0x0800e095   Thumb Code    48  usbh_msc_bot.o(i.USBH_MSC_BOT_Abort)
    USBH_MSC_DecodeCSW                       0x0800e0d9   Thumb Code    78  usbh_msc_bot.o(i.USBH_MSC_DecodeCSW)
    USBH_MSC_ErrorHandle                     0x0800e135   Thumb Code    42  usbh_msc_core.o(i.USBH_MSC_ErrorHandle)
    USBH_MSC_HandleBOTXfer                   0x0800e2d1   Thumb Code   528  usbh_msc_bot.o(i.USBH_MSC_HandleBOTXfer)
    USBH_MSC_Init                            0x0800e4ed   Thumb Code    40  usbh_msc_bot.o(i.USBH_MSC_Init)
    USBH_MSC_ModeSense6                      0x0800e601   Thumb Code   142  usbh_msc_scsi.o(i.USBH_MSC_ModeSense6)
    USBH_MSC_Read10                          0x0800e69d   Thumb Code   208  usbh_msc_scsi.o(i.USBH_MSC_Read10)
    USBH_MSC_ReadCapacity10                  0x0800e779   Thumb Code   148  usbh_msc_scsi.o(i.USBH_MSC_ReadCapacity10)
    USBH_MSC_RequestSense                    0x0800e819   Thumb Code   146  usbh_msc_scsi.o(i.USBH_MSC_RequestSense)
    USBH_MSC_TestUnitReady                   0x0800e8b9   Thumb Code   116  usbh_msc_scsi.o(i.USBH_MSC_TestUnitReady)
    USBH_MSC_Write10                         0x0800e939   Thumb Code   158  usbh_msc_scsi.o(i.USBH_MSC_Write10)
    USBH_Modify_Channel                      0x0800e9e1   Thumb Code    50  usbh_hcs.o(i.USBH_Modify_Channel)
    USBH_OTG_ISR_Handler                     0x0800ea13   Thumb Code   168  usb_hcd_int.o(i.USBH_OTG_ISR_Handler)
    USBH_Open_Channel                        0x0800eabb   Thumb Code    82  usbh_hcs.o(i.USBH_Open_Channel)
    USBH_Process                             0x0800ec53   Thumb Code   362  usbh_core.o(i.USBH_Process)
    USBH_SOF                                 0x0800edbd   Thumb Code     4  usbh_core.o(i.USBH_SOF)
    USBH_SetAddress                          0x0800edc1   Thumb Code    24  usbh_stdreq.o(i.USBH_SetAddress)
    USBH_SetCfg                              0x0800edd9   Thumb Code    24  usbh_stdreq.o(i.USBH_SetCfg)
    USBH_USR_Configuration_DescAvailable     0x0800edf1   Thumb Code    34  usbh_usr.o(i.USBH_USR_Configuration_DescAvailable)
    USBH_USR_DeInit                          0x0800ee1d   Thumb Code     8  usbh_usr.o(i.USBH_USR_DeInit)
    USBH_USR_DeviceAddressAssigned           0x0800ee29   Thumb Code     2  usbh_usr.o(i.USBH_USR_DeviceAddressAssigned)
    USBH_USR_DeviceAttached                  0x0800ee2d   Thumb Code    14  usbh_usr.o(i.USBH_USR_DeviceAttached)
    USBH_USR_DeviceDisconnected              0x0800ee45   Thumb Code    50  usbh_usr.o(i.USBH_USR_DeviceDisconnected)
    USBH_USR_DeviceNotSupported              0x0800eeb1   Thumb Code    30  usbh_usr.o(i.USBH_USR_DeviceNotSupported)
    USBH_USR_DeviceSpeedDetected             0x0800eef5   Thumb Code    46  usbh_usr.o(i.USBH_USR_DeviceSpeedDetected)
    USBH_USR_Device_DescAvailable            0x0800ef2d   Thumb Code    34  usbh_usr.o(i.USBH_USR_Device_DescAvailable)
    USBH_USR_EnumerationDone                 0x0800ef75   Thumb Code    50  usbh_usr.o(i.USBH_USR_EnumerationDone)
    USBH_USR_Init                            0x0800effd   Thumb Code    86  usbh_usr.o(i.USBH_USR_Init)
    USBH_USR_MSC_Application                 0x0800f0b5   Thumb Code    84  usbh_usr.o(i.USBH_USR_MSC_Application)
    USBH_USR_Manufacturer_String             0x0800f125   Thumb Code    16  usbh_usr.o(i.USBH_USR_Manufacturer_String)
    USBH_USR_OverCurrentDetected             0x0800f14d   Thumb Code    30  usbh_usr.o(i.USBH_USR_OverCurrentDetected)
    USBH_USR_Product_String                  0x0800f191   Thumb Code    16  usbh_usr.o(i.USBH_USR_Product_String)
    USBH_USR_ResetDevice                     0x0800f1b5   Thumb Code     2  usbh_usr.o(i.USBH_USR_ResetDevice)
    USBH_USR_SerialNum_String                0x0800f1b9   Thumb Code    16  usbh_usr.o(i.USBH_USR_SerialNum_String)
    USBH_USR_UnrecoveredError                0x0800f1e1   Thumb Code    30  usbh_usr.o(i.USBH_USR_UnrecoveredError)
    USBH_USR_UserInput                       0x0800f211   Thumb Code    18  usbh_usr.o(i.USBH_USR_UserInput)
    USB_OTG_BSP_ConfigVBUS                   0x0800f225   Thumb Code    56  usb_bsp.o(i.USB_OTG_BSP_ConfigVBUS)
    USB_OTG_BSP_DriveVBUS                    0x0800f261   Thumb Code    18  usb_bsp.o(i.USB_OTG_BSP_DriveVBUS)
    USB_OTG_BSP_EnableInterrupt              0x0800f279   Thumb Code    40  usb_bsp.o(i.USB_OTG_BSP_EnableInterrupt)
    USB_OTG_BSP_Init                         0x0800f2a1   Thumb Code    60  usb_bsp.o(i.USB_OTG_BSP_Init)
    USB_OTG_BSP_TimerIRQ                     0x0800f2dd   Thumb Code    50  usb_bsp.o(i.USB_OTG_BSP_TimerIRQ)
    USB_OTG_BSP_mDelay                       0x0800f315   Thumb Code     6  usb_bsp.o(i.USB_OTG_BSP_mDelay)
    USB_OTG_BSP_uDelay                       0x0800f31b   Thumb Code     6  usb_bsp.o(i.USB_OTG_BSP_uDelay)
    USB_OTG_CoreInit                         0x0800f321   Thumb Code   128  usb_core.o(i.USB_OTG_CoreInit)
    USB_OTG_CoreInitHost                     0x0800f3a1   Thumb Code   166  usb_core.o(i.USB_OTG_CoreInitHost)
    USB_OTG_DisableGlobalInt                 0x0800f4a1   Thumb Code    16  usb_core.o(i.USB_OTG_DisableGlobalInt)
    USB_OTG_DriveVbus                        0x0800f4b1   Thumb Code    60  usb_core.o(i.USB_OTG_DriveVbus)
    USB_OTG_EnableGlobalInt                  0x0800f4ed   Thumb Code    16  usb_core.o(i.USB_OTG_EnableGlobalInt)
    USB_OTG_EnableHostInt                    0x0800f4fd   Thumb Code    66  usb_core.o(i.USB_OTG_EnableHostInt)
    USB_OTG_FlushRxFifo                      0x0800f545   Thumb Code    52  usb_core.o(i.USB_OTG_FlushRxFifo)
    USB_OTG_FlushTxFifo                      0x0800f57d   Thumb Code    60  usb_core.o(i.USB_OTG_FlushTxFifo)
    USB_OTG_HC_DoPing                        0x0800f5bd   Thumb Code    42  usb_core.o(i.USB_OTG_HC_DoPing)
    USB_OTG_HC_Halt                          0x0800f5e7   Thumb Code    60  usb_core.o(i.USB_OTG_HC_Halt)
    USB_OTG_HC_Init                          0x0800f625   Thumb Code   230  usb_core.o(i.USB_OTG_HC_Init)
    USB_OTG_HC_StartXfer                     0x0800f70b   Thumb Code   258  usb_core.o(i.USB_OTG_HC_StartXfer)
    USB_OTG_InitFSLSPClkSel                  0x0800f80d   Thumb Code    12  usb_core.o(i.USB_OTG_InitFSLSPClkSel)
    USB_OTG_IsEvenFrame                      0x0800f819   Thumb Code    12  usb_core.o(i.USB_OTG_IsEvenFrame)
    USB_OTG_IsHostMode                       0x0800f825   Thumb Code    16  usb_core.o(i.USB_OTG_IsHostMode)
    USB_OTG_ReadCoreItr                      0x0800f835   Thumb Code    10  usb_core.o(i.USB_OTG_ReadCoreItr)
    USB_OTG_ReadHPRT0                        0x0800f83f   Thumb Code    12  usb_core.o(i.USB_OTG_ReadHPRT0)
    USB_OTG_ReadHostAllChannels_intr         0x0800f84b   Thumb Code     6  usb_core.o(i.USB_OTG_ReadHostAllChannels_intr)
    USB_OTG_ReadPacket                       0x0800f851   Thumb Code    32  usb_core.o(i.USB_OTG_ReadPacket)
    USB_OTG_ResetPort                        0x0800f871   Thumb Code    42  usb_core.o(i.USB_OTG_ResetPort)
    USB_OTG_SelectCore                       0x0800f89d   Thumb Code   188  usb_core.o(i.USB_OTG_SelectCore)
    USB_OTG_SetCurrentMode                   0x0800f95d   Thumb Code    42  usb_core.o(i.USB_OTG_SetCurrentMode)
    USB_OTG_WritePacket                      0x08010729   Thumb Code    40  usb_core.o(i.USB_OTG_WritePacket)
    UsageFault_Handler                       0x08010751   Thumb Code     2  stm32fxxx_it.o(i.UsageFault_Handler)
    WRDI                                     0x08010755   Thumb Code    34  spi_flash.o(i.WRDI)
    WREN                                     0x0801077d   Thumb Code    30  spi_flash.o(i.WREN)
    WRSR                                     0x080107a1   Thumb Code    62  spi_flash.o(i.WRSR)
    WWDG_ClearFlag                           0x080107e5   Thumb Code     8  stm32f10x_wwdg.o(i.WWDG_ClearFlag)
    WWDG_Enable                              0x080107f1   Thumb Code    10  stm32f10x_wwdg.o(i.WWDG_Enable)
    WWDG_EnableIT                            0x08010801   Thumb Code     8  stm32f10x_wwdg.o(i.WWDG_EnableIT)
    WWDG_IRQHandler                          0x0801080d   Thumb Code    76  wwdg.o(i.WWDG_IRQHandler)
    WWDG_SetCounter                          0x08010861   Thumb Code    10  stm32f10x_wwdg.o(i.WWDG_SetCounter)
    WWDG_SetPrescaler                        0x08010871   Thumb Code    14  stm32f10x_wwdg.o(i.WWDG_SetPrescaler)
    WWDG_SetWindowValue                      0x08010885   Thumb Code    18  stm32f10x_wwdg.o(i.WWDG_SetWindowValue)
    __0printf$8                              0x0801089d   Thumb Code    22  printf8.o(i.__0printf$8)
    __1printf$8                              0x0801089d   Thumb Code     0  printf8.o(i.__0printf$8)
    __2printf                                0x0801089d   Thumb Code     0  printf8.o(i.__0printf$8)
    __scatterload_copy                       0x080108bd   Thumb Code    14  handlers.o(i.__scatterload_copy)
    __scatterload_null                       0x080108cb   Thumb Code     2  handlers.o(i.__scatterload_null)
    __scatterload_zeroinit                   0x080108cd   Thumb Code    14  handlers.o(i.__scatterload_zeroinit)
    add_line_info                            0x08010d53   Thumb Code    78  main.o(i.add_line_info)
    alloc_memory                             0x08010da1   Thumb Code    24  main.o(i.alloc_memory)
    chk_mounted                              0x08010e19   Thumb Code   452  ff.o(i.chk_mounted)
    clust2sect                               0x08010fe9   Thumb Code    24  ff.o(i.clust2sect)
    cpu_run                                  0x08011001   Thumb Code     8  main.o(i.cpu_run)
    cpu_stop                                 0x0801100d   Thumb Code     8  main.o(i.cpu_stop)
    data_process                             0x080111a9   Thumb Code   146  main.o(i.data_process)
    delay_ms                                 0x08011259   Thumb Code    36  delay.o(i.delay_ms)
    disk_initialize                          0x08011451   Thumb Code    24  usbh_msc_fatfs.o(i.disk_initialize)
    disk_ioctl                               0x08011471   Thumb Code    56  usbh_msc_fatfs.o(i.disk_ioctl)
    disk_read                                0x080114b1   Thumb Code    86  usbh_msc_fatfs.o(i.disk_read)
    disk_status                              0x08011515   Thumb Code    12  usbh_msc_fatfs.o(i.disk_status)
    disk_write                               0x08011525   Thumb Code    96  usbh_msc_fatfs.o(i.disk_write)
    f_close                                  0x08011591   Thumb Code    18  ff.o(i.f_close)
    f_mount                                  0x080115a5   Thumb Code    34  ff.o(i.f_mount)
    f_open                                   0x080115cd   Thumb Code   330  ff.o(i.f_open)
    f_read                                   0x08011717   Thumb Code   350  ff.o(i.f_read)
    f_sync                                   0x08011875   Thumb Code   164  ff.o(i.f_sync)
    flash_run                                0x08011919   Thumb Code    10  main.o(i.flash_run)
    flash_stop                               0x08011929   Thumb Code    10  main.o(i.flash_stop)
    fputc                                    0x080119f5   Thumb Code   236  lcd_log.o(i.fputc)
    get_cfg_from_flash                       0x08011ae9   Thumb Code   114  main.o(i.get_cfg_from_flash)
    get_disp_state                           0x08011b61   Thumb Code    88  main.o(i.get_disp_state)
    get_fat                                  0x08011bc1   Thumb Code   180  ff.o(i.get_fat)
    get_fattime                              0x08011c75   Thumb Code     4  fattime.o(i.get_fattime)
    get_light_state                          0x08011c79   Thumb Code    18  main.o(i.get_light_state)
    get_line_from_flash                      0x08011c91   Thumb Code   144  main.o(i.get_line_from_flash)
    gpio_init                                0x08011d29   Thumb Code   156  main.o(i.gpio_init)
    led_board_16_coldata_out                 0x08011dd1   Thumb Code    94  led_screen.o(i.led_board_16_coldata_out)
    led_board_16_row_number                  0x08011e35   Thumb Code    92  led_screen.o(i.led_board_16_row_number)
    main                                     0x08011e95   Thumb Code   188  main.o(i.main)
    malloc                                   0x08011f6d   Thumb Code    92  malloc.o(i.malloc)
    move_16_disp_string                      0x08011ff9   Thumb Code   548  led_screen.o(i.move_16_disp_string)
    move_16_refresh_led_screen               0x08012231   Thumb Code   224  led_screen.o(i.move_16_refresh_led_screen)
    put_fat                                  0x0801238f   Thumb Code   240  ff.o(i.put_fat)
    static_16_disp_string                    0x080124e1   Thumb Code   420  led_screen.o(i.static_16_disp_string)
    static_16_refresh_led_screen             0x08012699   Thumb Code   210  led_screen.o(i.static_16_refresh_led_screen)
    wwdg_init                                0x08012859   Thumb Code    96  wwdg.o(i.wwdg_init)
    MSG_DEV_ATTACHED                         0x080128bc   Data          20  usbh_usr.o(.constdata)
    MSG_DEV_DISCONNECTED                     0x080128d0   Data          23  usbh_usr.o(.constdata)
    MSG_DEV_ENUMERATED                       0x080128e7   Data          26  usbh_usr.o(.constdata)
    MSG_DEV_HIGHSPEED                        0x08012901   Data          30  usbh_usr.o(.constdata)
    MSG_DEV_FULLSPEED                        0x0801291f   Data          30  usbh_usr.o(.constdata)
    MSG_DEV_LOWSPEED                         0x0801293d   Data          29  usbh_usr.o(.constdata)
    MSG_DEV_ERROR                            0x0801295a   Data          17  usbh_usr.o(.constdata)
    MSG_MSC_CLASS                            0x0801296b   Data          33  usbh_usr.o(.constdata)
    MSG_HID_CLASS                            0x0801298c   Data          24  usbh_usr.o(.constdata)
    MSG_UNREC_ERROR                          0x080129a4   Data          27  usbh_usr.o(.constdata)
    COM_TX_PIN                               0x08012a84   Data           2  stm3210c_eval.o(.constdata)
    COM_RX_PIN                               0x08012a86   Data           2  stm3210c_eval.o(.constdata)
    COM_USART_CLK                            0x08012a88   Data           4  stm3210c_eval.o(.constdata)
    COM_TX_PORT_CLK                          0x08012a8c   Data           4  stm3210c_eval.o(.constdata)
    COM_RX_PORT_CLK                          0x08012a90   Data           4  stm3210c_eval.o(.constdata)
    BUTTON_PIN                               0x08012a94   Data           6  stm3210c_eval.o(.constdata)
    BUTTON_EXTI_LINE                         0x08012a9a   Data           6  stm3210c_eval.o(.constdata)
    BUTTON_PORT_SOURCE                       0x08012aa0   Data           6  stm3210c_eval.o(.constdata)
    BUTTON_PIN_SOURCE                        0x08012aa6   Data           6  stm3210c_eval.o(.constdata)
    BUTTON_IRQn                              0x08012aac   Data           6  stm3210c_eval.o(.constdata)
    GPIO_PIN                                 0x08012ab2   Data           8  stm3210c_eval.o(.constdata)
    GPIO_CLK                                 0x08012abc   Data          16  stm3210c_eval.o(.constdata)
    BUTTON_CLK                               0x08012acc   Data          12  stm3210c_eval.o(.constdata)
    ASCII16x24_Table                         0x08012ad8   Data        4560  stm3210c_eval_lcd.o(.constdata)
    ASCII12x12_Table                         0x08013ca8   Data        2304  stm3210c_eval_lcd.o(.constdata)
    ASCII8x12_Table                          0x080145a8   Data        2304  stm3210c_eval_lcd.o(.constdata)
    Region$$Table$$Base                      0x08014eb4   Number         0  anon$$obj.o(Region$$Table)
    Region$$Table$$Limit                     0x08014ed4   Number         0  anon$$obj.o(Region$$Table)
    BSP_delay                                0x20000000   Data           4  usb_bsp.o(.data)
    c_MaxColByte                             0x20000004   Data           1  main.o(.data)
    led_type                                 0x20000005   Data           1  main.o(.data)
    LED_OK                                   0x20000006   Data           1  main.o(.data)
    check_ok                                 0x20000007   Data           1  main.o(.data)
    bflag                                    0x20000008   Data           1  main.o(.data)
    message_state                            0x20000009   Data           1  main.o(.data)
    welcom                                   0x2000000c   Data           4  main.o(.data)
    brightness                               0x20000010   Data           4  main.o(.data)
    check_ret                                0x20000014   Data           4  main.o(.data)
    ucLEDDisplayMemory                       0x20000018   Data           4  main.o(.data)
    ucColDataBuff                            0x2000001c   Data           4  main.o(.data)
    USBH_USR_ApplicationState                0x20000020   Data           1  usbh_usr.o(.data)
    USR_cb                                   0x20000024   Data          72  usbh_usr.o(.data)
    ASCII816                                 0x2000006c   Data        1536  led_screen.o(.data)
    ZK_Data                                  0x2000066c   Data         204  led_screen.o(.data)
    WWDG_CNT                                 0x20000738   Data           1  wwdg.o(.data)
    RmtSta                                   0x2000073c   Data           1  remote.o(.data)
    RmtCnt                                   0x2000073d   Data           1  remote.o(.data)
    keyflag                                  0x2000073e   Data           1  remote.o(.data)
    Dval                                     0x20000740   Data           2  remote.o(.data)
    RmtRec                                   0x20000744   Data           4  remote.o(.data)
    USBH_HCD_INT_cb                          0x20000750   Data          12  usbh_core.o(.data)
    USBH_HCD_INT_fops                        0x2000075c   Data           4  usbh_core.o(.data)
    MSCErrorCount                            0x20000778   Data           1  usbh_msc_core.o(.data)
    USBH_MSC_cb                              0x2000077c   Data          16  usbh_msc_core.o(.data)
    LCD_CacheBuffer_yptr_invert              0x2000079c   Data           1  lcd_log.o(.data)
    LCD_ScrollActive                         0x2000079d   Data           1  lcd_log.o(.data)
    LCD_Lock                                 0x2000079e   Data           1  lcd_log.o(.data)
    LCD_Scrolled                             0x2000079f   Data           1  lcd_log.o(.data)
    LCD_LineColor                            0x200007a0   Data           2  lcd_log.o(.data)
    LCD_CacheBuffer_xptr                     0x200007a2   Data           2  lcd_log.o(.data)
    LCD_CacheBuffer_yptr_top                 0x200007a4   Data           2  lcd_log.o(.data)
    LCD_CacheBuffer_yptr_bottom              0x200007a6   Data           2  lcd_log.o(.data)
    LCD_CacheBuffer_yptr_top_bak             0x200007a8   Data           2  lcd_log.o(.data)
    LCD_CacheBuffer_yptr_bottom_bak          0x200007aa   Data           2  lcd_log.o(.data)
    LCD_ScrollBackStep                       0x200007ac   Data           2  lcd_log.o(.data)
    COM_USART                                0x200007b0   Data           4  stm3210c_eval.o(.data)
    COM_TX_PORT                              0x200007b4   Data           4  stm3210c_eval.o(.data)
    COM_RX_PORT                              0x200007b8   Data           4  stm3210c_eval.o(.data)
    GPIO_PORT                                0x200007bc   Data          16  stm3210c_eval.o(.data)
    BUTTON_PORT                              0x200007cc   Data          12  stm3210c_eval.o(.data)
    TextColor                                0x200007d8   Data           2  stm3210c_eval_lcd.o(.data)
    BackColor                                0x200007da   Data           2  stm3210c_eval_lcd.o(.data)
    Font16x24                                0x200007e0   Data           8  stm3210c_eval_lcd.o(.data)
    Font12x12                                0x200007e8   Data           8  stm3210c_eval_lcd.o(.data)
    Font8x12                                 0x200007f0   Data           8  stm3210c_eval_lcd.o(.data)
    __stdout                                 0x200007f8   Data           4  stdout.o(.data)
    __microlib_freelist                      0x200007fc   Data           4  mvars.o(.data)
    __microlib_freelist_initialised          0x20000800   Data           4  mvars.o(.data)
    ucDispCMDDataBuff                        0x20000804   Data         120  main.o(.bss)
    ucDispCMDDataBuffTemp                    0x2000087c   Data         120  main.o(.bss)
    disp_buff                                0x200008f4   Data         120  main.o(.bss)
    USB_OTG_Core                             0x2000096c   Data        1452  main.o(.bss)
    USB_Host                                 0x20000f18   Data         132  main.o(.bss)
    fatfs                                    0x20000f9c   Data         560  usbh_usr.o(.bss)
    file                                     0x200011cc   Data         548  usbh_usr.o(.bss)
    USBH_CfgDesc                             0x200013f0   Data         512  usbh_stdreq.o(.bss)
    USBH_MSC_Param                           0x200015f0   Data          16  usbh_msc_scsi.o(.bss)
    USBH_DataInBuffer                        0x20001600   Data         512  usbh_msc_scsi.o(.bss)
    USBH_MSC_CBWData                         0x20001800   Data          32  usbh_msc_bot.o(.bss)
    USBH_MSC_CSWData                         0x20001820   Data          16  usbh_msc_bot.o(.bss)
    USBH_MSC_BOTXferParam                    0x20001830   Data          16  usbh_msc_bot.o(.bss)
    MSC_Machine                              0x20001840   Data          74  usbh_msc_core.o(.bss)
    LCD_CacheBuffer                          0x2000188a   Data         624  lcd_log.o(.bss)
    __heap_base                              0x20001b00   Data           0  startup_stm32f10x_cl.o(HEAP)
    __heap_limit                             0x20001d00   Data           0  startup_stm32f10x_cl.o(HEAP)
    __initial_sp                             0x20002100   Data           0  startup_stm32f10x_cl.o(STACK)



==============================================================================

Memory Map of the image

  Image Entry point : 0x0800c151

  Load Region LR_IROM1 (Base: 0x0800c000, Size: 0x000096d8, Max: 0x00034000, ABSOLUTE, COMPRESSED[0x00009314])

    Execution Region ER_IROM1 (Base: 0x0800c000, Size: 0x00008ed4, Max: 0x00034000, ABSOLUTE)

    Base Addr    Size         Type   Attr      Idx    E Section Name        Object

    0x0800c000   0x00000150   Data   RO         2380    RESET               startup_stm32f10x_cl.o
    0x0800c150   0x00000000   Code   RO         5032  * .ARM.Collect$$$$00000000  mc_w.l(entry.o)
    0x0800c150   0x00000004   Code   RO         5338    .ARM.Collect$$$$00000001  mc_w.l(entry2.o)
    0x0800c154   0x00000004   Code   RO         5341    .ARM.Collect$$$$00000004  mc_w.l(entry5.o)
    0x0800c158   0x00000000   Code   RO         5343    .ARM.Collect$$$$00000008  mc_w.l(entry7b.o)
    0x0800c158   0x00000008   Code   RO         5344    .ARM.Collect$$$$00000009  mc_w.l(entry8.o)
    0x0800c160   0x00000004   Code   RO         5339    .ARM.Collect$$$$00002712  mc_w.l(entry2.o)
    0x0800c164   0x00000024   Code   RO         2381    .text               startup_stm32f10x_cl.o
    0x0800c188   0x00000024   Code   RO         5035    .text               mc_w.l(memcpya.o)
    0x0800c1ac   0x00000026   Code   RO         5037    .text               mc_w.l(memseta.o)
    0x0800c1d2   0x00000062   Code   RO         5348    .text               mc_w.l(uldiv.o)
    0x0800c234   0x00000024   Code   RO         5363    .text               mc_w.l(init.o)
    0x0800c258   0x0000001e   Code   RO         5365    .text               mc_w.l(llshl.o)
    0x0800c276   0x00000020   Code   RO         5367    .text               mc_w.l(llushr.o)
    0x0800c296   0x0000005c   Code   RO         5379    .text               mc_w.l(__dczerorl2.o)
    0x0800c2f2   0x00000002   PAD
    0x0800c2f4   0x00000024   Code   RO          263    i.BSP_Delay         usb_bsp.o
    0x0800c318   0x0000006c   Code   RO          264    i.BSP_SetTime       usb_bsp.o
    0x0800c384   0x00000002   Code   RO            3    i.BusFault_Handler  stm32fxxx_it.o
    0x0800c386   0x00000002   PAD
    0x0800c388   0x00000012   Code   RO          901    i.Busy_Check        spi_flash.o
    0x0800c39a   0x00000002   Code   RO            4    i.DebugMon_Handler  stm32fxxx_it.o
    0x0800c39c   0x00000028   Code   RO            5    i.EXTI1_IRQHandler  stm32fxxx_it.o
    0x0800c3c4   0x0000000c   Code   RO         2505    i.EXTI_ClearITPendingBit  stm32f10x_exti.o
    0x0800c3d0   0x00000020   Code   RO         2509    i.EXTI_GetITStatus  stm32f10x_exti.o
    0x0800c3f0   0x00000070   Code   RO         2510    i.EXTI_Init         stm32f10x_exti.o
    0x0800c460   0x00000028   Code   RO         2749    i.GPIO_EXTILineConfig  stm32f10x_gpio.o
    0x0800c488   0x000000a4   Code   RO         2752    i.GPIO_Init         stm32f10x_gpio.o
    0x0800c52c   0x00000058   Code   RO         2754    i.GPIO_PinRemapConfig  stm32f10x_gpio.o
    0x0800c584   0x0000000e   Code   RO         2756    i.GPIO_ReadInputDataBit  stm32f10x_gpio.o
    0x0800c592   0x00000004   Code   RO         2759    i.GPIO_ResetBits    stm32f10x_gpio.o
    0x0800c596   0x00000004   Code   RO         2760    i.GPIO_SetBits      stm32f10x_gpio.o
    0x0800c59a   0x0000000a   Code   RO         2763    i.GPIO_WriteBit     stm32f10x_gpio.o
    0x0800c5a4   0x00000020   Code   RO         1075    i.GetHZDot          ziku.o
    0x0800c5c4   0x00000008   Code   RO         1751    i.HCD_GetCurrentFrame  usb_hcd.o
    0x0800c5cc   0x0000000c   Code   RO         1752    i.HCD_GetCurrentSpeed  usb_hcd.o
    0x0800c5d8   0x00000008   Code   RO         1754    i.HCD_GetURB_State  usb_hcd.o
    0x0800c5e0   0x0000000a   Code   RO         1755    i.HCD_GetXferCnt    usb_hcd.o
    0x0800c5ea   0x00000056   Code   RO         1757    i.HCD_Init          usb_hcd.o
    0x0800c640   0x00000006   Code   RO         1758    i.HCD_IsDeviceConnected  usb_hcd.o
    0x0800c646   0x0000000a   Code   RO         1759    i.HCD_ResetPort     usb_hcd.o
    0x0800c650   0x00000014   Code   RO         1760    i.HCD_SubmitRequest  usb_hcd.o
    0x0800c664   0x00000002   Code   RO            6    i.HardFault_Handler  stm32fxxx_it.o
    0x0800c666   0x00000002   PAD
    0x0800c668   0x00000038   Code   RO         4746    i.LCD_Clear         stm3210c_eval_lcd.o
    0x0800c6a0   0x00000030   Code   RO         4747    i.LCD_ClearLine     stm3210c_eval_lcd.o
    0x0800c6d0   0x0000002c   Code   RO         4750    i.LCD_CtrlLinesConfig  stm3210c_eval_lcd.o
    0x0800c6fc   0x00000004   Code   RO         4751    i.LCD_CtrlLinesWrite  stm3210c_eval_lcd.o
    0x0800c700   0x00000020   Code   RO         4753    i.LCD_DisplayChar   stm3210c_eval_lcd.o
    0x0800c720   0x0000003c   Code   RO         4756    i.LCD_DisplayStringLine  stm3210c_eval_lcd.o
    0x0800c75c   0x0000008c   Code   RO         4757    i.LCD_DrawChar      stm3210c_eval_lcd.o
    0x0800c7e8   0x0000000c   Code   RO         4767    i.LCD_GetFont       stm3210c_eval_lcd.o
    0x0800c7f4   0x00000026   Code   RO         2318    i.LCD_LOG_ClearTextZone  lcd_log.o
    0x0800c81a   0x00000002   PAD
    0x0800c81c   0x00000028   Code   RO         2319    i.LCD_LOG_DeInit    lcd_log.o
    0x0800c844   0x00000010   Code   RO         2320    i.LCD_LOG_Init      lcd_log.o
    0x0800c854   0x00000064   Code   RO         2321    i.LCD_LOG_SetFooter  lcd_log.o
    0x0800c8b8   0x00000090   Code   RO         2322    i.LCD_LOG_SetHeader  lcd_log.o
    0x0800c948   0x000000a0   Code   RO         2323    i.LCD_LOG_UpdateDisplay  lcd_log.o
    0x0800c9e8   0x000000c0   Code   RO         4772    i.LCD_ReadReg       stm3210c_eval_lcd.o
    0x0800caa8   0x000000ac   Code   RO         4773    i.LCD_SPIConfig     stm3210c_eval_lcd.o
    0x0800cb54   0x0000000c   Code   RO         4774    i.LCD_SetBackColor  stm3210c_eval_lcd.o
    0x0800cb60   0x00000018   Code   RO         4776    i.LCD_SetCursor     stm3210c_eval_lcd.o
    0x0800cb78   0x0000000c   Code   RO         4778    i.LCD_SetFont       stm3210c_eval_lcd.o
    0x0800cb84   0x0000000c   Code   RO         4779    i.LCD_SetTextColor  stm3210c_eval_lcd.o
    0x0800cb90   0x00000406   Code   RO         4780    i.LCD_Setup         stm3210c_eval_lcd.o
    0x0800cf96   0x00000002   PAD
    0x0800cf98   0x00000034   Code   RO         4782    i.LCD_WriteRAM      stm3210c_eval_lcd.o
    0x0800cfcc   0x00000012   Code   RO         4784    i.LCD_WriteRAM_Prepare  stm3210c_eval_lcd.o
    0x0800cfde   0x00000002   PAD
    0x0800cfe0   0x00000050   Code   RO         4785    i.LCD_WriteReg      stm3210c_eval_lcd.o
    0x0800d030   0x0000004c   Code   RO         4786    i.LCD_WriteRegIndex  stm3210c_eval_lcd.o
    0x0800d07c   0x00000030   Code   RO         4787    i.LCD_nCS_StartByte  stm3210c_eval_lcd.o
    0x0800d0ac   0x00000002   Code   RO            7    i.MemManage_Handler  stm32fxxx_it.o
    0x0800d0ae   0x00000002   Code   RO            8    i.NMI_Handler       stm32fxxx_it.o
    0x0800d0b0   0x00000064   Code   RO          333    i.NVIC_Init         misc.o
    0x0800d114   0x00000014   Code   RO          334    i.NVIC_PriorityGroupConfig  misc.o
    0x0800d128   0x00000014   Code   RO          335    i.NVIC_SetVectorTable  misc.o
    0x0800d13c   0x0000000c   Code   RO            9    i.OTG_FS_IRQHandler  stm32fxxx_it.o
    0x0800d148   0x00000002   Code   RO           10    i.PendSV_Handler    stm32fxxx_it.o
    0x0800d14a   0x00000002   PAD
    0x0800d14c   0x00000018   Code   RO         3149    i.RCC_AHBPeriphClockCmd  stm32f10x_rcc.o
    0x0800d164   0x00000018   Code   RO         3151    i.RCC_APB1PeriphClockCmd  stm32f10x_rcc.o
    0x0800d17c   0x00000018   Code   RO         3152    i.RCC_APB1PeriphResetCmd  stm32f10x_rcc.o
    0x0800d194   0x00000018   Code   RO         3153    i.RCC_APB2PeriphClockCmd  stm32f10x_rcc.o
    0x0800d1ac   0x00000018   Code   RO         3154    i.RCC_APB2PeriphResetCmd  stm32f10x_rcc.o
    0x0800d1c4   0x0000000c   Code   RO         3174    i.RCC_OTGFSCLKConfig  stm32f10x_rcc.o
    0x0800d1d0   0x00000028   Code   RO          904    i.RDSR              spi_flash.o
    0x0800d1f8   0x00000014   Code   RO         3603    i.SPI_Cmd           stm32f10x_spi.o
    0x0800d20c   0x000000a4   Code   RO          905    i.SPI_Flash_Init    spi_flash.o
    0x0800d2b0   0x00000006   Code   RO          906    i.SPI_Flash_ReadByte  spi_flash.o
    0x0800d2b6   0x00000002   PAD
    0x0800d2b8   0x00000034   Code   RO          907    i.SPI_Flash_SendByte  spi_flash.o
    0x0800d2ec   0x00000054   Code   RO         3610    i.SPI_I2S_DeInit    stm32f10x_spi.o
    0x0800d340   0x0000000e   Code   RO         3611    i.SPI_I2S_GetFlagStatus  stm32f10x_spi.o
    0x0800d34e   0x00000004   Code   RO         3614    i.SPI_I2S_ReceiveData  stm32f10x_spi.o
    0x0800d352   0x00000004   Code   RO         3615    i.SPI_I2S_SendData  stm32f10x_spi.o
    0x0800d356   0x00000038   Code   RO         3616    i.SPI_Init          stm32f10x_spi.o
    0x0800d38e   0x00000002   PAD
    0x0800d390   0x00000058   Code   RO          908    i.SST25_R_BLOCK     spi_flash.o
    0x0800d3e8   0x000000a4   Code   RO          909    i.SST25_W_BLOCK     spi_flash.o
    0x0800d48c   0x00000014   Code   RO         4789    i.STM3210C_LCD_Init  stm3210c_eval_lcd.o
    0x0800d4a0   0x00000040   Code   RO         4472    i.STM_EVAL_LEDInit  stm3210c_eval.o
    0x0800d4e0   0x00000018   Code   RO         4476    i.STM_EVAL_PBGetState  stm3210c_eval.o
    0x0800d4f8   0x000000a4   Code   RO         4477    i.STM_EVAL_PBInit   stm3210c_eval.o
    0x0800d59c   0x00000002   Code   RO           11    i.SVC_Handler       stm32fxxx_it.o
    0x0800d59e   0x00000002   PAD
    0x0800d5a0   0x00000048   Code   RO          910    i.Sector_Erase_4K   spi_flash.o
    0x0800d5e8   0x000000b8   Code   RO         2387    i.SetSysClockTo72   system_stm32f10x.o
    0x0800d6a0   0x00000064   Code   RO         2389    i.SystemInit        system_stm32f10x.o
    0x0800d704   0x00000004   Code   RO           12    i.TIM2_IRQHandler   stm32fxxx_it.o
    0x0800d708   0x000000f8   Code   RO         1157    i.TIM3_IRQHandler   remote.o
    0x0800d800   0x00000048   Code   RO         1194    i.TIM5_IRQHandler   timer.o
    0x0800d848   0x00000014   Code   RO         3752    i.TIM_ARRPreloadConfig  stm32f10x_tim.o
    0x0800d85c   0x00000006   Code   RO         3758    i.TIM_ClearFlag     stm32f10x_tim.o
    0x0800d862   0x00000006   Code   RO         3759    i.TIM_ClearITPendingBit  stm32f10x_tim.o
    0x0800d868   0x00000014   Code   RO         3764    i.TIM_Cmd           stm32f10x_tim.o
    0x0800d87c   0x00000004   Code   RO         3781    i.TIM_GetCapture3   stm32f10x_tim.o
    0x0800d880   0x00000016   Code   RO         3785    i.TIM_GetITStatus   stm32f10x_tim.o
    0x0800d896   0x00000010   Code   RO         3789    i.TIM_ITConfig      stm32f10x_tim.o
    0x0800d8a6   0x0000000e   Code   RO         3805    i.TIM_OC3PolarityConfig  stm32f10x_tim.o
    0x0800d8b4   0x00000004   Code   RO         3829    i.TIM_SetCounter    stm32f10x_tim.o
    0x0800d8b8   0x0000009c   Code   RO         3835    i.TIM_TimeBaseInit  stm32f10x_tim.o
    0x0800d954   0x00000034   Code   RO         1387    i.USBH_Alloc_Channel  usbh_hcs.o
    0x0800d988   0x00000028   Code   RO         1431    i.USBH_BulkReceiveData  usbh_ioreq.o
    0x0800d9b0   0x0000002e   Code   RO         1432    i.USBH_BulkSendData  usbh_ioreq.o
    0x0800d9de   0x0000002e   Code   RO         1227    i.USBH_ClrFeature   usbh_stdreq.o
    0x0800da0c   0x0000000a   Code   RO         1312    i.USBH_Connected    usbh_core.o
    0x0800da16   0x00000024   Code   RO         1433    i.USBH_CtlReceiveData  usbh_ioreq.o
    0x0800da3a   0x00000046   Code   RO         1434    i.USBH_CtlReq       usbh_ioreq.o
    0x0800da80   0x0000003a   Code   RO         1435    i.USBH_CtlSendData  usbh_ioreq.o
    0x0800daba   0x00000028   Code   RO         1436    i.USBH_CtlSendSetup  usbh_ioreq.o
    0x0800dae2   0x00000018   Code   RO         1388    i.USBH_DeAllocate_AllChannel  usbh_hcs.o
    0x0800dafa   0x00000034   Code   RO         1313    i.USBH_DeInit       usbh_core.o
    0x0800db2e   0x0000000a   Code   RO         1314    i.USBH_Disconnected  usbh_core.o
    0x0800db38   0x0000002c   Code   RO         1315    i.USBH_ErrorHandle  usbh_core.o
    0x0800db64   0x0000001a   Code   RO         1389    i.USBH_Free_Channel  usbh_hcs.o
    0x0800db7e   0x00000030   Code   RO         1228    i.USBH_GetDescriptor  usbh_stdreq.o
    0x0800dbae   0x0000000e   Code   RO         1229    i.USBH_GetNextDesc  usbh_stdreq.o
    0x0800dbbc   0x00000058   Code   RO         1230    i.USBH_Get_CfgDesc  usbh_stdreq.o
    0x0800dc14   0x00000084   Code   RO         1231    i.USBH_Get_DevDesc  usbh_stdreq.o
    0x0800dc98   0x0000004a   Code   RO         1232    i.USBH_Get_StringDesc  usbh_stdreq.o
    0x0800dce2   0x00000002   PAD
    0x0800dce4   0x000001d4   Code   RO         1316    i.USBH_HandleControl  usbh_core.o
    0x0800deb8   0x0000019c   Code   RO         1317    i.USBH_HandleEnum   usbh_core.o
    0x0800e054   0x00000040   Code   RO         1318    i.USBH_Init         usbh_core.o
    0x0800e094   0x00000038   Code   RO         1887    i.USBH_MSC_BOT_Abort  usbh_msc_bot.o
    0x0800e0cc   0x0000000c   Code   RO         1932    i.USBH_MSC_ClassRequest  usbh_msc_core.o
    0x0800e0d8   0x0000005c   Code   RO         1888    i.USBH_MSC_DecodeCSW  usbh_msc_bot.o
    0x0800e134   0x00000034   Code   RO         1933    i.USBH_MSC_ErrorHandle  usbh_msc_core.o
    0x0800e168   0x00000168   Code   RO         1934    i.USBH_MSC_Handle   usbh_msc_core.o
    0x0800e2d0   0x0000021c   Code   RO         1889    i.USBH_MSC_HandleBOTXfer  usbh_msc_bot.o
    0x0800e4ec   0x0000003c   Code   RO         1890    i.USBH_MSC_Init     usbh_msc_bot.o
    0x0800e528   0x00000038   Code   RO         1935    i.USBH_MSC_InterfaceDeInit  usbh_msc_core.o
    0x0800e560   0x000000a0   Code   RO         1936    i.USBH_MSC_InterfaceInit  usbh_msc_core.o
    0x0800e600   0x0000009c   Code   RO         1825    i.USBH_MSC_ModeSense6  usbh_msc_scsi.o
    0x0800e69c   0x000000dc   Code   RO         1826    i.USBH_MSC_Read10   usbh_msc_scsi.o
    0x0800e778   0x000000a0   Code   RO         1827    i.USBH_MSC_ReadCapacity10  usbh_msc_scsi.o
    0x0800e818   0x000000a0   Code   RO         1828    i.USBH_MSC_RequestSense  usbh_msc_scsi.o
    0x0800e8b8   0x00000080   Code   RO         1829    i.USBH_MSC_TestUnitReady  usbh_msc_scsi.o
    0x0800e938   0x000000a8   Code   RO         1830    i.USBH_MSC_Write10  usbh_msc_scsi.o
    0x0800e9e0   0x00000032   Code   RO         1390    i.USBH_Modify_Channel  usbh_hcs.o
    0x0800ea12   0x000000a8   Code   RO         1505    i.USBH_OTG_ISR_Handler  usb_hcd_int.o
    0x0800eaba   0x00000052   Code   RO         1391    i.USBH_Open_Channel  usbh_hcs.o
    0x0800eb0c   0x00000120   Code   RO         1233    i.USBH_ParseCfgDesc  usbh_stdreq.o
    0x0800ec2c   0x00000026   Code   RO         1234    i.USBH_ParseInterfaceDesc  usbh_stdreq.o
    0x0800ec52   0x0000016a   Code   RO         1319    i.USBH_Process      usbh_core.o
    0x0800edbc   0x00000004   Code   RO         1320    i.USBH_SOF          usbh_core.o
    0x0800edc0   0x00000018   Code   RO         1235    i.USBH_SetAddress   usbh_stdreq.o
    0x0800edd8   0x00000018   Code   RO         1236    i.USBH_SetCfg       usbh_stdreq.o
    0x0800edf0   0x0000002c   Code   RO          711    i.USBH_USR_Configuration_DescAvailable  usbh_usr.o
    0x0800ee1c   0x0000000c   Code   RO          712    i.USBH_USR_DeInit   usbh_usr.o
    0x0800ee28   0x00000002   Code   RO          713    i.USBH_USR_DeviceAddressAssigned  usbh_usr.o
    0x0800ee2a   0x00000002   PAD
    0x0800ee2c   0x00000018   Code   RO          714    i.USBH_USR_DeviceAttached  usbh_usr.o
    0x0800ee44   0x0000006c   Code   RO          715    i.USBH_USR_DeviceDisconnected  usbh_usr.o
    0x0800eeb0   0x00000044   Code   RO          716    i.USBH_USR_DeviceNotSupported  usbh_usr.o
    0x0800eef4   0x00000038   Code   RO          717    i.USBH_USR_DeviceSpeedDetected  usbh_usr.o
    0x0800ef2c   0x00000048   Code   RO          718    i.USBH_USR_Device_DescAvailable  usbh_usr.o
    0x0800ef74   0x00000088   Code   RO          719    i.USBH_USR_EnumerationDone  usbh_usr.o
    0x0800effc   0x000000b8   Code   RO          720    i.USBH_USR_Init     usbh_usr.o
    0x0800f0b4   0x00000070   Code   RO          721    i.USBH_USR_MSC_Application  usbh_usr.o
    0x0800f124   0x00000028   Code   RO          722    i.USBH_USR_Manufacturer_String  usbh_usr.o
    0x0800f14c   0x00000044   Code   RO          723    i.USBH_USR_OverCurrentDetected  usbh_usr.o
    0x0800f190   0x00000024   Code   RO          724    i.USBH_USR_Product_String  usbh_usr.o
    0x0800f1b4   0x00000002   Code   RO          725    i.USBH_USR_ResetDevice  usbh_usr.o
    0x0800f1b6   0x00000002   PAD
    0x0800f1b8   0x00000028   Code   RO          726    i.USBH_USR_SerialNum_String  usbh_usr.o
    0x0800f1e0   0x00000030   Code   RO          727    i.USBH_USR_UnrecoveredError  usbh_usr.o
    0x0800f210   0x00000012   Code   RO          728    i.USBH_USR_UserInput  usbh_usr.o
    0x0800f222   0x00000002   PAD
    0x0800f224   0x0000003c   Code   RO          265    i.USB_OTG_BSP_ConfigVBUS  usb_bsp.o
    0x0800f260   0x00000018   Code   RO          266    i.USB_OTG_BSP_DriveVBUS  usb_bsp.o
    0x0800f278   0x00000028   Code   RO          267    i.USB_OTG_BSP_EnableInterrupt  usb_bsp.o
    0x0800f2a0   0x0000003c   Code   RO          268    i.USB_OTG_BSP_Init  usb_bsp.o
    0x0800f2dc   0x00000038   Code   RO          269    i.USB_OTG_BSP_TimerIRQ  usb_bsp.o
    0x0800f314   0x00000006   Code   RO          270    i.USB_OTG_BSP_mDelay  usb_bsp.o
    0x0800f31a   0x00000006   Code   RO          271    i.USB_OTG_BSP_uDelay  usb_bsp.o
    0x0800f320   0x00000080   Code   RO         1575    i.USB_OTG_CoreInit  usb_core.o
    0x0800f3a0   0x000000a6   Code   RO         1576    i.USB_OTG_CoreInitHost  usb_core.o
    0x0800f446   0x00000002   PAD
    0x0800f448   0x00000058   Code   RO         1577    i.USB_OTG_CoreReset  usb_core.o
    0x0800f4a0   0x00000010   Code   RO         1578    i.USB_OTG_DisableGlobalInt  usb_core.o
    0x0800f4b0   0x0000003c   Code   RO         1579    i.USB_OTG_DriveVbus  usb_core.o
    0x0800f4ec   0x00000010   Code   RO         1580    i.USB_OTG_EnableGlobalInt  usb_core.o
    0x0800f4fc   0x00000048   Code   RO         1581    i.USB_OTG_EnableHostInt  usb_core.o
    0x0800f544   0x00000038   Code   RO         1582    i.USB_OTG_FlushRxFifo  usb_core.o
    0x0800f57c   0x00000040   Code   RO         1583    i.USB_OTG_FlushTxFifo  usb_core.o
    0x0800f5bc   0x0000002a   Code   RO         1585    i.USB_OTG_HC_DoPing  usb_core.o
    0x0800f5e6   0x0000003c   Code   RO         1586    i.USB_OTG_HC_Halt   usb_core.o
    0x0800f622   0x00000002   PAD
    0x0800f624   0x000000e6   Code   RO         1587    i.USB_OTG_HC_Init   usb_core.o
    0x0800f70a   0x00000102   Code   RO         1588    i.USB_OTG_HC_StartXfer  usb_core.o
    0x0800f80c   0x0000000c   Code   RO         1589    i.USB_OTG_InitFSLSPClkSel  usb_core.o
    0x0800f818   0x0000000c   Code   RO         1591    i.USB_OTG_IsEvenFrame  usb_core.o
    0x0800f824   0x00000010   Code   RO         1592    i.USB_OTG_IsHostMode  usb_core.o
    0x0800f834   0x0000000a   Code   RO         1593    i.USB_OTG_ReadCoreItr  usb_core.o
    0x0800f83e   0x0000000c   Code   RO         1594    i.USB_OTG_ReadHPRT0  usb_core.o
    0x0800f84a   0x00000006   Code   RO         1595    i.USB_OTG_ReadHostAllChannels_intr  usb_core.o
    0x0800f850   0x00000020   Code   RO         1597    i.USB_OTG_ReadPacket  usb_core.o
    0x0800f870   0x0000002a   Code   RO         1598    i.USB_OTG_ResetPort  usb_core.o
    0x0800f89a   0x00000002   PAD
    0x0800f89c   0x000000c0   Code   RO         1599    i.USB_OTG_SelectCore  usb_core.o
    0x0800f95c   0x0000002a   Code   RO         1600    i.USB_OTG_SetCurrentMode  usb_core.o
    0x0800f986   0x00000002   PAD
    0x0800f988   0x0000002c   Code   RO         1506    i.USB_OTG_USBH_handle_Disconnect_ISR  usb_hcd_int.o
    0x0800f9b4   0x00000046   Code   RO         1507    i.USB_OTG_USBH_handle_IncompletePeriodicXfer_ISR  usb_hcd_int.o
    0x0800f9fa   0x00000056   Code   RO         1508    i.USB_OTG_USBH_handle_hc_ISR  usb_hcd_int.o
    0x0800fa50   0x0000042a   Code   RO         1509    i.USB_OTG_USBH_handle_hc_n_In_ISR  usb_hcd_int.o
    0x0800fe7a   0x000003d0   Code   RO         1510    i.USB_OTG_USBH_handle_hc_n_Out_ISR  usb_hcd_int.o
    0x0801024a   0x0000012a   Code   RO         1511    i.USB_OTG_USBH_handle_nptxfempty_ISR  usb_hcd_int.o
    0x08010374   0x00000120   Code   RO         1512    i.USB_OTG_USBH_handle_port_ISR  usb_hcd_int.o
    0x08010494   0x0000012a   Code   RO         1513    i.USB_OTG_USBH_handle_ptxfempty_ISR  usb_hcd_int.o
    0x080105be   0x0000013e   Code   RO         1514    i.USB_OTG_USBH_handle_rx_qlvl_ISR  usb_hcd_int.o
    0x080106fc   0x0000002c   Code   RO         1515    i.USB_OTG_USBH_handle_sof_ISR  usb_hcd_int.o
    0x08010728   0x00000028   Code   RO         1602    i.USB_OTG_WritePacket  usb_core.o
    0x08010750   0x00000002   Code   RO           13    i.UsageFault_Handler  stm32fxxx_it.o
    0x08010752   0x00000002   PAD
    0x08010754   0x00000028   Code   RO          911    i.WRDI              spi_flash.o
    0x0801077c   0x00000024   Code   RO          912    i.WREN              spi_flash.o
    0x080107a0   0x00000044   Code   RO          913    i.WRSR              spi_flash.o
    0x080107e4   0x0000000c   Code   RO         4291    i.WWDG_ClearFlag    stm32f10x_wwdg.o
    0x080107f0   0x00000010   Code   RO         4293    i.WWDG_Enable       stm32f10x_wwdg.o
    0x08010800   0x0000000c   Code   RO         4294    i.WWDG_EnableIT     stm32f10x_wwdg.o
    0x0801080c   0x00000054   Code   RO         1127    i.WWDG_IRQHandler   wwdg.o
    0x08010860   0x00000010   Code   RO         4296    i.WWDG_SetCounter   stm32f10x_wwdg.o
    0x08010870   0x00000014   Code   RO         4297    i.WWDG_SetPrescaler  stm32f10x_wwdg.o
    0x08010884   0x00000018   Code   RO         4298    i.WWDG_SetWindowValue  stm32f10x_wwdg.o
    0x0801089c   0x00000020   Code   RO         5248    i.__0printf$8       mc_w.l(printf8.o)
    0x080108bc   0x0000000e   Code   RO         5373    i.__scatterload_copy  mc_w.l(handlers.o)
    0x080108ca   0x00000002   Code   RO         5374    i.__scatterload_null  mc_w.l(handlers.o)
    0x080108cc   0x0000000e   Code   RO         5375    i.__scatterload_zeroinit  mc_w.l(handlers.o)
    0x080108da   0x00000002   PAD
    0x080108dc   0x00000420   Code   RO         5255    i._printf_core      mc_w.l(printf8.o)
    0x08010cfc   0x00000026   Code   RO         5256    i._printf_post_padding  mc_w.l(printf8.o)
    0x08010d22   0x00000030   Code   RO         5257    i._printf_pre_padding  mc_w.l(printf8.o)
    0x08010d52   0x0000004e   Code   RO          377    i.add_line_info     main.o
    0x08010da0   0x0000001c   Code   RO          378    i.alloc_memory      main.o
    0x08010dbc   0x0000005c   Code   RO         2031    i.check_fs          ff.o
    0x08010e18   0x000001d0   Code   RO         2032    i.chk_mounted       ff.o
    0x08010fe8   0x00000018   Code   RO         2033    i.clust2sect        ff.o
    0x08011000   0x0000000c   Code   RO          379    i.cpu_run           main.o
    0x0801100c   0x0000000c   Code   RO          380    i.cpu_stop          main.o
    0x08011018   0x00000096   Code   RO         2034    i.create_chain      ff.o
    0x080110ae   0x00000002   PAD
    0x080110b0   0x000000f8   Code   RO         2035    i.create_name       ff.o
    0x080111a8   0x0000009c   Code   RO          381    i.data_process      main.o
    0x08011244   0x00000014   Code   RO         4790    i.delay             stm3210c_eval_lcd.o
    0x08011258   0x00000024   Code   RO         1096    i.delay_ms          delay.o
    0x0801127c   0x000000ee   Code   RO         2036    i.dir_next          ff.o
    0x0801136a   0x00000066   Code   RO         2038    i.dir_register      ff.o
    0x080113d0   0x0000007e   Code   RO         2040    i.dir_seek          ff.o
    0x0801144e   0x00000002   PAD
    0x08011450   0x00000020   Code   RO         1981    i.disk_initialize   usbh_msc_fatfs.o
    0x08011470   0x00000040   Code   RO         1982    i.disk_ioctl        usbh_msc_fatfs.o
    0x080114b0   0x00000064   Code   RO         1983    i.disk_read         usbh_msc_fatfs.o
    0x08011514   0x00000010   Code   RO         1984    i.disk_status       usbh_msc_fatfs.o
    0x08011524   0x0000006c   Code   RO         1985    i.disk_write        usbh_msc_fatfs.o
    0x08011590   0x00000012   Code   RO         2042    i.f_close           ff.o
    0x080115a2   0x00000002   PAD
    0x080115a4   0x00000028   Code   RO         2048    i.f_mount           ff.o
    0x080115cc   0x0000014a   Code   RO         2049    i.f_open            ff.o
    0x08011716   0x0000015e   Code   RO         2054    i.f_read            ff.o
    0x08011874   0x000000a4   Code   RO         2058    i.f_sync            ff.o
    0x08011918   0x00000010   Code   RO          382    i.flash_run         main.o
    0x08011928   0x00000010   Code   RO          383    i.flash_stop        main.o
    0x08011938   0x000000bc   Code   RO         2063    i.follow_path       ff.o
    0x080119f4   0x000000f4   Code   RO         2324    i.fputc             lcd_log.o
    0x08011ae8   0x00000078   Code   RO          385    i.get_cfg_from_flash  main.o
    0x08011b60   0x00000060   Code   RO          386    i.get_disp_state    main.o
    0x08011bc0   0x000000b4   Code   RO         2064    i.get_fat           ff.o
    0x08011c74   0x00000004   Code   RO         2295    i.get_fattime       fattime.o
    0x08011c78   0x00000018   Code   RO          388    i.get_light_state   main.o
    0x08011c90   0x00000098   Code   RO          389    i.get_line_from_flash  main.o
    0x08011d28   0x000000a8   Code   RO          392    i.gpio_init         main.o
    0x08011dd0   0x00000064   Code   RO         1019    i.led_board_16_coldata_out  led_screen.o
    0x08011e34   0x00000060   Code   RO         1020    i.led_board_16_row_number  led_screen.o
    0x08011e94   0x000000d8   Code   RO          393    i.main              main.o
    0x08011f6c   0x0000006c   Code   RO         5303    i.malloc            mc_w.l(malloc.o)
    0x08011fd8   0x00000012   Code   RO         2066    i.mem_cpy           ff.o
    0x08011fea   0x0000000e   Code   RO         2067    i.mem_set           ff.o
    0x08011ff8   0x00000238   Code   RO         1021    i.move_16_disp_string  led_screen.o
    0x08012230   0x000000f4   Code   RO         1022    i.move_16_refresh_led_screen  led_screen.o
    0x08012324   0x0000006a   Code   RO         2068    i.move_window       ff.o
    0x0801238e   0x000000f0   Code   RO         2069    i.put_fat           ff.o
    0x0801247e   0x00000062   Code   RO         2070    i.remove_chain      ff.o
    0x080124e0   0x000001b8   Code   RO         1023    i.static_16_disp_string  led_screen.o
    0x08012698   0x000000e8   Code   RO         1024    i.static_16_refresh_led_screen  led_screen.o
    0x08012780   0x000000b8   Code   RO         2071    i.sync              ff.o
    0x08012838   0x00000020   Code   RO         2072    i.validate          ff.o
    0x08012858   0x00000064   Code   RO         1128    i.wwdg_init         wwdg.o
    0x080128bc   0x00000103   Data   RO          733    .constdata          usbh_usr.o
    0x080129bf   0x00000001   PAD
    0x080129c0   0x000000c2   Data   RO         2073    .constdata          ff.o
    0x08012a82   0x00000002   PAD
    0x08012a84   0x00000054   Data   RO         4482    .constdata          stm3210c_eval.o
    0x08012ad8   0x000011d0   Data   RO         4791    .constdata          stm3210c_eval_lcd.o
    0x08013ca8   0x00000900   Data   RO         4792    .constdata          stm3210c_eval_lcd.o
    0x080145a8   0x00000900   Data   RO         4793    .constdata          stm3210c_eval_lcd.o
    0x08014ea8   0x00000009   Data   RO          397    .conststring        main.o
    0x08014eb1   0x00000003   PAD
    0x08014eb4   0x00000020   Data   RO         5371    Region$$Table       anon$$obj.o


    Execution Region RW_IRAM1 (Base: 0x20000000, Size: 0x00002100, Max: 0x00010000, ABSOLUTE, COMPRESSED[0x00000440])

    Base Addr    Size         Type   Attr      Idx    E Section Name        Object

    0x20000000   0x00000004   Data   RW          272    .data               usb_bsp.o
    0x20000004   0x0000001c   Data   RW          398    .data               main.o
    0x20000020   0x00000002   Data   RW          738    .data               usbh_usr.o
    0x20000022   0x00000002   PAD
    0x20000024   0x00000048   Data   RW          740    .data               usbh_usr.o
    0x2000006c   0x000006cc   Data   RW         1025    .data               led_screen.o
    0x20000738   0x00000002   Data   RW         1129    .data               wwdg.o
    0x2000073a   0x00000002   PAD
    0x2000073c   0x0000000c   Data   RW         1159    .data               remote.o
    0x20000748   0x00000004   Data   RW         1197    .data               timer.o
    0x2000074c   0x00000004   Data   RW         1239    .data               usbh_stdreq.o
    0x20000750   0x0000000c   Data   RW         1321    .data               usbh_core.o
    0x2000075c   0x00000004   Data   RW         1322    .data               usbh_core.o
    0x20000760   0x00000002   Data   RW         1323    .data               usbh_core.o
    0x20000762   0x00000001   Data   RW         1833    .data               usbh_msc_scsi.o
    0x20000763   0x00000001   PAD
    0x20000764   0x00000014   Data   RW         1892    .data               usbh_msc_bot.o
    0x20000778   0x00000002   Data   RW         1938    .data               usbh_msc_core.o
    0x2000077a   0x00000002   PAD
    0x2000077c   0x00000010   Data   RW         1939    .data               usbh_msc_core.o
    0x2000078c   0x00000001   Data   RW         1986    .data               usbh_msc_fatfs.o
    0x2000078d   0x00000003   PAD
    0x20000790   0x0000000c   Data   RW         2074    .data               ff.o
    0x2000079c   0x00000012   Data   RW         2326    .data               lcd_log.o
    0x200007ae   0x00000002   PAD
    0x200007b0   0x00000028   Data   RW         4483    .data               stm3210c_eval.o
    0x200007d8   0x00000010   Data   RW         4795    .data               stm3210c_eval_lcd.o
    0x200007e8   0x00000008   Data   RW         4796    .data               stm3210c_eval_lcd.o
    0x200007f0   0x00000008   Data   RW         4797    .data               stm3210c_eval_lcd.o
    0x200007f8   0x00000004   Data   RW         5345    .data               mc_w.l(stdout.o)
    0x200007fc   0x00000004   Data   RW         5350    .data               mc_w.l(mvars.o)
    0x20000800   0x00000004   Data   RW         5351    .data               mc_w.l(mvars.o)
    0x20000804   0x00000798   Zero   RW          396    .bss                main.o
    0x20000f9c   0x00000454   Zero   RW          730    .bss                usbh_usr.o
    0x200013f0   0x00000200   Zero   RW         1238    .bss                usbh_stdreq.o
    0x200015f0   0x00000210   Zero   RW         1831    .bss                usbh_msc_scsi.o
    0x20001800   0x00000040   Zero   RW         1891    .bss                usbh_msc_bot.o
    0x20001840   0x0000004a   Zero   RW         1937    .bss                usbh_msc_core.o
    0x2000188a   0x00000270   Zero   RW         2325    .bss                lcd_log.o
    0x20001afa   0x00000006   PAD
    0x20001b00   0x00000200   Zero   RW         2379    HEAP                startup_stm32f10x_cl.o
    0x20001d00   0x00000400   Zero   RW         2378    STACK               startup_stm32f10x_cl.o


==============================================================================

Image component sizes


      Code (inc. data)   RO Data    RW Data    ZI Data      Debug   Object Name

        36          0          0          0          0        503   delay.o
         4          0          0          0          0        514   fattime.o
      3406         40        194         12          0      27882   ff.o
       742         32          0         18        624       7001   lcd_log.o
      1680         92          0       1740          0       7426   led_screen.o
      1094        102          9         28       1944      42176   main.o
       140         26          0          0          0       2341   misc.o
       248         12          0         12          0       1010   remote.o
       748         50          0          0          0       6498   spi_flash.o
        36          8        336          0       1536        920   startup_stm32f10x_cl.o
       252         28         84         40          0       3848   stm3210c_eval.o
      2164        124       9168         32          0      17491   stm3210c_eval_lcd.o
       156         14          0          0          0       2472   stm32f10x_exti.o
       324         12          0          0          0       6124   stm32f10x_gpio.o
       132         36          0          0          0       3869   stm32f10x_rcc.o
       182         12          0          0          0       5003   stm32f10x_spi.o
       268         42          0          0          0       7963   stm32f10x_tim.o
       100         32          0          0          0       4179   stm32f10x_wwdg.o
        72         12          0          0          0     318356   stm32fxxx_it.o
       284         34          0          0          0       1597   system_stm32f10x.o
        72         10          0          4          0        546   timer.o
       396         20          0          4          0       5872   usb_bsp.o
      1672         22          0          0          0      18433   usb_core.o
       160          0          0          0          0       5343   usb_hcd.o
      3656         16          0          0          0      10859   usb_hcd_int.o
      1426         44          0         18          0      10089   usbh_core.o
       234          0          0          0          0       4336   usbh_hcs.o
       290          0          0          0          0       5406   usbh_ioreq.o
       748         64          0         20         64       7233   usbh_msc_bot.o
       640         48          0         18         74       6341   usbh_msc_core.o
       320         46          0          1          0       5670   usbh_msc_fatfs.o
       992         74          0          1        528       7912   usbh_msc_scsi.o
       776         10          0          4        512       9349   usbh_stdreq.o
      1070        504        259         74       1108      24117   usbh_usr.o
       184         12          0          2          0       1525   wwdg.o
        32          0          0          0          0        895   ziku.o

    ----------------------------------------------------------------------
     24778       1578      10088       2040       6396     591099   Object Totals
         0          0         32          0          0          0   (incl. Generated)
        42          0          6         12          6          0   (incl. Padding)

    ----------------------------------------------------------------------

      Code (inc. data)   RO Data    RW Data    ZI Data      Debug   Library Member Name

        92          0          0          0          0          0   __dczerorl2.o
         0          0          0          0          0          0   entry.o
         8          4          0          0          0          0   entry2.o
         4          0          0          0          0          0   entry5.o
         0          0          0          0          0          0   entry7b.o
         8          4          0          0          0          0   entry8.o
        30          0          0          0          0          0   handlers.o
        36          8          0          0          0         68   init.o
        30          0          0          0          0         68   llshl.o
        32          0          0          0          0         68   llushr.o
       108         16          0          0          0         84   malloc.o
        36          0          0          0          0         68   memcpya.o
        38          0          0          0          0        108   memseta.o
         0          0          0          8          0          0   mvars.o
      1174         56          0          0          0        352   printf8.o
         0          0          0          4          0          0   stdout.o
        98          0          0          0          0         92   uldiv.o

    ----------------------------------------------------------------------
      1698         88          0         12          0        908   Library Totals
         4          0          0          0          0          0   (incl. Padding)

    ----------------------------------------------------------------------

      Code (inc. data)   RO Data    RW Data    ZI Data      Debug   Library Name

      1694         88          0         12          0        908   mc_w.l

    ----------------------------------------------------------------------
      1698         88          0         12          0        908   Library Totals

    ----------------------------------------------------------------------

==============================================================================


      Code (inc. data)   RO Data    RW Data    ZI Data      Debug   

     26476       1666      10088       2052       6396     577967   Grand Totals
     26476       1666      10088       1088       6396     577967   ELF Image Totals (compressed)
     26476       1666      10088       1088          0          0   ROM Totals

==============================================================================

    Total RO  Size (Code + RO Data)                36564 (  35.71kB)
    Total RW  Size (RW Data + ZI Data)              8448 (   8.25kB)
    Total ROM Size (Code + RO Data + RW Data)      37652 (  36.77kB)

==============================================================================

