<html>
<body>
<pre>
<h1>礦ision Build Log</h1>
<h2>Project:</h2>
C:\Users\Administrator\Desktop\STM32_APP_USB\Project\USB_Host_Examples\十六分之一\MDK-ARM\USBH_MSC.uvproj
Project File Date:  06/15/2015

<h2>Output:</h2>
Build target 'STM3210C-EVAL_USBH-FS'
compiling stm32fxxx_it.c...
compiling usb_bsp.c...
compiling misc.c...
compiling main.c...
compiling usbh_usr.c...
compiling spi_flash.c...
compiling uart.c...
compiling led_screen.c...
compiling ziku.c...
compiling delay.c...
compiling wwdg.c...
compiling usbh_stdreq.c...
compiling usbh_core.c...
compiling usbh_hcs.c...
compiling usbh_ioreq.c...
compiling usb_hcd_int.c...
compiling usb_core.c...
compiling usb_hcd.c...
compiling usbh_msc_scsi.c...
compiling usbh_msc_bot.c...
compiling usbh_msc_core.c...
compiling usbh_msc_fatfs.c...
compiling ff.c...
compiling fattime.c...
compiling lcd_log.c...
assembling startup_stm32f10x_cl.s...
compiling system_stm32f10x.c...
compiling stm32f10x_dma.c...
compiling stm32f10x_exti.c...
compiling stm32f10x_flash.c...
compiling stm32f10x_gpio.c...
compiling stm32f10x_i2c.c...
compiling stm32f10x_pwr.c...
compiling stm32f10x_rcc.c...
compiling stm32f10x_usart.c...
compiling stm32f10x_spi.c...
compiling stm32f10x_tim.c...
compiling stm32f10x_wwdg.c...
compiling stm3210c_eval_spi_sd.c...
compiling stm3210c_eval.c...
compiling stm3210c_eval_ioe.c...
compiling stm3210c_eval_lcd.c...
linking...
Program Size: Code=26132 RO-data=10088 RW-data=2036 ZI-data=6396  
FromELF: creating hex file...
After Build - User command #1: D:\Keil_v5\ARM\ARMCC\bin\fromelf.exe --bin -o  ./STM3210C-EVAL/led.bin  ./STM3210C-EVAL/STM3210C-EVAL.axf
".\STM3210C-EVAL\STM3210C-EVAL.axf" - 0 Error(s), 0 Warning(s).
