Product: MDK-ARM Professional 5.10
Component: ARM Compiler 5.04 update 1 (build 49)
Tool: armlink [5040049]

==============================================================================

Section Cross References

    stm32fxxx_it.o(i.EXTI1_IRQHandler) refers to stm32f10x_exti.o(i.EXTI_GetITStatus) for EXTI_GetITStatus
    stm32fxxx_it.o(i.EXTI1_IRQHandler) refers to stm32f10x_exti.o(i.EXTI_ClearITPendingBit) for EXTI_ClearITPendingBit
    stm32fxxx_it.o(i.EXTI1_IRQHandler) refers to main.o(.bss) for USB_Host
    stm32fxxx_it.o(i.OTG_FS_IRQHandler) refers to usb_hcd_int.o(i.USBH_OTG_ISR_Handler) for USBH_OTG_ISR_Handler
    stm32fxxx_it.o(i.OTG_FS_IRQHandler) refers to main.o(.bss) for USB_OTG_Core
    stm32fxxx_it.o(i.TIM2_IRQHandler) refers to usb_bsp.o(i.USB_OTG_BSP_TimerIRQ) for USB_OTG_BSP_TimerIRQ
    stm32fxxx_it.o(i.UART4_IRQHandler) refers to uart.o(i.uart_irq) for uart_irq
    stm32fxxx_it.o(i.USART2_IRQHandler) refers to uart.o(i.uart_irq) for uart_irq
    usb_bsp.o(i.BSP_Delay) refers to usb_bsp.o(i.BSP_SetTime) for BSP_SetTime
    usb_bsp.o(i.BSP_Delay) refers to stm32f10x_tim.o(i.TIM_Cmd) for TIM_Cmd
    usb_bsp.o(i.BSP_Delay) refers to usb_bsp.o(.data) for .data
    usb_bsp.o(i.BSP_SetTime) refers to stm32f10x_tim.o(i.TIM_Cmd) for TIM_Cmd
    usb_bsp.o(i.BSP_SetTime) refers to stm32f10x_tim.o(i.TIM_ITConfig) for TIM_ITConfig
    usb_bsp.o(i.BSP_SetTime) refers to stm32f10x_tim.o(i.TIM_TimeBaseInit) for TIM_TimeBaseInit
    usb_bsp.o(i.BSP_SetTime) refers to stm32f10x_tim.o(i.TIM_ClearITPendingBit) for TIM_ClearITPendingBit
    usb_bsp.o(i.BSP_SetTime) refers to stm32f10x_tim.o(i.TIM_ARRPreloadConfig) for TIM_ARRPreloadConfig
    usb_bsp.o(i.USB_OTG_BSP_ConfigVBUS) refers to stm32f10x_rcc.o(i.RCC_APB2PeriphClockCmd) for RCC_APB2PeriphClockCmd
    usb_bsp.o(i.USB_OTG_BSP_ConfigVBUS) refers to stm32f10x_gpio.o(i.GPIO_Init) for GPIO_Init
    usb_bsp.o(i.USB_OTG_BSP_ConfigVBUS) refers to stm32f10x_gpio.o(i.GPIO_SetBits) for GPIO_SetBits
    usb_bsp.o(i.USB_OTG_BSP_ConfigVBUS) refers to usb_bsp.o(i.USB_OTG_BSP_mDelay) for USB_OTG_BSP_mDelay
    usb_bsp.o(i.USB_OTG_BSP_DriveVBUS) refers to stm32f10x_gpio.o(i.GPIO_ResetBits) for GPIO_ResetBits
    usb_bsp.o(i.USB_OTG_BSP_DriveVBUS) refers to stm32f10x_gpio.o(i.GPIO_SetBits) for GPIO_SetBits
    usb_bsp.o(i.USB_OTG_BSP_EnableInterrupt) refers to misc.o(i.NVIC_PriorityGroupConfig) for NVIC_PriorityGroupConfig
    usb_bsp.o(i.USB_OTG_BSP_EnableInterrupt) refers to misc.o(i.NVIC_Init) for NVIC_Init
    usb_bsp.o(i.USB_OTG_BSP_Init) refers to stm32f10x_rcc.o(i.RCC_OTGFSCLKConfig) for RCC_OTGFSCLKConfig
    usb_bsp.o(i.USB_OTG_BSP_Init) refers to stm32f10x_rcc.o(i.RCC_AHBPeriphClockCmd) for RCC_AHBPeriphClockCmd
    usb_bsp.o(i.USB_OTG_BSP_Init) refers to misc.o(i.NVIC_PriorityGroupConfig) for NVIC_PriorityGroupConfig
    usb_bsp.o(i.USB_OTG_BSP_Init) refers to misc.o(i.NVIC_Init) for NVIC_Init
    usb_bsp.o(i.USB_OTG_BSP_Init) refers to stm32f10x_rcc.o(i.RCC_APB1PeriphClockCmd) for RCC_APB1PeriphClockCmd
    usb_bsp.o(i.USB_OTG_BSP_TimerIRQ) refers to stm32f10x_tim.o(i.TIM_GetITStatus) for TIM_GetITStatus
    usb_bsp.o(i.USB_OTG_BSP_TimerIRQ) refers to stm32f10x_tim.o(i.TIM_ClearITPendingBit) for TIM_ClearITPendingBit
    usb_bsp.o(i.USB_OTG_BSP_TimerIRQ) refers to stm32f10x_tim.o(i.TIM_Cmd) for TIM_Cmd
    usb_bsp.o(i.USB_OTG_BSP_TimerIRQ) refers to usb_bsp.o(.data) for .data
    usb_bsp.o(i.USB_OTG_BSP_mDelay) refers to usb_bsp.o(i.BSP_Delay) for BSP_Delay
    usb_bsp.o(i.USB_OTG_BSP_uDelay) refers to usb_bsp.o(i.BSP_Delay) for BSP_Delay
    main.o(i.alloc_memory) refers to malloc.o(i.malloc) for malloc
    main.o(i.alloc_memory) refers to main.o(.data) for .data
    main.o(i.cpu_run) refers to stm32f10x_gpio.o(i.GPIO_ResetBits) for GPIO_ResetBits
    main.o(i.cpu_stop) refers to stm32f10x_gpio.o(i.GPIO_SetBits) for GPIO_SetBits
    main.o(i.data_process) refers to main.o(i.front_process) for front_process
    main.o(i.data_process) refers to main.o(i.rear_process) for rear_process
    main.o(i.data_process) refers to main.o(i.side_process) for side_process
    main.o(i.data_process) refers to spi_flash.o(i.SST25_W_BLOCK) for SST25_W_BLOCK
    main.o(i.data_process) refers to memseta.o(.text) for __aeabi_memclr
    main.o(i.data_process) refers to uart.o(.bss) for Usart_ucDispCMDDataBuffTemp
    main.o(i.data_process) refers to main.o(.data) for .data
    main.o(i.data_process) refers to main.o(.bss) for .bss
    main.o(i.five_protocal) refers to memseta.o(.text) for __aeabi_memclr4
    main.o(i.five_protocal) refers to main.o(i.add_line_info) for add_line_info
    main.o(i.five_protocal) refers to uart.o(.bss) for Usart_ucDispCMDDataBuffTemp
    main.o(i.five_protocal) refers to main.o(.bss) for .bss
    main.o(i.five_protocal) refers to main.o(.data) for .data
    main.o(i.flash_run) refers to stm32f10x_gpio.o(i.GPIO_ResetBits) for GPIO_ResetBits
    main.o(i.flash_stop) refers to stm32f10x_gpio.o(i.GPIO_SetBits) for GPIO_SetBits
[...]
    Removing stm32f10x_spi.o(.rev16_text), (4 bytes).
    Removing stm32f10x_spi.o(.revsh_text), (4 bytes).
    Removing stm32f10x_spi.o(i.I2S_Cmd), (20 bytes).
    Removing stm32f10x_spi.o(i.I2S_Init), (228 bytes).
    Removing stm32f10x_spi.o(i.I2S_StructInit), (18 bytes).
    Removing stm32f10x_spi.o(i.SPI_BiDirectionalLineConfig), (22 bytes).
    Removing stm32f10x_spi.o(i.SPI_CalculateCRC), (20 bytes).
    Removing stm32f10x_spi.o(i.SPI_DataSizeConfig), (16 bytes).
    Removing stm32f10x_spi.o(i.SPI_GetCRC), (12 bytes).
    Removing stm32f10x_spi.o(i.SPI_GetCRCPolynomial), (4 bytes).
    Removing stm32f10x_spi.o(i.SPI_I2S_ClearFlag), (6 bytes).
    Removing stm32f10x_spi.o(i.SPI_I2S_ClearITPendingBit), (14 bytes).
    Removing stm32f10x_spi.o(i.SPI_I2S_DMACmd), (16 bytes).
    Removing stm32f10x_spi.o(i.SPI_I2S_DeInit), (84 bytes).
    Removing stm32f10x_spi.o(i.SPI_I2S_GetITStatus), (42 bytes).
    Removing stm32f10x_spi.o(i.SPI_I2S_ITConfig), (24 bytes).
    Removing stm32f10x_spi.o(i.SPI_NSSInternalSoftwareConfig), (24 bytes).
    Removing stm32f10x_spi.o(i.SPI_SSOutputCmd), (20 bytes).
    Removing stm32f10x_spi.o(i.SPI_StructInit), (24 bytes).
    Removing stm32f10x_spi.o(i.SPI_TransmitCRC), (10 bytes).
    Removing stm32f10x_tim.o(.rev16_text), (4 bytes).
    Removing stm32f10x_tim.o(.revsh_text), (4 bytes).
    Removing stm32f10x_tim.o(i.TI1_Config), (108 bytes).
    Removing stm32f10x_tim.o(i.TI2_Config), (124 bytes).
    Removing stm32f10x_tim.o(i.TIM_BDTRConfig), (34 bytes).
    Removing stm32f10x_tim.o(i.TIM_BDTRStructInit), (18 bytes).
    Removing stm32f10x_tim.o(i.TIM_CCPreloadControl), (20 bytes).
    Removing stm32f10x_tim.o(i.TIM_CCxCmd), (22 bytes).
    Removing stm32f10x_tim.o(i.TIM_CCxNCmd), (22 bytes).
    Removing stm32f10x_tim.o(i.TIM_ClearFlag), (6 bytes).
    Removing stm32f10x_tim.o(i.TIM_ClearOC1Ref), (12 bytes).
    Removing stm32f10x_tim.o(i.TIM_ClearOC2Ref), (20 bytes).
    Removing stm32f10x_tim.o(i.TIM_ClearOC3Ref), (12 bytes).
    Removing stm32f10x_tim.o(i.TIM_ClearOC4Ref), (20 bytes).
    Removing stm32f10x_tim.o(i.TIM_CounterModeConfig), (12 bytes).
    Removing stm32f10x_tim.o(i.TIM_CtrlPWMOutputs), (22 bytes).
    Removing stm32f10x_tim.o(i.TIM_DMACmd), (16 bytes).
    Removing stm32f10x_tim.o(i.TIM_DMAConfig), (8 bytes).
    Removing stm32f10x_tim.o(i.TIM_DeInit), (368 bytes).
    Removing stm32f10x_tim.o(i.TIM_ETRClockMode1Config), (18 bytes).
    Removing stm32f10x_tim.o(i.TIM_ETRClockMode2Config), (18 bytes).
    Removing stm32f10x_tim.o(i.TIM_ETRConfig), (24 bytes).
    Removing stm32f10x_tim.o(i.TIM_EncoderInterfaceConfig), (50 bytes).
    Removing stm32f10x_tim.o(i.TIM_ForcedOC1Config), (12 bytes).
    Removing stm32f10x_tim.o(i.TIM_ForcedOC2Config), (20 bytes).
    Removing stm32f10x_tim.o(i.TIM_ForcedOC3Config), (12 bytes).
    Removing stm32f10x_tim.o(i.TIM_ForcedOC4Config), (20 bytes).
    Removing stm32f10x_tim.o(i.TIM_GenerateEvent), (4 bytes).
    Removing stm32f10x_tim.o(i.TIM_GetCapture1), (4 bytes).
    Removing stm32f10x_tim.o(i.TIM_GetCapture2), (4 bytes).
    Removing stm32f10x_tim.o(i.TIM_GetCapture3), (4 bytes).
    Removing stm32f10x_tim.o(i.TIM_GetCapture4), (6 bytes).
    Removing stm32f10x_tim.o(i.TIM_GetCounter), (4 bytes).
    Removing stm32f10x_tim.o(i.TIM_GetFlagStatus), (14 bytes).
    Removing stm32f10x_tim.o(i.TIM_GetPrescaler), (4 bytes).
    Removing stm32f10x_tim.o(i.TIM_ICInit), (300 bytes).
    Removing stm32f10x_tim.o(i.TIM_ICStructInit), (16 bytes).
    Removing stm32f10x_tim.o(i.TIM_ITRxExternalClockConfig), (18 bytes).
    Removing stm32f10x_tim.o(i.TIM_InternalClockConfig), (10 bytes).
    Removing stm32f10x_tim.o(i.TIM_OC1FastConfig), (12 bytes).
    Removing stm32f10x_tim.o(i.TIM_OC1Init), (128 bytes).
    Removing stm32f10x_tim.o(i.TIM_OC1NPolarityConfig), (12 bytes).
    Removing stm32f10x_tim.o(i.TIM_OC1PolarityConfig), (12 bytes).
    Removing stm32f10x_tim.o(i.TIM_OC1PreloadConfig), (12 bytes).
    Removing stm32f10x_tim.o(i.TIM_OC2FastConfig), (20 bytes).
    Removing stm32f10x_tim.o(i.TIM_OC2Init), (128 bytes).
    Removing stm32f10x_tim.o(i.TIM_OC2NPolarityConfig), (20 bytes).
    Removing stm32f10x_tim.o(i.TIM_OC2PolarityConfig), (20 bytes).
    Removing stm32f10x_tim.o(i.TIM_OC2PreloadConfig), (20 bytes).
    Removing stm32f10x_tim.o(i.TIM_OC3FastConfig), (12 bytes).
    Removing stm32f10x_tim.o(i.TIM_OC3Init), (124 bytes).
    Removing stm32f10x_tim.o(i.TIM_OC3NPolarityConfig), (20 bytes).
    Removing stm32f10x_tim.o(i.TIM_OC3PolarityConfig), (20 bytes).
    Removing stm32f10x_tim.o(i.TIM_OC3PreloadConfig), (12 bytes).
    Removing stm32f10x_tim.o(i.TIM_OC4FastConfig), (20 bytes).
    Removing stm32f10x_tim.o(i.TIM_OC4Init), (100 bytes).
    Removing stm32f10x_tim.o(i.TIM_OC4PolarityConfig), (20 bytes).
    Removing stm32f10x_tim.o(i.TIM_OC4PreloadConfig), (20 bytes).
    Removing stm32f10x_tim.o(i.TIM_OCStructInit), (20 bytes).
    Removing stm32f10x_tim.o(i.TIM_PWMIConfig), (108 bytes).
    Removing stm32f10x_tim.o(i.TIM_PrescalerConfig), (6 bytes).
    Removing stm32f10x_tim.o(i.TIM_SelectCCDMA), (20 bytes).
    Removing stm32f10x_tim.o(i.TIM_SelectCOM), (20 bytes).
    Removing stm32f10x_tim.o(i.TIM_SelectHallSensor), (20 bytes).
    Removing stm32f10x_tim.o(i.TIM_SelectInputTrigger), (12 bytes).
    Removing stm32f10x_tim.o(i.TIM_SelectMasterSlaveMode), (16 bytes).
    Removing stm32f10x_tim.o(i.TIM_SelectOCxM), (70 bytes).
    Removing stm32f10x_tim.o(i.TIM_SelectOnePulseMode), (16 bytes).
    Removing stm32f10x_tim.o(i.TIM_SelectOutputTrigger), (16 bytes).
    Removing stm32f10x_tim.o(i.TIM_SelectSlaveMode), (16 bytes).
    Removing stm32f10x_tim.o(i.TIM_SetAutoreload), (4 bytes).
    Removing stm32f10x_tim.o(i.TIM_SetClockDivision), (16 bytes).
    Removing stm32f10x_tim.o(i.TIM_SetCompare1), (4 bytes).
    Removing stm32f10x_tim.o(i.TIM_SetCompare2), (4 bytes).
    Removing stm32f10x_tim.o(i.TIM_SetCompare3), (4 bytes).
    Removing stm32f10x_tim.o(i.TIM_SetCompare4), (6 bytes).
    Removing stm32f10x_tim.o(i.TIM_SetCounter), (4 bytes).
    Removing stm32f10x_tim.o(i.TIM_SetIC1Prescaler), (16 bytes).
    Removing stm32f10x_tim.o(i.TIM_SetIC2Prescaler), (24 bytes).
    Removing stm32f10x_tim.o(i.TIM_SetIC3Prescaler), (16 bytes).
    Removing stm32f10x_tim.o(i.TIM_SetIC4Prescaler), (24 bytes).
    Removing stm32f10x_tim.o(i.TIM_TIxExternalClockConfig), (46 bytes).
    Removing stm32f10x_tim.o(i.TIM_TimeBaseStructInit), (18 bytes).
    Removing stm32f10x_tim.o(i.TIM_UpdateDisableConfig), (20 bytes).
    Removing stm32f10x_tim.o(i.TIM_UpdateRequestConfig), (20 bytes).
    Removing stm32f10x_wwdg.o(.rev16_text), (4 bytes).
    Removing stm32f10x_wwdg.o(.revsh_text), (4 bytes).
    Removing stm32f10x_wwdg.o(i.WWDG_DeInit), (24 bytes).
    Removing stm32f10x_wwdg.o(i.WWDG_GetFlagStatus), (12 bytes).
    Removing stm3210c_eval_spi_sd.o(.rev16_text), (4 bytes).
    Removing stm3210c_eval_spi_sd.o(.revsh_text), (4 bytes).
    Removing stm3210c_eval_spi_sd.o(i.SD_DeInit), (4 bytes).
    Removing stm3210c_eval_spi_sd.o(i.SD_Detect), (36 bytes).
    Removing stm3210c_eval_spi_sd.o(i.SD_GetCIDRegister), (260 bytes).
    Removing stm3210c_eval_spi_sd.o(i.SD_GetCSDRegister), (424 bytes).
    Removing stm3210c_eval_spi_sd.o(i.SD_GetCardInfo), (44 bytes).
    Removing stm3210c_eval_spi_sd.o(i.SD_GetDataResponse), (50 bytes).
    Removing stm3210c_eval_spi_sd.o(i.SD_GetResponse), (36 bytes).
    Removing stm3210c_eval_spi_sd.o(i.SD_GetStatus), (60 bytes).
    Removing stm3210c_eval_spi_sd.o(i.SD_GoIdleState), (100 bytes).
    Removing stm3210c_eval_spi_sd.o(i.SD_Init), (40 bytes).
    Removing stm3210c_eval_spi_sd.o(i.SD_ReadBlock), (104 bytes).
    Removing stm3210c_eval_spi_sd.o(i.SD_ReadByte), (52 bytes).
    Removing stm3210c_eval_spi_sd.o(i.SD_ReadMultiBlocks), (132 bytes).
    Removing stm3210c_eval_spi_sd.o(i.SD_SendCmd), (54 bytes).
    Removing stm3210c_eval_spi_sd.o(i.SD_WriteBlock), (116 bytes).
    Removing stm3210c_eval_spi_sd.o(i.SD_WriteByte), (52 bytes).
    Removing stm3210c_eval_spi_sd.o(i.SD_WriteMultiBlocks), (140 bytes).
    Removing stm3210c_eval.o(.rev16_text), (4 bytes).
    Removing stm3210c_eval.o(.revsh_text), (4 bytes).
    Removing stm3210c_eval.o(i.SD_LowLevel_DeInit), (136 bytes).
    Removing stm3210c_eval.o(i.SD_LowLevel_Init), (228 bytes).
    Removing stm3210c_eval.o(i.STM_EVAL_COMInit), (156 bytes).
    Removing stm3210c_eval.o(i.STM_EVAL_LEDInit), (64 bytes).
    Removing stm3210c_eval.o(i.STM_EVAL_LEDOff), (24 bytes).
    Removing stm3210c_eval.o(i.STM_EVAL_LEDOn), (24 bytes).
    Removing stm3210c_eval.o(i.STM_EVAL_LEDToggle), (28 bytes).
    Removing stm3210c_eval.o(i.STM_EVAL_PBGetState), (24 bytes).
    Removing stm3210c_eval.o(i.STM_EVAL_PBInit), (156 bytes).
    Removing stm3210c_eval.o(i.sEE_LowLevel_DMAConfig), (44 bytes).
    Removing stm3210c_eval.o(i.sEE_LowLevel_DeInit), (160 bytes).
    Removing stm3210c_eval.o(i.sEE_LowLevel_Init), (220 bytes).
    Removing stm3210c_eval.o(.bss), (44 bytes).
    Removing stm3210c_eval.o(.constdata), (84 bytes).
    Removing stm3210c_eval.o(.data), (40 bytes).
    Removing stm3210c_eval_ioe.o(.rev16_text), (4 bytes).
    Removing stm3210c_eval_ioe.o(.revsh_text), (4 bytes).
    Removing stm3210c_eval_ioe.o(i.I2C_ReadDataBuffer), (380 bytes).
    Removing stm3210c_eval_ioe.o(i.I2C_ReadDeviceRegister), (360 bytes).
    Removing stm3210c_eval_ioe.o(i.I2C_WriteDeviceRegister), (296 bytes).
    Removing stm3210c_eval_ioe.o(i.IOE_ClearGITPending), (14 bytes).
    Removing stm3210c_eval_ioe.o(i.IOE_ClearIOITPending), (46 bytes).
    Removing stm3210c_eval_ioe.o(i.IOE_Config), (264 bytes).
    Removing stm3210c_eval_ioe.o(i.IOE_DMA_Config), (100 bytes).
    Removing stm3210c_eval_ioe.o(i.IOE_FnctCmd), (36 bytes).
    Removing stm3210c_eval_ioe.o(i.IOE_GITCmd), (32 bytes).
    Removing stm3210c_eval_ioe.o(i.IOE_GITConfig), (36 bytes).
    Removing stm3210c_eval_ioe.o(i.IOE_GPIO_Config), (116 bytes).
    Removing stm3210c_eval_ioe.o(i.IOE_GetGITStatus), (32 bytes).
    Removing stm3210c_eval_ioe.o(i.IOE_GetIOITStatus), (18 bytes).
    Removing stm3210c_eval_ioe.o(i.IOE_IOAFConfig), (36 bytes).
    Removing stm3210c_eval_ioe.o(i.IOE_IOEdgeConfig), (74 bytes).
    Removing stm3210c_eval_ioe.o(i.IOE_IOITConfig), (36 bytes).
    Removing stm3210c_eval_ioe.o(i.IOE_IOPinConfig), (36 bytes).
    Removing stm3210c_eval_ioe.o(i.IOE_ITConfig), (260 bytes).
    Removing stm3210c_eval_ioe.o(i.IOE_ITOutConfig), (60 bytes).
    Removing stm3210c_eval_ioe.o(i.IOE_IsOperational), (36 bytes).
    Removing stm3210c_eval_ioe.o(i.IOE_JoyStickGetState), (62 bytes).
    Removing stm3210c_eval_ioe.o(i.IOE_ReadID), (30 bytes).
    Removing stm3210c_eval_ioe.o(i.IOE_ReadIOPin), (40 bytes).
    Removing stm3210c_eval_ioe.o(i.IOE_Reset), (32 bytes).
    Removing stm3210c_eval_ioe.o(i.IOE_TS_Config), (188 bytes).
    Removing stm3210c_eval_ioe.o(i.IOE_TS_GetState), (188 bytes).
    Removing stm3210c_eval_ioe.o(i.IOE_TempSens_Config), (68 bytes).
    Removing stm3210c_eval_ioe.o(i.IOE_TempSens_GetData), (80 bytes).
    Removing stm3210c_eval_ioe.o(i.IOE_WriteIOPin), (42 bytes).
    Removing stm3210c_eval_ioe.o(i.delay), (28 bytes).
    Removing stm3210c_eval_ioe.o(.data), (24 bytes).
    Removing stm3210c_eval_lcd.o(.rev16_text), (4 bytes).
    Removing stm3210c_eval_lcd.o(.revsh_text), (4 bytes).
    Removing stm3210c_eval_lcd.o(i.LCD_Clear), (56 bytes).
    Removing stm3210c_eval_lcd.o(i.LCD_ClearLine), (48 bytes).
    Removing stm3210c_eval_lcd.o(i.LCD_ClosedPolyLine), (34 bytes).
    Removing stm3210c_eval_lcd.o(i.LCD_ClosedPolyLineRelative), (6 bytes).
    Removing stm3210c_eval_lcd.o(i.LCD_CtrlLinesConfig), (44 bytes).
    Removing stm3210c_eval_lcd.o(i.LCD_CtrlLinesWrite), (4 bytes).
    Removing stm3210c_eval_lcd.o(i.LCD_DeInit), (120 bytes).
    Removing stm3210c_eval_lcd.o(i.LCD_DisplayChar), (32 bytes).
    Removing stm3210c_eval_lcd.o(i.LCD_DisplayOff), (8 bytes).
    Removing stm3210c_eval_lcd.o(i.LCD_DisplayOn), (10 bytes).
    Removing stm3210c_eval_lcd.o(i.LCD_DisplayStringLine), (60 bytes).
    Removing stm3210c_eval_lcd.o(i.LCD_DrawChar), (140 bytes).
    Removing stm3210c_eval_lcd.o(i.LCD_DrawCircle), (236 bytes).
    Removing stm3210c_eval_lcd.o(i.LCD_DrawFullCircle), (196 bytes).
    Removing stm3210c_eval_lcd.o(i.LCD_DrawFullRect), (152 bytes).
    Removing stm3210c_eval_lcd.o(i.LCD_DrawLine), (96 bytes).
    Removing stm3210c_eval_lcd.o(i.LCD_DrawMonoPict), (88 bytes).
    Removing stm3210c_eval_lcd.o(i.LCD_DrawRect), (66 bytes).
    Removing stm3210c_eval_lcd.o(i.LCD_DrawUniLine), (188 bytes).
    Removing stm3210c_eval_lcd.o(i.LCD_FillPolyLine), (484 bytes).
    Removing stm3210c_eval_lcd.o(i.LCD_GetColors), (16 bytes).
    Removing stm3210c_eval_lcd.o(i.LCD_GetFont), (12 bytes).
    Removing stm3210c_eval_lcd.o(i.LCD_PolyLine), (42 bytes).
    Removing stm3210c_eval_lcd.o(i.LCD_PolyLineRelative), (6 bytes).
    Removing stm3210c_eval_lcd.o(i.LCD_PolyLineRelativeClosed), (98 bytes).
    Removing stm3210c_eval_lcd.o(i.LCD_PowerOn), (120 bytes).
    Removing stm3210c_eval_lcd.o(i.LCD_ReadReg), (192 bytes).
    Removing stm3210c_eval_lcd.o(i.LCD_SPIConfig), (172 bytes).
    Removing stm3210c_eval_lcd.o(i.LCD_SetBackColor), (16 bytes).
    Removing stm3210c_eval_lcd.o(i.LCD_SetColors), (24 bytes).
    Removing stm3210c_eval_lcd.o(i.LCD_SetCursor), (24 bytes).
    Removing stm3210c_eval_lcd.o(i.LCD_SetDisplayWindow), (76 bytes).
    Removing stm3210c_eval_lcd.o(i.LCD_SetFont), (12 bytes).
    Removing stm3210c_eval_lcd.o(i.LCD_SetTextColor), (16 bytes).
    Removing stm3210c_eval_lcd.o(i.LCD_Setup), (1036 bytes).
    Removing stm3210c_eval_lcd.o(i.LCD_WindowModeDisable), (30 bytes).
    Removing stm3210c_eval_lcd.o(i.LCD_WriteRAM), (52 bytes).
    Removing stm3210c_eval_lcd.o(i.LCD_WriteRAMWord), (32 bytes).
    Removing stm3210c_eval_lcd.o(i.LCD_WriteRAM_Prepare), (18 bytes).
    Removing stm3210c_eval_lcd.o(i.LCD_WriteReg), (80 bytes).
    Removing stm3210c_eval_lcd.o(i.LCD_WriteRegIndex), (76 bytes).
    Removing stm3210c_eval_lcd.o(i.LCD_nCS_StartByte), (48 bytes).
    Removing stm3210c_eval_lcd.o(i.PutPixel), (28 bytes).
    Removing stm3210c_eval_lcd.o(i.STM3210C_LCD_Init), (20 bytes).
    Removing stm3210c_eval_lcd.o(i.delay), (28 bytes).
    Removing stm3210c_eval_lcd.o(.constdata), (4560 bytes).
    Removing stm3210c_eval_lcd.o(.constdata), (2304 bytes).
    Removing stm3210c_eval_lcd.o(.constdata), (2304 bytes).
    Removing stm3210c_eval_lcd.o(.constdata), (1536 bytes).
    Removing stm3210c_eval_lcd.o(.data), (16 bytes).
    Removing stm3210c_eval_lcd.o(.data), (8 bytes).
    Removing stm3210c_eval_lcd.o(.data), (8 bytes).
    Removing stm3210c_eval_lcd.o(.data), (8 bytes).
    Removing dflti.o(.text), (34 bytes).
    Removing dfltui.o(.text), (26 bytes).
    Removing cdcmple.o(.text), (40 bytes).
    Removing cdrcmple.o(.text), (40 bytes).
    Removing depilogue.o(.text), (182 bytes).
    Removing dadd.o(.text), (334 bytes).
    Removing dmul.o(.text), (228 bytes).
    Removing ddiv.o(.text), (222 bytes).
    Removing dfixul.o(.text), (48 bytes).

700 unused section(s) (total 57996 bytes) removed from the image.

==============================================================================

Image Symbol Table

    Local Symbols

    Symbol Name                              Value     Ov Type        Size  Object(Section)

    ../clib/../cmprslib/zerorunl2.c          0x00000000   Number         0  __dczerorl2.o ABSOLUTE
    ../clib/microlib/division.c              0x00000000   Number         0  uldiv.o ABSOLUTE
    ../clib/microlib/division.c              0x00000000   Number         0  uidiv.o ABSOLUTE
    ../clib/microlib/init/entry.s            0x00000000   Number         0  entry11b.o ABSOLUTE
    ../clib/microlib/init/entry.s            0x00000000   Number         0  entry.o ABSOLUTE
    ../clib/microlib/init/entry.s            0x00000000   Number         0  entry7a.o ABSOLUTE
    ../clib/microlib/init/entry.s            0x00000000   Number         0  entry11a.o ABSOLUTE
    ../clib/microlib/init/entry.s            0x00000000   Number         0  entry5.o ABSOLUTE
    ../clib/microlib/init/entry.s            0x00000000   Number         0  entry10a.o ABSOLUTE
    ../clib/microlib/init/entry.s            0x00000000   Number         0  entry9b.o ABSOLUTE
    ../clib/microlib/init/entry.s            0x00000000   Number         0  entry8b.o ABSOLUTE
    ../clib/microlib/init/entry.s            0x00000000   Number         0  entry9a.o ABSOLUTE
    ../clib/microlib/init/entry.s            0x00000000   Number         0  entry8a.o ABSOLUTE
    ../clib/microlib/init/entry.s            0x00000000   Number         0  entry10b.o ABSOLUTE
    ../clib/microlib/init/entry.s            0x00000000   Number         0  entry7b.o ABSOLUTE
    ../clib/microlib/init/entry.s            0x00000000   Number         0  entry2.o ABSOLUTE
    ../clib/microlib/longlong.c              0x00000000   Number         0  llsshr.o ABSOLUTE
    ../clib/microlib/longlong.c              0x00000000   Number         0  llushr.o ABSOLUTE
    ../clib/microlib/longlong.c              0x00000000   Number         0  llshl.o ABSOLUTE
    ../clib/microlib/malloc/malloc.c         0x00000000   Number         0  mallocr.o ABSOLUTE
    ../clib/microlib/malloc/malloc.c         0x00000000   Number         0  malloca.o ABSOLUTE
    ../clib/microlib/malloc/malloc.c         0x00000000   Number         0  mallocra.o ABSOLUTE
    ../clib/microlib/malloc/malloc.c         0x00000000   Number         0  malloc.o ABSOLUTE
    ../clib/microlib/malloc/mvars.c          0x00000000   Number         0  mvars.o ABSOLUTE
    ../clib/microlib/printf/printf.c         0x00000000   Number         0  printf0.o ABSOLUTE
    ../clib/microlib/printf/printf.c         0x00000000   Number         0  printf4.o ABSOLUTE
    ../clib/microlib/printf/printf.c         0x00000000   Number         0  printf3.o ABSOLUTE
    ../clib/microlib/printf/printf.c         0x00000000   Number         0  printf2.o ABSOLUTE
    ../clib/microlib/printf/printf.c         0x00000000   Number         0  printf1.o ABSOLUTE
    ../clib/microlib/printf/printf.c         0x00000000   Number         0  printfa.o ABSOLUTE
    ../clib/microlib/printf/printf.c         0x00000000   Number         0  printfb.o ABSOLUTE
    ../clib/microlib/printf/printf.c         0x00000000   Number         0  printf8.o ABSOLUTE
    ../clib/microlib/printf/printf.c         0x00000000   Number         0  printf5.o ABSOLUTE
    ../clib/microlib/printf/printf.c         0x00000000   Number         0  printf7.o ABSOLUTE
    ../clib/microlib/printf/printf.c         0x00000000   Number         0  printf6.o ABSOLUTE
    ../clib/microlib/printf/stubs.s          0x00000000   Number         0  stubs.o ABSOLUTE
    ../clib/microlib/stdio/streams.c         0x00000000   Number         0  stdout.o ABSOLUTE
    ../clib/microlib/string/memcpy.c         0x00000000   Number         0  memcpyb.o ABSOLUTE
    ../clib/microlib/string/memcpy.c         0x00000000   Number         0  memcpya.o ABSOLUTE
    ../clib/microlib/string/memset.c         0x00000000   Number         0  memseta.o ABSOLUTE
    ../clib/microlib/string/strcat.c         0x00000000   Number         0  strcat.o ABSOLUTE
    ../clib/microlib/string/strcpy.c         0x00000000   Number         0  strcpy.o ABSOLUTE
    ../clib/microlib/string/strstr.c         0x00000000   Number         0  strstr.o ABSOLUTE
    ../clib/microlib/stubs.s                 0x00000000   Number         0  iusefp.o ABSOLUTE
    ../fplib/microlib/fpadd.c                0x00000000   Number         0  dadd.o ABSOLUTE
    ../fplib/microlib/fpdiv.c                0x00000000   Number         0  ddiv.o ABSOLUTE
    ../fplib/microlib/fpepilogue.c           0x00000000   Number         0  depilogue.o ABSOLUTE
    ../fplib/microlib/fpfix.c                0x00000000   Number         0  dfixul.o ABSOLUTE
    ../fplib/microlib/fpflt.c                0x00000000   Number         0  dfltui.o ABSOLUTE
    ../fplib/microlib/fpflt.c                0x00000000   Number         0  dflti.o ABSOLUTE
    ../fplib/microlib/fpmul.c                0x00000000   Number         0  dmul.o ABSOLUTE
    ..\..\..\..\Libraries\CMSIS\Device\ST\STM32F10x\Source\Templates\arm\startup_stm32f10x_cl.s 0x00000000   Number         0  startup_stm32f10x_cl.o ABSOLUTE
    ..\..\..\..\Libraries\STM32F10x_StdPeriph_Driver\src\stm32f10x_dma.c 0x00000000   Number         0  stm32f10x_dma.o ABSOLUTE
    ..\..\..\..\Libraries\STM32F10x_StdPeriph_Driver\src\stm32f10x_exti.c 0x00000000   Number         0  stm32f10x_exti.o ABSOLUTE
    ..\..\..\..\Libraries\STM32F10x_StdPeriph_Driver\src\stm32f10x_flash.c 0x00000000   Number         0  stm32f10x_flash.o ABSOLUTE
    ..\..\..\..\Libraries\STM32F10x_StdPeriph_Driver\src\stm32f10x_gpio.c 0x00000000   Number         0  stm32f10x_gpio.o ABSOLUTE
    ..\..\..\..\Libraries\STM32F10x_StdPeriph_Driver\src\stm32f10x_i2c.c 0x00000000   Number         0  stm32f10x_i2c.o ABSOLUTE
    ..\..\..\..\Libraries\STM32F10x_StdPeriph_Driver\src\stm32f10x_pwr.c 0x00000000   Number         0  stm32f10x_pwr.o ABSOLUTE
    ..\..\..\..\Libraries\STM32F10x_StdPeriph_Driver\src\stm32f10x_rcc.c 0x00000000   Number         0  stm32f10x_rcc.o ABSOLUTE
    ..\..\..\..\Libraries\STM32F10x_StdPeriph_Driver\src\stm32f10x_spi.c 0x00000000   Number         0  stm32f10x_spi.o ABSOLUTE
    ..\..\..\..\Libraries\STM32F10x_StdPeriph_Driver\src\stm32f10x_tim.c 0x00000000   Number         0  stm32f10x_tim.o ABSOLUTE
    ..\..\..\..\Libraries\STM32F10x_StdPeriph_Driver\src\stm32f10x_usart.c 0x00000000   Number         0  stm32f10x_usart.o ABSOLUTE
    ..\..\..\..\Libraries\STM32F10x_StdPeriph_Driver\src\stm32f10x_wwdg.c 0x00000000   Number         0  stm32f10x_wwdg.o ABSOLUTE
    ..\..\..\..\Libraries\STM32F2xx_StdPeriph_Driver\src\misc.c 0x00000000   Number         0  misc.o ABSOLUTE
    ..\..\..\..\Libraries\STM32_USB_HOST_Library\Class\MSC\src\usbh_msc_bot.c 0x00000000   Number         0  usbh_msc_bot.o ABSOLUTE
    ..\..\..\..\Libraries\STM32_USB_HOST_Library\Class\MSC\src\usbh_msc_core.c 0x00000000   Number         0  usbh_msc_core.o ABSOLUTE
    ..\..\..\..\Libraries\STM32_USB_HOST_Library\Class\MSC\src\usbh_msc_fatfs.c 0x00000000   Number         0  usbh_msc_fatfs.o ABSOLUTE
    ..\..\..\..\Libraries\STM32_USB_HOST_Library\Class\MSC\src\usbh_msc_scsi.c 0x00000000   Number         0  usbh_msc_scsi.o ABSOLUTE
    ..\..\..\..\Libraries\STM32_USB_HOST_Library\Core\src\usbh_core.c 0x00000000   Number         0  usbh_core.o ABSOLUTE
    ..\..\..\..\Libraries\STM32_USB_HOST_Library\Core\src\usbh_hcs.c 0x00000000   Number         0  usbh_hcs.o ABSOLUTE
    ..\..\..\..\Libraries\STM32_USB_HOST_Library\Core\src\usbh_ioreq.c 0x00000000   Number         0  usbh_ioreq.o ABSOLUTE
    ..\..\..\..\Libraries\STM32_USB_HOST_Library\Core\src\usbh_stdreq.c 0x00000000   Number         0  usbh_stdreq.o ABSOLUTE
    ..\..\..\..\Libraries\STM32_USB_OTG_Driver\src\usb_core.c 0x00000000   Number         0  usb_core.o ABSOLUTE
    ..\..\..\..\Libraries\STM32_USB_OTG_Driver\src\usb_hcd.c 0x00000000   Number         0  usb_hcd.o ABSOLUTE
    ..\..\..\..\Libraries\STM32_USB_OTG_Driver\src\usb_hcd_int.c 0x00000000   Number         0  usb_hcd_int.o ABSOLUTE
    ..\..\..\..\Utilities\STM32_EVAL\Common\lcd_log.c 0x00000000   Number         0  lcd_log.o ABSOLUTE
    ..\..\..\..\Utilities\STM32_EVAL\STM3210C_EVAL\stm3210c_eval.c 0x00000000   Number         0  stm3210c_eval.o ABSOLUTE
    ..\..\..\..\Utilities\STM32_EVAL\STM3210C_EVAL\stm3210c_eval_ioe.c 0x00000000   Number         0  stm3210c_eval_ioe.o ABSOLUTE
    ..\..\..\..\Utilities\STM32_EVAL\STM3210C_EVAL\stm3210c_eval_lcd.c 0x00000000   Number         0  stm3210c_eval_lcd.o ABSOLUTE
    ..\..\..\..\Utilities\STM32_EVAL\STM3210C_EVAL\stm3210c_eval_spi_sd.c 0x00000000   Number         0  stm3210c_eval_spi_sd.o ABSOLUTE
    ..\..\..\..\Utilities\Third_Party\fat_fs\src\fattime.c 0x00000000   Number         0  fattime.o ABSOLUTE
    ..\..\..\..\Utilities\Third_Party\fat_fs\src\ff.c 0x00000000   Number         0  ff.o ABSOLUTE
    ..\\..\\..\\..\\Libraries\\STM32F10x_StdPeriph_Driver\\src\\stm32f10x_dma.c 0x00000000   Number         0  stm32f10x_dma.o ABSOLUTE
    ..\\..\\..\\..\\Libraries\\STM32F10x_StdPeriph_Driver\\src\\stm32f10x_exti.c 0x00000000   Number         0  stm32f10x_exti.o ABSOLUTE
    ..\\..\\..\\..\\Libraries\\STM32F10x_StdPeriph_Driver\\src\\stm32f10x_flash.c 0x00000000   Number         0  stm32f10x_flash.o ABSOLUTE
    ..\\..\\..\\..\\Libraries\\STM32F10x_StdPeriph_Driver\\src\\stm32f10x_gpio.c 0x00000000   Number         0  stm32f10x_gpio.o ABSOLUTE
    ..\\..\\..\\..\\Libraries\\STM32F10x_StdPeriph_Driver\\src\\stm32f10x_i2c.c 0x00000000   Number         0  stm32f10x_i2c.o ABSOLUTE
    ..\\..\\..\\..\\Libraries\\STM32F10x_StdPeriph_Driver\\src\\stm32f10x_pwr.c 0x00000000   Number         0  stm32f10x_pwr.o ABSOLUTE
    ..\\..\\..\\..\\Libraries\\STM32F10x_StdPeriph_Driver\\src\\stm32f10x_rcc.c 0x00000000   Number         0  stm32f10x_rcc.o ABSOLUTE
    ..\\..\\..\\..\\Libraries\\STM32F10x_StdPeriph_Driver\\src\\stm32f10x_spi.c 0x00000000   Number         0  stm32f10x_spi.o ABSOLUTE
    ..\\..\\..\\..\\Libraries\\STM32F10x_StdPeriph_Driver\\src\\stm32f10x_tim.c 0x00000000   Number         0  stm32f10x_tim.o ABSOLUTE
    ..\\..\\..\\..\\Libraries\\STM32F10x_StdPeriph_Driver\\src\\stm32f10x_usart.c 0x00000000   Number         0  stm32f10x_usart.o ABSOLUTE
    ..\\..\\..\\..\\Libraries\\STM32F10x_StdPeriph_Driver\\src\\stm32f10x_wwdg.c 0x00000000   Number         0  stm32f10x_wwdg.o ABSOLUTE
    ..\\..\\..\\..\\Libraries\\STM32F2xx_StdPeriph_Driver\\src\\misc.c 0x00000000   Number         0  misc.o ABSOLUTE
    ..\\..\\..\\..\\Libraries\\STM32_USB_HOST_Library\\Class\\MSC\\src\\usbh_msc_bot.c 0x00000000   Number         0  usbh_msc_bot.o ABSOLUTE
    ..\\..\\..\\..\\Libraries\\STM32_USB_HOST_Library\\Class\\MSC\\src\\usbh_msc_core.c 0x00000000   Number         0  usbh_msc_core.o ABSOLUTE
    ..\\..\\..\\..\\Libraries\\STM32_USB_HOST_Library\\Class\\MSC\\src\\usbh_msc_fatfs.c 0x00000000   Number         0  usbh_msc_fatfs.o ABSOLUTE
    ..\\..\\..\\..\\Libraries\\STM32_USB_HOST_Library\\Class\\MSC\\src\\usbh_msc_scsi.c 0x00000000   Number         0  usbh_msc_scsi.o ABSOLUTE
    ..\\..\\..\\..\\Libraries\\STM32_USB_HOST_Library\\Core\\src\\usbh_core.c 0x00000000   Number         0  usbh_core.o ABSOLUTE
    ..\\..\\..\\..\\Libraries\\STM32_USB_HOST_Library\\Core\\src\\usbh_hcs.c 0x00000000   Number         0  usbh_hcs.o ABSOLUTE
    ..\\..\\..\\..\\Libraries\\STM32_USB_HOST_Library\\Core\\src\\usbh_ioreq.c 0x00000000   Number         0  usbh_ioreq.o ABSOLUTE
    ..\\..\\..\\..\\Libraries\\STM32_USB_HOST_Library\\Core\\src\\usbh_stdreq.c 0x00000000   Number         0  usbh_stdreq.o ABSOLUTE
    ..\\..\\..\\..\\Libraries\\STM32_USB_OTG_Driver\\src\\usb_core.c 0x00000000   Number         0  usb_core.o ABSOLUTE
    ..\\..\\..\\..\\Libraries\\STM32_USB_OTG_Driver\\src\\usb_hcd.c 0x00000000   Number         0  usb_hcd.o ABSOLUTE
    ..\\..\\..\\..\\Libraries\\STM32_USB_OTG_Driver\\src\\usb_hcd_int.c 0x00000000   Number         0  usb_hcd_int.o ABSOLUTE
    ..\\..\\..\\..\\Utilities\\STM32_EVAL\\Common\\lcd_log.c 0x00000000   Number         0  lcd_log.o ABSOLUTE
    ..\\..\\..\\..\\Utilities\\STM32_EVAL\\STM3210C_EVAL\\stm3210c_eval.c 0x00000000   Number         0  stm3210c_eval.o ABSOLUTE
    ..\\..\\..\\..\\Utilities\\STM32_EVAL\\STM3210C_EVAL\\stm3210c_eval_ioe.c 0x00000000   Number         0  stm3210c_eval_ioe.o ABSOLUTE
    ..\\..\\..\\..\\Utilities\\STM32_EVAL\\STM3210C_EVAL\\stm3210c_eval_lcd.c 0x00000000   Number         0  stm3210c_eval_lcd.o ABSOLUTE
    ..\\..\\..\\..\\Utilities\\STM32_EVAL\\STM3210C_EVAL\\stm3210c_eval_spi_sd.c 0x00000000   Number         0  stm3210c_eval_spi_sd.o ABSOLUTE
    ..\\..\\..\\..\\Utilities\\Third_Party\\fat_fs\\src\\fattime.c 0x00000000   Number         0  fattime.o ABSOLUTE
    ..\\..\\..\\..\\Utilities\\Third_Party\\fat_fs\\src\\ff.c 0x00000000   Number         0  ff.o ABSOLUTE
    ..\\src\\delay.c                         0x00000000   Number         0  delay.o ABSOLUTE
    ..\\src\\key.c                           0x00000000   Number         0  key.o ABSOLUTE
    ..\\src\\led_screen.c                    0x00000000   Number         0  led_screen.o ABSOLUTE
    ..\\src\\main.c                          0x00000000   Number         0  main.o ABSOLUTE
    ..\\src\\spi_flash.c                     0x00000000   Number         0  spi_flash.o ABSOLUTE
    ..\\src\\stm32fxxx_it.c                  0x00000000   Number         0  stm32fxxx_it.o ABSOLUTE
    ..\\src\\system_stm32f10x.c              0x00000000   Number         0  system_stm32f10x.o ABSOLUTE
    ..\\src\\timer.c                         0x00000000   Number         0  timer.o ABSOLUTE
    ..\\src\\uart.c                          0x00000000   Number         0  uart.o ABSOLUTE
    ..\\src\\usb_bsp.c                       0x00000000   Number         0  usb_bsp.o ABSOLUTE
    ..\\src\\usbh_usr.c                      0x00000000   Number         0  usbh_usr.o ABSOLUTE
    ..\\src\\wwdg.c                          0x00000000   Number         0  wwdg.o ABSOLUTE
    ..\\src\\ziku.c                          0x00000000   Number         0  ziku.o ABSOLUTE
    ..\src\delay.c                           0x00000000   Number         0  delay.o ABSOLUTE
    ..\src\key.c                             0x00000000   Number         0  key.o ABSOLUTE
    ..\src\led_screen.c                      0x00000000   Number         0  led_screen.o ABSOLUTE
    ..\src\main.c                            0x00000000   Number         0  main.o ABSOLUTE
    ..\src\spi_flash.c                       0x00000000   Number         0  spi_flash.o ABSOLUTE
    ..\src\stm32fxxx_it.c                    0x00000000   Number         0  stm32fxxx_it.o ABSOLUTE
    ..\src\system_stm32f10x.c                0x00000000   Number         0  system_stm32f10x.o ABSOLUTE
    ..\src\timer.c                           0x00000000   Number         0  timer.o ABSOLUTE
    ..\src\uart.c                            0x00000000   Number         0  uart.o ABSOLUTE
    ..\src\usb_bsp.c                         0x00000000   Number         0  usb_bsp.o ABSOLUTE
    ..\src\usbh_usr.c                        0x00000000   Number         0  usbh_usr.o ABSOLUTE
    ..\src\wwdg.c                            0x00000000   Number         0  wwdg.o ABSOLUTE
    ..\src\ziku.c                            0x00000000   Number         0  ziku.o ABSOLUTE
    cdcmple.s                                0x00000000   Number         0  cdcmple.o ABSOLUTE
    cdrcmple.s                               0x00000000   Number         0  cdrcmple.o ABSOLUTE
    dc.s                                     0x00000000   Number         0  dc.o ABSOLUTE
    handlers.s                               0x00000000   Number         0  handlers.o ABSOLUTE
    init.s                                   0x00000000   Number         0  init.o ABSOLUTE
    RESET                                    0x0800c000   Section      336  startup_stm32f10x_cl.o(RESET)
    .ARM.Collect$$$$00000000                 0x0800c150   Section        0  entry.o(.ARM.Collect$$$$00000000)
    .ARM.Collect$$$$00000001                 0x0800c150   Section        4  entry2.o(.ARM.Collect$$$$00000001)
    .ARM.Collect$$$$00000004                 0x0800c154   Section        4  entry5.o(.ARM.Collect$$$$00000004)
    .ARM.Collect$$$$00000008                 0x0800c158   Section        0  entry7b.o(.ARM.Collect$$$$00000008)
    .ARM.Collect$$$$0000000A                 0x0800c158   Section        0  entry8b.o(.ARM.Collect$$$$0000000A)
    .ARM.Collect$$$$0000000B                 0x0800c158   Section        8  entry9a.o(.ARM.Collect$$$$0000000B)
    .ARM.Collect$$$$0000000D                 0x0800c160   Section        0  entry10a.o(.ARM.Collect$$$$0000000D)
    .ARM.Collect$$$$0000000F                 0x0800c160   Section        0  entry11a.o(.ARM.Collect$$$$0000000F)
    .ARM.Collect$$$$00002712                 0x0800c160   Section        4  entry2.o(.ARM.Collect$$$$00002712)
    __lit__00000000                          0x0800c160   Data           4  entry2.o(.ARM.Collect$$$$00002712)
    .text                                    0x0800c164   Section       36  startup_stm32f10x_cl.o(.text)
    .text                                    0x0800c188   Section        0  memcpya.o(.text)
    .text                                    0x0800c1ac   Section        0  memseta.o(.text)
    .text                                    0x0800c1d0   Section       36  init.o(.text)
    .text                                    0x0800c1f4   Section        0  __dczerorl2.o(.text)
    i.BSP_Delay                              0x0800c24c   Section        0  usb_bsp.o(i.BSP_Delay)
    BSP_Delay                                0x0800c24d   Thumb Code    32  usb_bsp.o(i.BSP_Delay)
    i.BSP_SetTime                            0x0800c270   Section        0  usb_bsp.o(i.BSP_SetTime)
    BSP_SetTime                              0x0800c271   Thumb Code   108  usb_bsp.o(i.BSP_SetTime)
    i.BusFault_Handler                       0x0800c2dc   Section        0  stm32fxxx_it.o(i.BusFault_Handler)
    i.DebugMon_Handler                       0x0800c2de   Section        0  stm32fxxx_it.o(i.DebugMon_Handler)
    i.EXTI0_IRQHandler                       0x0800c2e0   Section        0  key.o(i.EXTI0_IRQHandler)
    i.EXTI1_IRQHandler                       0x0800c31c   Section        0  stm32fxxx_it.o(i.EXTI1_IRQHandler)
    i.EXTI_ClearITPendingBit                 0x0800c344   Section        0  stm32f10x_exti.o(i.EXTI_ClearITPendingBit)
    i.EXTI_GetITStatus                       0x0800c350   Section        0  stm32f10x_exti.o(i.EXTI_GetITStatus)
    i.EXTI_Init                              0x0800c370   Section        0  stm32f10x_exti.o(i.EXTI_Init)
    i.GPIO_EXTILineConfig                    0x0800c3e0   Section        0  stm32f10x_gpio.o(i.GPIO_EXTILineConfig)
    i.GPIO_Init                              0x0800c408   Section        0  stm32f10x_gpio.o(i.GPIO_Init)
    i.GPIO_ReadInputDataBit                  0x0800c4aa   Section        0  stm32f10x_gpio.o(i.GPIO_ReadInputDataBit)
    i.GPIO_ResetBits                         0x0800c4b8   Section        0  stm32f10x_gpio.o(i.GPIO_ResetBits)
    i.GPIO_SetBits                           0x0800c4bc   Section        0  stm32f10x_gpio.o(i.GPIO_SetBits)
    i.GetHZDot                               0x0800c4c0   Section        0  ziku.o(i.GetHZDot)
    i.HardFault_Handler                      0x0800c4e0   Section        0  stm32fxxx_it.o(i.HardFault_Handler)
    i.LED_DispString                         0x0800c4e4   Section        0  led_screen.o(i.LED_DispString)
    i.LED_ScrollDispHZ                       0x0800c730   Section        0  led_screen.o(i.LED_ScrollDispHZ)
    i.MemManage_Handler                      0x0800ca18   Section        0  stm32fxxx_it.o(i.MemManage_Handler)
    i.NMI_Handler                            0x0800ca1a   Section        0  stm32fxxx_it.o(i.NMI_Handler)
    i.NVIC_Init                              0x0800ca1c   Section        0  misc.o(i.NVIC_Init)
    i.NVIC_PriorityGroupConfig               0x0800ca80   Section        0  misc.o(i.NVIC_PriorityGroupConfig)
    i.NVIC_SetVectorTable                    0x0800ca94   Section        0  misc.o(i.NVIC_SetVectorTable)
    i.OTG_FS_IRQHandler                      0x0800caa8   Section        0  stm32fxxx_it.o(i.OTG_FS_IRQHandler)
    i.PendSV_Handler                         0x0800cab4   Section        0  stm32fxxx_it.o(i.PendSV_Handler)
    i.RCC_APB1PeriphClockCmd                 0x0800cab8   Section        0  stm32f10x_rcc.o(i.RCC_APB1PeriphClockCmd)
    i.RCC_APB2PeriphClockCmd                 0x0800cad0   Section        0  stm32f10x_rcc.o(i.RCC_APB2PeriphClockCmd)
    i.SPI_Cmd                                0x0800cae8   Section        0  stm32f10x_spi.o(i.SPI_Cmd)
    i.SPI_Flash_Init                         0x0800cafc   Section        0  spi_flash.o(i.SPI_Flash_Init)
    i.SPI_Flash_ReadByte                     0x0800cba0   Section        0  spi_flash.o(i.SPI_Flash_ReadByte)
    i.SPI_Flash_SendByte                     0x0800cba8   Section        0  spi_flash.o(i.SPI_Flash_SendByte)
    i.SPI_I2S_GetFlagStatus                  0x0800cbdc   Section        0  stm32f10x_spi.o(i.SPI_I2S_GetFlagStatus)
    i.SPI_I2S_ReceiveData                    0x0800cbea   Section        0  stm32f10x_spi.o(i.SPI_I2S_ReceiveData)
    i.SPI_I2S_SendData                       0x0800cbee   Section        0  stm32f10x_spi.o(i.SPI_I2S_SendData)
    i.SPI_Init                               0x0800cbf2   Section        0  stm32f10x_spi.o(i.SPI_Init)
    i.SST25_R_BLOCK                          0x0800cc2c   Section        0  spi_flash.o(i.SST25_R_BLOCK)
    i.SVC_Handler                            0x0800cc84   Section        0  stm32fxxx_it.o(i.SVC_Handler)
    i.ScrollRefreshLEDScreen                 0x0800cc88   Section        0  led_screen.o(i.ScrollRefreshLEDScreen)
    i.ScrollRefreshLEDScreen1                0x0800cdb0   Section        0  led_screen.o(i.ScrollRefreshLEDScreen1)
    i.SetSysClockTo72                        0x0800cec0   Section        0  system_stm32f10x.o(i.SetSysClockTo72)
    SetSysClockTo72                          0x0800cec1   Thumb Code   190  system_stm32f10x.o(i.SetSysClockTo72)
    i.ShT_LEDBoard_ColShiftOut               0x0800cf90   Section        0  led_screen.o(i.ShT_LEDBoard_ColShiftOut)
    i.ShT_LEDBoard_RowShiftOut               0x0800cfe0   Section        0  led_screen.o(i.ShT_LEDBoard_RowShiftOut)
    i.SystemInit                             0x0800d018   Section        0  system_stm32f10x.o(i.SystemInit)
    i.TIM2_IRQHandler                        0x0800d07c   Section        0  stm32fxxx_it.o(i.TIM2_IRQHandler)
    i.TIM5_IRQHandler                        0x0800d080   Section        0  timer.o(i.TIM5_IRQHandler)
    i.TIM_ARRPreloadConfig                   0x0800d0c8   Section        0  stm32f10x_tim.o(i.TIM_ARRPreloadConfig)
    i.TIM_ClearITPendingBit                  0x0800d0dc   Section        0  stm32f10x_tim.o(i.TIM_ClearITPendingBit)
    i.TIM_Cmd                                0x0800d0e2   Section        0  stm32f10x_tim.o(i.TIM_Cmd)
    i.TIM_GetITStatus                        0x0800d0f6   Section        0  stm32f10x_tim.o(i.TIM_GetITStatus)
    i.TIM_ITConfig                           0x0800d10e   Section        0  stm32f10x_tim.o(i.TIM_ITConfig)
    i.TIM_TimeBaseInit                       0x0800d120   Section        0  stm32f10x_tim.o(i.TIM_TimeBaseInit)
    i.UART4_IRQHandler                       0x0800d1bc   Section        0  stm32fxxx_it.o(i.UART4_IRQHandler)
    i.USART2_IRQHandler                      0x0800d1c2   Section        0  stm32fxxx_it.o(i.USART2_IRQHandler)
    i.USART_ClearITPendingBit                0x0800d1c8   Section        0  stm32f10x_usart.o(i.USART_ClearITPendingBit)
    i.USART_GetFlagStatus                    0x0800d1d4   Section        0  stm32f10x_usart.o(i.USART_GetFlagStatus)
    i.USART_ReceiveData                      0x0800d1e2   Section        0  stm32f10x_usart.o(i.USART_ReceiveData)
    i.USBH_Connected                         0x0800d1ea   Section        0  usbh_core.o(i.USBH_Connected)
    i.USBH_Disconnected                      0x0800d1f4   Section        0  usbh_core.o(i.USBH_Disconnected)
    i.USBH_OTG_ISR_Handler                   0x0800d1fe   Section        0  usb_hcd_int.o(i.USBH_OTG_ISR_Handler)
    i.USBH_SOF                               0x0800d2a6   Section        0  usbh_core.o(i.USBH_SOF)
    i.USB_OTG_BSP_TimerIRQ                   0x0800d2ac   Section        0  usb_bsp.o(i.USB_OTG_BSP_TimerIRQ)
    i.USB_OTG_BSP_mDelay                     0x0800d2e4   Section        0  usb_bsp.o(i.USB_OTG_BSP_mDelay)
    i.USB_OTG_HC_DoPing                      0x0800d2ea   Section        0  usb_core.o(i.USB_OTG_HC_DoPing)
    i.USB_OTG_HC_Halt                        0x0800d314   Section        0  usb_core.o(i.USB_OTG_HC_Halt)
    i.USB_OTG_InitFSLSPClkSel                0x0800d350   Section        0  usb_core.o(i.USB_OTG_InitFSLSPClkSel)
    i.USB_OTG_IsHostMode                     0x0800d35c   Section        0  usb_core.o(i.USB_OTG_IsHostMode)
    i.USB_OTG_ReadCoreItr                    0x0800d36a   Section        0  usb_core.o(i.USB_OTG_ReadCoreItr)
    i.USB_OTG_ReadHPRT0                      0x0800d374   Section        0  usb_core.o(i.USB_OTG_ReadHPRT0)
    i.USB_OTG_ReadHostAllChannels_intr       0x0800d380   Section        0  usb_core.o(i.USB_OTG_ReadHostAllChannels_intr)
    i.USB_OTG_ReadPacket                     0x0800d386   Section        0  usb_core.o(i.USB_OTG_ReadPacket)
    i.USB_OTG_ResetPort                      0x0800d3a6   Section        0  usb_core.o(i.USB_OTG_ResetPort)
    i.USB_OTG_USBH_handle_Disconnect_ISR     0x0800d3d0   Section        0  usb_hcd_int.o(i.USB_OTG_USBH_handle_Disconnect_ISR)
    USB_OTG_USBH_handle_Disconnect_ISR       0x0800d3d1   Thumb Code    40  usb_hcd_int.o(i.USB_OTG_USBH_handle_Disconnect_ISR)
    i.USB_OTG_USBH_handle_IncompletePeriodicXfer_ISR 0x0800d3fc   Section        0  usb_hcd_int.o(i.USB_OTG_USBH_handle_IncompletePeriodicXfer_ISR)
    USB_OTG_USBH_handle_IncompletePeriodicXfer_ISR 0x0800d3fd   Thumb Code    70  usb_hcd_int.o(i.USB_OTG_USBH_handle_IncompletePeriodicXfer_ISR)
    i.USB_OTG_USBH_handle_hc_ISR             0x0800d442   Section        0  usb_hcd_int.o(i.USB_OTG_USBH_handle_hc_ISR)
    USB_OTG_USBH_handle_hc_ISR               0x0800d443   Thumb Code    86  usb_hcd_int.o(i.USB_OTG_USBH_handle_hc_ISR)
    i.USB_OTG_USBH_handle_hc_n_In_ISR        0x0800d498   Section        0  usb_hcd_int.o(i.USB_OTG_USBH_handle_hc_n_In_ISR)
    USB_OTG_USBH_handle_hc_n_In_ISR          0x0800d499   Thumb Code  1066  usb_hcd_int.o(i.USB_OTG_USBH_handle_hc_n_In_ISR)
    i.USB_OTG_USBH_handle_hc_n_Out_ISR       0x0800d8c2   Section        0  usb_hcd_int.o(i.USB_OTG_USBH_handle_hc_n_Out_ISR)
    USB_OTG_USBH_handle_hc_n_Out_ISR         0x0800d8c3   Thumb Code   976  usb_hcd_int.o(i.USB_OTG_USBH_handle_hc_n_Out_ISR)
    i.USB_OTG_USBH_handle_nptxfempty_ISR     0x0800dc92   Section        0  usb_hcd_int.o(i.USB_OTG_USBH_handle_nptxfempty_ISR)
    USB_OTG_USBH_handle_nptxfempty_ISR       0x0800dc93   Thumb Code   302  usb_hcd_int.o(i.USB_OTG_USBH_handle_nptxfempty_ISR)
    i.USB_OTG_USBH_handle_port_ISR           0x0800ddc0   Section        0  usb_hcd_int.o(i.USB_OTG_USBH_handle_port_ISR)
    USB_OTG_USBH_handle_port_ISR             0x0800ddc1   Thumb Code   282  usb_hcd_int.o(i.USB_OTG_USBH_handle_port_ISR)
    i.USB_OTG_USBH_handle_ptxfempty_ISR      0x0800dee0   Section        0  usb_hcd_int.o(i.USB_OTG_USBH_handle_ptxfempty_ISR)
    USB_OTG_USBH_handle_ptxfempty_ISR        0x0800dee1   Thumb Code   302  usb_hcd_int.o(i.USB_OTG_USBH_handle_ptxfempty_ISR)
    i.USB_OTG_USBH_handle_rx_qlvl_ISR        0x0800e00e   Section        0  usb_hcd_int.o(i.USB_OTG_USBH_handle_rx_qlvl_ISR)
    USB_OTG_USBH_handle_rx_qlvl_ISR          0x0800e00f   Thumb Code   356  usb_hcd_int.o(i.USB_OTG_USBH_handle_rx_qlvl_ISR)
    i.USB_OTG_USBH_handle_sof_ISR            0x0800e174   Section        0  usb_hcd_int.o(i.USB_OTG_USBH_handle_sof_ISR)
    USB_OTG_USBH_handle_sof_ISR              0x0800e175   Thumb Code    38  usb_hcd_int.o(i.USB_OTG_USBH_handle_sof_ISR)
    i.USB_OTG_WritePacket                    0x0800e1a0   Section        0  usb_core.o(i.USB_OTG_WritePacket)
    i.UsageFault_Handler                     0x0800e1c8   Section        0  stm32fxxx_it.o(i.UsageFault_Handler)
    i.WWDG_ClearFlag                         0x0800e1cc   Section        0  stm32f10x_wwdg.o(i.WWDG_ClearFlag)
    i.WWDG_Enable                            0x0800e1d8   Section        0  stm32f10x_wwdg.o(i.WWDG_Enable)
    i.WWDG_EnableIT                          0x0800e1e8   Section        0  stm32f10x_wwdg.o(i.WWDG_EnableIT)
    i.WWDG_IRQHandler                        0x0800e1f8   Section        0  wwdg.o(i.WWDG_IRQHandler)
    i.WWDG_SetCounter                        0x0800e24c   Section        0  stm32f10x_wwdg.o(i.WWDG_SetCounter)
    i.WWDG_SetPrescaler                      0x0800e25c   Section        0  stm32f10x_wwdg.o(i.WWDG_SetPrescaler)
    i.WWDG_SetWindowValue                    0x0800e270   Section        0  stm32f10x_wwdg.o(i.WWDG_SetWindowValue)
    i.__scatterload_copy                     0x0800e28c   Section       14  handlers.o(i.__scatterload_copy)
    i.__scatterload_null                     0x0800e29a   Section        2  handlers.o(i.__scatterload_null)
    i.__scatterload_zeroinit                 0x0800e29c   Section       14  handlers.o(i.__scatterload_zeroinit)
    i.alloc_memory                           0x0800e2ac   Section        0  main.o(i.alloc_memory)
    i.cpu_run                                0x0800e2cc   Section        0  main.o(i.cpu_run)
    i.cpu_stop                               0x0800e2d8   Section        0  main.o(i.cpu_stop)
    i.delay_ms                               0x0800e2e4   Section        0  delay.o(i.delay_ms)
    i.flash_run                              0x0800e308   Section        0  main.o(i.flash_run)
    i.flash_stop                             0x0800e318   Section        0  main.o(i.flash_stop)
    i.get_cfg_from_flash                     0x0800e328   Section        0  main.o(i.get_cfg_from_flash)
    i.get_line_from_flash                    0x0800e3a0   Section        0  main.o(i.get_line_from_flash)
    i.gpio_init                              0x0800e3e4   Section        0  main.o(i.gpio_init)
    i.key_init                               0x0800e48c   Section        0  key.o(i.key_init)
    i.main                                   0x0800e4f0   Section        0  main.o(i.main)
    i.malloc                                 0x0800e608   Section        0  malloc.o(i.malloc)
    i.uart_irq                               0x0800e674   Section        0  uart.o(i.uart_irq)
    i.update_light_state                     0x0800e774   Section        0  main.o(i.update_light_state)
    i.wwdg_init                              0x0800e798   Section        0  wwdg.o(i.wwdg_init)
    .conststring                             0x0800e7fc   Section        9  main.o(.conststring)
    .data                                    0x20000000   Section        4  usb_bsp.o(.data)
    .data                                    0x20000004   Section      216  main.o(.data)
    .data                                    0x200000dc   Section        4  timer.o(.data)
    counter                                  0x200000dc   Data           4  timer.o(.data)
    .data                                    0x200000e0   Section        8  uart.o(.data)
    .data                                    0x200000e8   Section     1776  led_screen.o(.data)
    .data                                    0x200007d8   Section        2  wwdg.o(.data)
    flag                                     0x200007d9   Data           1  wwdg.o(.data)
    .data                                    0x200007da   Section        2  key.o(.data)
    .data                                    0x200007dc   Section       12  usbh_core.o(.data)
    .data                                    0x200007e8   Section        4  usbh_core.o(.data)
    .data                                    0x200007ec   Section        4  mvars.o(.data)
    .data                                    0x200007f0   Section        4  mvars.o(.data)
    .bss                                     0x200007f4   Section      212  main.o(.bss)
    .bss                                     0x200008c8   Section     1452  main.o(.bss)
    .bss                                     0x20000e74   Section      132  main.o(.bss)
    .bss                                     0x20000ef8   Section      658  uart.o(.bss)
    HEAP                                     0x20001190   Section      512  startup_stm32f10x_cl.o(HEAP)
    STACK                                    0x20001390   Section     1024  startup_stm32f10x_cl.o(STACK)

    Global Symbols

    Symbol Name                              Value     Ov Type        Size  Object(Section)

    BuildAttributes$$THM_ISAv4$P$D$K$B$S$PE$A:L22UL41UL21$X:L11$S22US41US21$IEEE1$IW$USESV6$~STKCKD$USESV7$~SHL$OSPACE$ROPI$EBA8$MICROLIB$REQ8$PRES8$EABIv2 0x00000000   Number         0  anon$$obj.o ABSOLUTE
    __ARM_use_no_argv                        0x00000000   Number         0  main.o ABSOLUTE
    _printf_a                                0x00000000   Number         0  stubs.o ABSOLUTE
    _printf_c                                0x00000000   Number         0  stubs.o ABSOLUTE
    _printf_charcount                        0x00000000   Number         0  stubs.o ABSOLUTE
    _printf_d                                0x00000000   Number         0  stubs.o ABSOLUTE
    _printf_e                                0x00000000   Number         0  stubs.o ABSOLUTE
    _printf_f                                0x00000000   Number         0  stubs.o ABSOLUTE
    _printf_flags                            0x00000000   Number         0  stubs.o ABSOLUTE
    _printf_fp_dec                           0x00000000   Number         0  stubs.o ABSOLUTE
    _printf_fp_hex                           0x00000000   Number         0  stubs.o ABSOLUTE
    _printf_g                                0x00000000   Number         0  stubs.o ABSOLUTE
    _printf_i                                0x00000000   Number         0  stubs.o ABSOLUTE
    _printf_int_dec                          0x00000000   Number         0  stubs.o ABSOLUTE
    _printf_l                                0x00000000   Number         0  stubs.o ABSOLUTE
    _printf_lc                               0x00000000   Number         0  stubs.o ABSOLUTE
    _printf_ll                               0x00000000   Number         0  stubs.o ABSOLUTE
    _printf_lld                              0x00000000   Number         0  stubs.o ABSOLUTE
    _printf_lli                              0x00000000   Number         0  stubs.o ABSOLUTE
    _printf_llo                              0x00000000   Number         0  stubs.o ABSOLUTE
    _printf_llu                              0x00000000   Number         0  stubs.o ABSOLUTE
    _printf_llx                              0x00000000   Number         0  stubs.o ABSOLUTE
    _printf_longlong_dec                     0x00000000   Number         0  stubs.o ABSOLUTE
    _printf_longlong_hex                     0x00000000   Number         0  stubs.o ABSOLUTE
    _printf_longlong_oct                     0x00000000   Number         0  stubs.o ABSOLUTE
    _printf_ls                               0x00000000   Number         0  stubs.o ABSOLUTE
    _printf_mbtowc                           0x00000000   Number         0  stubs.o ABSOLUTE
    _printf_n                                0x00000000   Number         0  stubs.o ABSOLUTE
    _printf_o                                0x00000000   Number         0  stubs.o ABSOLUTE
    _printf_p                                0x00000000   Number         0  stubs.o ABSOLUTE
    _printf_percent                          0x00000000   Number         0  stubs.o ABSOLUTE
    _printf_pre_padding                      0x00000000   Number         0  stubs.o ABSOLUTE
    _printf_return_value                     0x00000000   Number         0  stubs.o ABSOLUTE
    _printf_s                                0x00000000   Number         0  stubs.o ABSOLUTE
    _printf_sizespec                         0x00000000   Number         0  stubs.o ABSOLUTE
    _printf_str                              0x00000000   Number         0  stubs.o ABSOLUTE
    _printf_truncate_signed                  0x00000000   Number         0  stubs.o ABSOLUTE
    _printf_truncate_unsigned                0x00000000   Number         0  stubs.o ABSOLUTE
    _printf_u                                0x00000000   Number         0  stubs.o ABSOLUTE
    _printf_wc                               0x00000000   Number         0  stubs.o ABSOLUTE
    _printf_wctomb                           0x00000000   Number         0  stubs.o ABSOLUTE
    _printf_widthprec                        0x00000000   Number         0  stubs.o ABSOLUTE
    _printf_x                                0x00000000   Number         0  stubs.o ABSOLUTE
    __cpp_initialize__aeabi_                  - Undefined Weak Reference
    __cxa_finalize                            - Undefined Weak Reference
    _clock_init                               - Undefined Weak Reference
    _microlib_exit                            - Undefined Weak Reference
    __Vectors_Size                           0x00000150   Number         0  startup_stm32f10x_cl.o ABSOLUTE
    __Vectors                                0x0800c000   Data           4  startup_stm32f10x_cl.o(RESET)
    __Vectors_End                            0x0800c150   Data           0  startup_stm32f10x_cl.o(RESET)
    __main                                   0x0800c151   Thumb Code     0  entry.o(.ARM.Collect$$$$00000000)
    _main_stk                                0x0800c151   Thumb Code     0  entry2.o(.ARM.Collect$$$$00000001)
    _main_scatterload                        0x0800c155   Thumb Code     0  entry5.o(.ARM.Collect$$$$00000004)
    __main_after_scatterload                 0x0800c159   Thumb Code     0  entry5.o(.ARM.Collect$$$$00000004)
    _main_clock                              0x0800c159   Thumb Code     0  entry7b.o(.ARM.Collect$$$$00000008)
    _main_cpp_init                           0x0800c159   Thumb Code     0  entry8b.o(.ARM.Collect$$$$0000000A)
    _main_init                               0x0800c159   Thumb Code     0  entry9a.o(.ARM.Collect$$$$0000000B)
    __rt_final_cpp                           0x0800c161   Thumb Code     0  entry10a.o(.ARM.Collect$$$$0000000D)
    __rt_final_exit                          0x0800c161   Thumb Code     0  entry11a.o(.ARM.Collect$$$$0000000F)
    Reset_Handler                            0x0800c165   Thumb Code     8  startup_stm32f10x_cl.o(.text)
    SysTick_Handler                          0x0800c17d   Thumb Code     2  startup_stm32f10x_cl.o(.text)
    ADC1_2_IRQHandler                        0x0800c17f   Thumb Code     0  startup_stm32f10x_cl.o(.text)
    CAN1_RX0_IRQHandler                      0x0800c17f   Thumb Code     0  startup_stm32f10x_cl.o(.text)
    CAN1_RX1_IRQHandler                      0x0800c17f   Thumb Code     0  startup_stm32f10x_cl.o(.text)
    CAN1_SCE_IRQHandler                      0x0800c17f   Thumb Code     0  startup_stm32f10x_cl.o(.text)
    CAN1_TX_IRQHandler                       0x0800c17f   Thumb Code     0  startup_stm32f10x_cl.o(.text)
    CAN2_RX0_IRQHandler                      0x0800c17f   Thumb Code     0  startup_stm32f10x_cl.o(.text)
    CAN2_RX1_IRQHandler                      0x0800c17f   Thumb Code     0  startup_stm32f10x_cl.o(.text)
    CAN2_SCE_IRQHandler                      0x0800c17f   Thumb Code     0  startup_stm32f10x_cl.o(.text)
    CAN2_TX_IRQHandler                       0x0800c17f   Thumb Code     0  startup_stm32f10x_cl.o(.text)
    DMA1_Channel1_IRQHandler                 0x0800c17f   Thumb Code     0  startup_stm32f10x_cl.o(.text)
    DMA1_Channel2_IRQHandler                 0x0800c17f   Thumb Code     0  startup_stm32f10x_cl.o(.text)
    DMA1_Channel3_IRQHandler                 0x0800c17f   Thumb Code     0  startup_stm32f10x_cl.o(.text)
    DMA1_Channel4_IRQHandler                 0x0800c17f   Thumb Code     0  startup_stm32f10x_cl.o(.text)
    DMA1_Channel5_IRQHandler                 0x0800c17f   Thumb Code     0  startup_stm32f10x_cl.o(.text)
    DMA1_Channel6_IRQHandler                 0x0800c17f   Thumb Code     0  startup_stm32f10x_cl.o(.text)
    DMA1_Channel7_IRQHandler                 0x0800c17f   Thumb Code     0  startup_stm32f10x_cl.o(.text)
    DMA2_Channel1_IRQHandler                 0x0800c17f   Thumb Code     0  startup_stm32f10x_cl.o(.text)
    DMA2_Channel2_IRQHandler                 0x0800c17f   Thumb Code     0  startup_stm32f10x_cl.o(.text)
    DMA2_Channel3_IRQHandler                 0x0800c17f   Thumb Code     0  startup_stm32f10x_cl.o(.text)
    DMA2_Channel4_IRQHandler                 0x0800c17f   Thumb Code     0  startup_stm32f10x_cl.o(.text)
    DMA2_Channel5_IRQHandler                 0x0800c17f   Thumb Code     0  startup_stm32f10x_cl.o(.text)
    ETH_IRQHandler                           0x0800c17f   Thumb Code     0  startup_stm32f10x_cl.o(.text)
    ETH_WKUP_IRQHandler                      0x0800c17f   Thumb Code     0  startup_stm32f10x_cl.o(.text)
    EXTI15_10_IRQHandler                     0x0800c17f   Thumb Code     0  startup_stm32f10x_cl.o(.text)
    EXTI2_IRQHandler                         0x0800c17f   Thumb Code     0  startup_stm32f10x_cl.o(.text)
    EXTI3_IRQHandler                         0x0800c17f   Thumb Code     0  startup_stm32f10x_cl.o(.text)
    EXTI4_IRQHandler                         0x0800c17f   Thumb Code     0  startup_stm32f10x_cl.o(.text)
    EXTI9_5_IRQHandler                       0x0800c17f   Thumb Code     0  startup_stm32f10x_cl.o(.text)
    FLASH_IRQHandler                         0x0800c17f   Thumb Code     0  startup_stm32f10x_cl.o(.text)
    I2C1_ER_IRQHandler                       0x0800c17f   Thumb Code     0  startup_stm32f10x_cl.o(.text)
    I2C1_EV_IRQHandler                       0x0800c17f   Thumb Code     0  startup_stm32f10x_cl.o(.text)
    I2C2_ER_IRQHandler                       0x0800c17f   Thumb Code     0  startup_stm32f10x_cl.o(.text)
    I2C2_EV_IRQHandler                       0x0800c17f   Thumb Code     0  startup_stm32f10x_cl.o(.text)
    OTG_FS_WKUP_IRQHandler                   0x0800c17f   Thumb Code     0  startup_stm32f10x_cl.o(.text)
    PVD_IRQHandler                           0x0800c17f   Thumb Code     0  startup_stm32f10x_cl.o(.text)
    RCC_IRQHandler                           0x0800c17f   Thumb Code     0  startup_stm32f10x_cl.o(.text)
    RTCAlarm_IRQHandler                      0x0800c17f   Thumb Code     0  startup_stm32f10x_cl.o(.text)
    RTC_IRQHandler                           0x0800c17f   Thumb Code     0  startup_stm32f10x_cl.o(.text)
    SPI1_IRQHandler                          0x0800c17f   Thumb Code     0  startup_stm32f10x_cl.o(.text)
    SPI2_IRQHandler                          0x0800c17f   Thumb Code     0  startup_stm32f10x_cl.o(.text)
    SPI3_IRQHandler                          0x0800c17f   Thumb Code     0  startup_stm32f10x_cl.o(.text)
    TAMPER_IRQHandler                        0x0800c17f   Thumb Code     0  startup_stm32f10x_cl.o(.text)
    TIM1_BRK_IRQHandler                      0x0800c17f   Thumb Code     0  startup_stm32f10x_cl.o(.text)
    TIM1_CC_IRQHandler                       0x0800c17f   Thumb Code     0  startup_stm32f10x_cl.o(.text)
    TIM1_TRG_COM_IRQHandler                  0x0800c17f   Thumb Code     0  startup_stm32f10x_cl.o(.text)
    TIM1_UP_IRQHandler                       0x0800c17f   Thumb Code     0  startup_stm32f10x_cl.o(.text)
    TIM3_IRQHandler                          0x0800c17f   Thumb Code     0  startup_stm32f10x_cl.o(.text)
    TIM4_IRQHandler                          0x0800c17f   Thumb Code     0  startup_stm32f10x_cl.o(.text)
    TIM6_IRQHandler                          0x0800c17f   Thumb Code     0  startup_stm32f10x_cl.o(.text)
    TIM7_IRQHandler                          0x0800c17f   Thumb Code     0  startup_stm32f10x_cl.o(.text)
    UART5_IRQHandler                         0x0800c17f   Thumb Code     0  startup_stm32f10x_cl.o(.text)
    USART1_IRQHandler                        0x0800c17f   Thumb Code     0  startup_stm32f10x_cl.o(.text)
    USART3_IRQHandler                        0x0800c17f   Thumb Code     0  startup_stm32f10x_cl.o(.text)
    __aeabi_memcpy                           0x0800c189   Thumb Code    36  memcpya.o(.text)
    __aeabi_memcpy4                          0x0800c189   Thumb Code     0  memcpya.o(.text)
    __aeabi_memcpy8                          0x0800c189   Thumb Code     0  memcpya.o(.text)
    __aeabi_memset                           0x0800c1ad   Thumb Code    14  memseta.o(.text)
    __aeabi_memset4                          0x0800c1ad   Thumb Code     0  memseta.o(.text)
    __aeabi_memset8                          0x0800c1ad   Thumb Code     0  memseta.o(.text)
    __aeabi_memclr                           0x0800c1bb   Thumb Code     4  memseta.o(.text)
    __aeabi_memclr4                          0x0800c1bb   Thumb Code     0  memseta.o(.text)
    __aeabi_memclr8                          0x0800c1bb   Thumb Code     0  memseta.o(.text)
    _memset$wrapper                          0x0800c1bf   Thumb Code    18  memseta.o(.text)
    __scatterload                            0x0800c1d1   Thumb Code    28  init.o(.text)
    __scatterload_rt2                        0x0800c1d1   Thumb Code     0  init.o(.text)
    __decompress                             0x0800c1f5   Thumb Code     0  __dczerorl2.o(.text)
    __decompress1                            0x0800c1f5   Thumb Code    86  __dczerorl2.o(.text)
    BusFault_Handler                         0x0800c2dd   Thumb Code     2  stm32fxxx_it.o(i.BusFault_Handler)
    DebugMon_Handler                         0x0800c2df   Thumb Code     2  stm32fxxx_it.o(i.DebugMon_Handler)
    EXTI0_IRQHandler                         0x0800c2e1   Thumb Code    52  key.o(i.EXTI0_IRQHandler)
    EXTI1_IRQHandler                         0x0800c31d   Thumb Code    34  stm32fxxx_it.o(i.EXTI1_IRQHandler)
    EXTI_ClearITPendingBit                   0x0800c345   Thumb Code     6  stm32f10x_exti.o(i.EXTI_ClearITPendingBit)
    EXTI_GetITStatus                         0x0800c351   Thumb Code    28  stm32f10x_exti.o(i.EXTI_GetITStatus)
    EXTI_Init                                0x0800c371   Thumb Code   108  stm32f10x_exti.o(i.EXTI_Init)
    GPIO_EXTILineConfig                      0x0800c3e1   Thumb Code    34  stm32f10x_gpio.o(i.GPIO_EXTILineConfig)
    GPIO_Init                                0x0800c409   Thumb Code   162  stm32f10x_gpio.o(i.GPIO_Init)
    GPIO_ReadInputDataBit                    0x0800c4ab   Thumb Code    14  stm32f10x_gpio.o(i.GPIO_ReadInputDataBit)
    GPIO_ResetBits                           0x0800c4b9   Thumb Code     4  stm32f10x_gpio.o(i.GPIO_ResetBits)
    GPIO_SetBits                             0x0800c4bd   Thumb Code     4  stm32f10x_gpio.o(i.GPIO_SetBits)
    GetHZDot                                 0x0800c4c1   Thumb Code    32  ziku.o(i.GetHZDot)
    HardFault_Handler                        0x0800c4e1   Thumb Code     2  stm32fxxx_it.o(i.HardFault_Handler)
    LED_DispString                           0x0800c4e5   Thumb Code   566  led_screen.o(i.LED_DispString)
    LED_ScrollDispHZ                         0x0800c731   Thumb Code   718  led_screen.o(i.LED_ScrollDispHZ)
    MemManage_Handler                        0x0800ca19   Thumb Code     2  stm32fxxx_it.o(i.MemManage_Handler)
    NMI_Handler                              0x0800ca1b   Thumb Code     2  stm32fxxx_it.o(i.NMI_Handler)
    NVIC_Init                                0x0800ca1d   Thumb Code    96  misc.o(i.NVIC_Init)
    NVIC_PriorityGroupConfig                 0x0800ca81   Thumb Code    10  misc.o(i.NVIC_PriorityGroupConfig)
    NVIC_SetVectorTable                      0x0800ca95   Thumb Code    12  misc.o(i.NVIC_SetVectorTable)
    OTG_FS_IRQHandler                        0x0800caa9   Thumb Code     6  stm32fxxx_it.o(i.OTG_FS_IRQHandler)
    PendSV_Handler                           0x0800cab5   Thumb Code     2  stm32fxxx_it.o(i.PendSV_Handler)
    RCC_APB1PeriphClockCmd                   0x0800cab9   Thumb Code    18  stm32f10x_rcc.o(i.RCC_APB1PeriphClockCmd)
    RCC_APB2PeriphClockCmd                   0x0800cad1   Thumb Code    18  stm32f10x_rcc.o(i.RCC_APB2PeriphClockCmd)
    SPI_Cmd                                  0x0800cae9   Thumb Code    20  stm32f10x_spi.o(i.SPI_Cmd)
    SPI_Flash_Init                           0x0800cafd   Thumb Code   156  spi_flash.o(i.SPI_Flash_Init)
    SPI_Flash_ReadByte                       0x0800cba1   Thumb Code     6  spi_flash.o(i.SPI_Flash_ReadByte)
    SPI_Flash_SendByte                       0x0800cba9   Thumb Code    48  spi_flash.o(i.SPI_Flash_SendByte)
    SPI_I2S_GetFlagStatus                    0x0800cbdd   Thumb Code    14  stm32f10x_spi.o(i.SPI_I2S_GetFlagStatus)
    SPI_I2S_ReceiveData                      0x0800cbeb   Thumb Code     4  stm32f10x_spi.o(i.SPI_I2S_ReceiveData)
    SPI_I2S_SendData                         0x0800cbef   Thumb Code     4  stm32f10x_spi.o(i.SPI_I2S_SendData)
    SPI_Init                                 0x0800cbf3   Thumb Code    56  stm32f10x_spi.o(i.SPI_Init)
    SST25_R_BLOCK                            0x0800cc2d   Thumb Code    84  spi_flash.o(i.SST25_R_BLOCK)
    SVC_Handler                              0x0800cc85   Thumb Code     2  stm32fxxx_it.o(i.SVC_Handler)
    ScrollRefreshLEDScreen                   0x0800cc89   Thumb Code   268  led_screen.o(i.ScrollRefreshLEDScreen)
    ScrollRefreshLEDScreen1                  0x0800cdb1   Thumb Code   244  led_screen.o(i.ScrollRefreshLEDScreen1)
    ShT_LEDBoard_ColShiftOut                 0x0800cf91   Thumb Code    76  led_screen.o(i.ShT_LEDBoard_ColShiftOut)
    ShT_LEDBoard_RowShiftOut                 0x0800cfe1   Thumb Code    52  led_screen.o(i.ShT_LEDBoard_RowShiftOut)
    SystemInit                               0x0800d019   Thumb Code    82  system_stm32f10x.o(i.SystemInit)
    TIM2_IRQHandler                          0x0800d07d   Thumb Code     4  stm32fxxx_it.o(i.TIM2_IRQHandler)
    TIM5_IRQHandler                          0x0800d081   Thumb Code    62  timer.o(i.TIM5_IRQHandler)
    TIM_ARRPreloadConfig                     0x0800d0c9   Thumb Code    20  stm32f10x_tim.o(i.TIM_ARRPreloadConfig)
    TIM_ClearITPendingBit                    0x0800d0dd   Thumb Code     6  stm32f10x_tim.o(i.TIM_ClearITPendingBit)
    TIM_Cmd                                  0x0800d0e3   Thumb Code    20  stm32f10x_tim.o(i.TIM_Cmd)
    TIM_GetITStatus                          0x0800d0f7   Thumb Code    24  stm32f10x_tim.o(i.TIM_GetITStatus)
    TIM_ITConfig                             0x0800d10f   Thumb Code    16  stm32f10x_tim.o(i.TIM_ITConfig)
    TIM_TimeBaseInit                         0x0800d121   Thumb Code   114  stm32f10x_tim.o(i.TIM_TimeBaseInit)
    UART4_IRQHandler                         0x0800d1bd   Thumb Code     6  stm32fxxx_it.o(i.UART4_IRQHandler)
    USART2_IRQHandler                        0x0800d1c3   Thumb Code     6  stm32fxxx_it.o(i.USART2_IRQHandler)
    USART_ClearITPendingBit                  0x0800d1c9   Thumb Code    12  stm32f10x_usart.o(i.USART_ClearITPendingBit)
    USART_GetFlagStatus                      0x0800d1d5   Thumb Code    14  stm32f10x_usart.o(i.USART_GetFlagStatus)
    USART_ReceiveData                        0x0800d1e3   Thumb Code     8  stm32f10x_usart.o(i.USART_ReceiveData)
    USBH_Connected                           0x0800d1eb   Thumb Code    10  usbh_core.o(i.USBH_Connected)
    USBH_Disconnected                        0x0800d1f5   Thumb Code    10  usbh_core.o(i.USBH_Disconnected)
    USBH_OTG_ISR_Handler                     0x0800d1ff   Thumb Code   168  usb_hcd_int.o(i.USBH_OTG_ISR_Handler)
    USBH_SOF                                 0x0800d2a7   Thumb Code     4  usbh_core.o(i.USBH_SOF)
    USB_OTG_BSP_TimerIRQ                     0x0800d2ad   Thumb Code    50  usb_bsp.o(i.USB_OTG_BSP_TimerIRQ)
    USB_OTG_BSP_mDelay                       0x0800d2e5   Thumb Code     6  usb_bsp.o(i.USB_OTG_BSP_mDelay)
    USB_OTG_HC_DoPing                        0x0800d2eb   Thumb Code    42  usb_core.o(i.USB_OTG_HC_DoPing)
    USB_OTG_HC_Halt                          0x0800d315   Thumb Code    60  usb_core.o(i.USB_OTG_HC_Halt)
    USB_OTG_InitFSLSPClkSel                  0x0800d351   Thumb Code    12  usb_core.o(i.USB_OTG_InitFSLSPClkSel)
    USB_OTG_IsHostMode                       0x0800d35d   Thumb Code    14  usb_core.o(i.USB_OTG_IsHostMode)
    USB_OTG_ReadCoreItr                      0x0800d36b   Thumb Code    10  usb_core.o(i.USB_OTG_ReadCoreItr)
    USB_OTG_ReadHPRT0                        0x0800d375   Thumb Code    12  usb_core.o(i.USB_OTG_ReadHPRT0)
    USB_OTG_ReadHostAllChannels_intr         0x0800d381   Thumb Code     6  usb_core.o(i.USB_OTG_ReadHostAllChannels_intr)
    USB_OTG_ReadPacket                       0x0800d387   Thumb Code    32  usb_core.o(i.USB_OTG_ReadPacket)
    USB_OTG_ResetPort                        0x0800d3a7   Thumb Code    42  usb_core.o(i.USB_OTG_ResetPort)
    USB_OTG_WritePacket                      0x0800e1a1   Thumb Code    40  usb_core.o(i.USB_OTG_WritePacket)
    UsageFault_Handler                       0x0800e1c9   Thumb Code     2  stm32fxxx_it.o(i.UsageFault_Handler)
    WWDG_ClearFlag                           0x0800e1cd   Thumb Code     8  stm32f10x_wwdg.o(i.WWDG_ClearFlag)
    WWDG_Enable                              0x0800e1d9   Thumb Code    10  stm32f10x_wwdg.o(i.WWDG_Enable)
    WWDG_EnableIT                            0x0800e1e9   Thumb Code    10  stm32f10x_wwdg.o(i.WWDG_EnableIT)
    WWDG_IRQHandler                          0x0800e1f9   Thumb Code    76  wwdg.o(i.WWDG_IRQHandler)
    WWDG_SetCounter                          0x0800e24d   Thumb Code    10  stm32f10x_wwdg.o(i.WWDG_SetCounter)
    WWDG_SetPrescaler                        0x0800e25d   Thumb Code    14  stm32f10x_wwdg.o(i.WWDG_SetPrescaler)
    WWDG_SetWindowValue                      0x0800e271   Thumb Code    22  stm32f10x_wwdg.o(i.WWDG_SetWindowValue)
    __scatterload_copy                       0x0800e28d   Thumb Code    14  handlers.o(i.__scatterload_copy)
    __scatterload_null                       0x0800e29b   Thumb Code     2  handlers.o(i.__scatterload_null)
    __scatterload_zeroinit                   0x0800e29d   Thumb Code    14  handlers.o(i.__scatterload_zeroinit)
    alloc_memory                             0x0800e2ad   Thumb Code    28  main.o(i.alloc_memory)
    cpu_run                                  0x0800e2cd   Thumb Code     8  main.o(i.cpu_run)
    cpu_stop                                 0x0800e2d9   Thumb Code     8  main.o(i.cpu_stop)
    delay_ms                                 0x0800e2e5   Thumb Code    36  delay.o(i.delay_ms)
    flash_run                                0x0800e309   Thumb Code    10  main.o(i.flash_run)
    flash_stop                               0x0800e319   Thumb Code    10  main.o(i.flash_stop)
    get_cfg_from_flash                       0x0800e329   Thumb Code   114  main.o(i.get_cfg_from_flash)
    get_line_from_flash                      0x0800e3a1   Thumb Code    58  main.o(i.get_line_from_flash)
    gpio_init                                0x0800e3e5   Thumb Code   156  main.o(i.gpio_init)
    key_init                                 0x0800e48d   Thumb Code    94  key.o(i.key_init)
    main                                     0x0800e4f1   Thumb Code   258  main.o(i.main)
    malloc                                   0x0800e609   Thumb Code    92  malloc.o(i.malloc)
    uart_irq                                 0x0800e675   Thumb Code   226  uart.o(i.uart_irq)
    update_light_state                       0x0800e775   Thumb Code    28  main.o(i.update_light_state)
    wwdg_init                                0x0800e799   Thumb Code    96  wwdg.o(i.wwdg_init)
    Region$$Table$$Base                      0x0800e808   Number         0  anon$$obj.o(Region$$Table)
    Region$$Table$$Limit                     0x0800e828   Number         0  anon$$obj.o(Region$$Table)
    BSP_delay                                0x20000000   Data           4  usb_bsp.o(.data)
    c_MaxColByte                             0x20000004   Data           1  main.o(.data)
    led_type                                 0x20000005   Data           1  main.o(.data)
    LED_OK                                   0x20000006   Data           1  main.o(.data)
    cnt                                      0x20000007   Data           1  main.o(.data)
    bflag                                    0x20000008   Data           1  main.o(.data)
    message_state                            0x20000009   Data           1  main.o(.data)
    welcom                                   0x2000000c   Data           4  main.o(.data)
    brightness                               0x20000010   Data           4  main.o(.data)
    ucLEDDisplayMemory                       0x20000014   Data           4  main.o(.data)
    ucColDataBuff                            0x20000018   Data           4  main.o(.data)
    ucDispCMDLeftDataBuff                    0x2000001c   Data          64  main.o(.data)
    ucDispCMDRightDataBuff                   0x2000005c   Data          64  main.o(.data)
    ucDispCMDBrakeDataBuff                   0x2000009c   Data          64  main.o(.data)
    uart_get_flag                            0x200000e0   Data           1  uart.o(.data)
    uc_len                                   0x200000e1   Data           1  uart.o(.data)
    uceng_len                                0x200000e2   Data           1  uart.o(.data)
    ucfuwu_len                               0x200000e3   Data           1  uart.o(.data)
    count                                    0x200000e4   Data           2  uart.o(.data)
    num                                      0x200000e6   Data           2  uart.o(.data)
    ucShiftCount                             0x200000e8   Data           1  led_screen.o(.data)
    ASCII816                                 0x200000e9   Data        1536  led_screen.o(.data)
    ZK_Data                                  0x200006ea   Data         238  led_screen.o(.data)
    WWDG_CNT                                 0x200007d8   Data           1  wwdg.o(.data)
    key_cnt                                  0x200007da   Data           1  key.o(.data)
    bkey_flag                                0x200007db   Data           1  key.o(.data)
    USBH_HCD_INT_cb                          0x200007dc   Data          12  usbh_core.o(.data)
    USBH_HCD_INT_fops                        0x200007e8   Data           4  usbh_core.o(.data)
    __microlib_freelist                      0x200007ec   Data           4  mvars.o(.data)
    __microlib_freelist_initialised          0x200007f0   Data           4  mvars.o(.data)
    ucDispCMDDataBuff                        0x200007f4   Data          64  main.o(.bss)
    ucDispCMDDataBuffTemp                    0x20000834   Data          64  main.o(.bss)
    disp_buff                                0x20000874   Data          64  main.o(.bss)
    Line                                     0x200008b4   Data          20  main.o(.bss)
    USB_OTG_Core                             0x200008c8   Data        1452  main.o(.bss)
    USB_Host                                 0x20000e74   Data         132  main.o(.bss)
    uart_data                                0x20000ef8   Data         200  uart.o(.bss)
    Usart_ucDispCMDDataBuffTemp              0x20000fc0   Data         126  uart.o(.bss)
    Usart_ucDispCMDDataBuffENGTemp           0x2000103e   Data         106  uart.o(.bss)
    Usart_ucDispCMDDataBuffFUWUTemp          0x200010a8   Data         166  uart.o(.bss)
    uart_buff                                0x2000114e   Data          60  uart.o(.bss)
    __heap_base                              0x20001190   Data           0  startup_stm32f10x_cl.o(HEAP)
    __heap_limit                             0x20001390   Data           0  startup_stm32f10x_cl.o(HEAP)
    __initial_sp                             0x20001790   Data           0  startup_stm32f10x_cl.o(STACK)



==============================================================================

Memory Map of the image

  Image Entry point : 0x0800c151

  Load Region LR_IROM1 (Base: 0x0800c000, Size: 0x0000301c, Max: 0x00034000, ABSOLUTE, COMPRESSED[0x00002c04])

    Execution Region ER_IROM1 (Base: 0x0800c000, Size: 0x00002828, Max: 0x00034000, ABSOLUTE)

    Base Addr    Size         Type   Attr      Idx    E Section Name        Object

    0x0800c000   0x00000150   Data   RO         2281    RESET               startup_stm32f10x_cl.o
    0x0800c150   0x00000000   Code   RO         4933  * .ARM.Collect$$$$00000000  mc_w.l(entry.o)
    0x0800c150   0x00000004   Code   RO         5245    .ARM.Collect$$$$00000001  mc_w.l(entry2.o)
    0x0800c154   0x00000004   Code   RO         5248    .ARM.Collect$$$$00000004  mc_w.l(entry5.o)
    0x0800c158   0x00000000   Code   RO         5250    .ARM.Collect$$$$00000008  mc_w.l(entry7b.o)
    0x0800c158   0x00000000   Code   RO         5252    .ARM.Collect$$$$0000000A  mc_w.l(entry8b.o)
    0x0800c158   0x00000008   Code   RO         5253    .ARM.Collect$$$$0000000B  mc_w.l(entry9a.o)
    0x0800c160   0x00000000   Code   RO         5255    .ARM.Collect$$$$0000000D  mc_w.l(entry10a.o)
    0x0800c160   0x00000000   Code   RO         5257    .ARM.Collect$$$$0000000F  mc_w.l(entry11a.o)
    0x0800c160   0x00000004   Code   RO         5246    .ARM.Collect$$$$00002712  mc_w.l(entry2.o)
    0x0800c164   0x00000024   Code   RO         2282    .text               startup_stm32f10x_cl.o
    0x0800c188   0x00000024   Code   RO         4936    .text               mc_w.l(memcpya.o)
    0x0800c1ac   0x00000024   Code   RO         4938    .text               mc_w.l(memseta.o)
    0x0800c1d0   0x00000024   Code   RO         5277    .text               mc_w.l(init.o)
    0x0800c1f4   0x00000056   Code   RO         5293    .text               mc_w.l(__dczerorl2.o)
    0x0800c24a   0x00000002   PAD
    0x0800c24c   0x00000024   Code   RO          279    i.BSP_Delay         usb_bsp.o
    0x0800c270   0x0000006c   Code   RO          280    i.BSP_SetTime       usb_bsp.o
    0x0800c2dc   0x00000002   Code   RO            3    i.BusFault_Handler  stm32fxxx_it.o
    0x0800c2de   0x00000002   Code   RO            4    i.DebugMon_Handler  stm32fxxx_it.o
    0x0800c2e0   0x0000003c   Code   RO         1105    i.EXTI0_IRQHandler  key.o
    0x0800c31c   0x00000028   Code   RO            5    i.EXTI1_IRQHandler  stm32fxxx_it.o
    0x0800c344   0x0000000c   Code   RO         2406    i.EXTI_ClearITPendingBit  stm32f10x_exti.o
    0x0800c350   0x00000020   Code   RO         2410    i.EXTI_GetITStatus  stm32f10x_exti.o
    0x0800c370   0x00000070   Code   RO         2411    i.EXTI_Init         stm32f10x_exti.o
    0x0800c3e0   0x00000028   Code   RO         2650    i.GPIO_EXTILineConfig  stm32f10x_gpio.o
    0x0800c408   0x000000a2   Code   RO         2653    i.GPIO_Init         stm32f10x_gpio.o
    0x0800c4aa   0x0000000e   Code   RO         2657    i.GPIO_ReadInputDataBit  stm32f10x_gpio.o
    0x0800c4b8   0x00000004   Code   RO         2660    i.GPIO_ResetBits    stm32f10x_gpio.o
    0x0800c4bc   0x00000004   Code   RO         2661    i.GPIO_SetBits      stm32f10x_gpio.o
    0x0800c4c0   0x00000020   Code   RO         1024    i.GetHZDot          ziku.o
    0x0800c4e0   0x00000002   Code   RO            6    i.HardFault_Handler  stm32fxxx_it.o
    0x0800c4e2   0x00000002   PAD
    0x0800c4e4   0x0000024c   Code   RO          968    i.LED_DispString    led_screen.o
    0x0800c730   0x000002e8   Code   RO          969    i.LED_ScrollDispHZ  led_screen.o
    0x0800ca18   0x00000002   Code   RO            7    i.MemManage_Handler  stm32fxxx_it.o
    0x0800ca1a   0x00000002   Code   RO            8    i.NMI_Handler       stm32fxxx_it.o
    0x0800ca1c   0x00000064   Code   RO          349    i.NVIC_Init         misc.o
    0x0800ca80   0x00000014   Code   RO          350    i.NVIC_PriorityGroupConfig  misc.o
    0x0800ca94   0x00000014   Code   RO          351    i.NVIC_SetVectorTable  misc.o
    0x0800caa8   0x0000000c   Code   RO            9    i.OTG_FS_IRQHandler  stm32fxxx_it.o
    0x0800cab4   0x00000002   Code   RO           10    i.PendSV_Handler    stm32fxxx_it.o
    0x0800cab6   0x00000002   PAD
    0x0800cab8   0x00000018   Code   RO         3052    i.RCC_APB1PeriphClockCmd  stm32f10x_rcc.o
    0x0800cad0   0x00000018   Code   RO         3054    i.RCC_APB2PeriphClockCmd  stm32f10x_rcc.o
    0x0800cae8   0x00000014   Code   RO         3504    i.SPI_Cmd           stm32f10x_spi.o
    0x0800cafc   0x000000a4   Code   RO          844    i.SPI_Flash_Init    spi_flash.o
    0x0800cba0   0x00000006   Code   RO          845    i.SPI_Flash_ReadByte  spi_flash.o
    0x0800cba6   0x00000002   PAD
    0x0800cba8   0x00000034   Code   RO          846    i.SPI_Flash_SendByte  spi_flash.o
    0x0800cbdc   0x0000000e   Code   RO         3512    i.SPI_I2S_GetFlagStatus  stm32f10x_spi.o
    0x0800cbea   0x00000004   Code   RO         3515    i.SPI_I2S_ReceiveData  stm32f10x_spi.o
    0x0800cbee   0x00000004   Code   RO         3516    i.SPI_I2S_SendData  stm32f10x_spi.o
    0x0800cbf2   0x00000038   Code   RO         3517    i.SPI_Init          stm32f10x_spi.o
    0x0800cc2a   0x00000002   PAD
    0x0800cc2c   0x00000058   Code   RO          847    i.SST25_R_BLOCK     spi_flash.o
    0x0800cc84   0x00000002   Code   RO           11    i.SVC_Handler       stm32fxxx_it.o
    0x0800cc86   0x00000002   PAD
    0x0800cc88   0x00000128   Code   RO          970    i.ScrollRefreshLEDScreen  led_screen.o
    0x0800cdb0   0x00000110   Code   RO          971    i.ScrollRefreshLEDScreen1  led_screen.o
    0x0800cec0   0x000000d0   Code   RO         2288    i.SetSysClockTo72   system_stm32f10x.o
    0x0800cf90   0x00000050   Code   RO          972    i.ShT_LEDBoard_ColShiftOut  led_screen.o
    0x0800cfe0   0x00000038   Code   RO          973    i.ShT_LEDBoard_RowShiftOut  led_screen.o
    0x0800d018   0x00000064   Code   RO         2290    i.SystemInit        system_stm32f10x.o
    0x0800d07c   0x00000004   Code   RO           12    i.TIM2_IRQHandler   stm32fxxx_it.o
    0x0800d080   0x00000048   Code   RO          805    i.TIM5_IRQHandler   timer.o
    0x0800d0c8   0x00000014   Code   RO         3653    i.TIM_ARRPreloadConfig  stm32f10x_tim.o
    0x0800d0dc   0x00000006   Code   RO         3660    i.TIM_ClearITPendingBit  stm32f10x_tim.o
    0x0800d0e2   0x00000014   Code   RO         3665    i.TIM_Cmd           stm32f10x_tim.o
    0x0800d0f6   0x00000018   Code   RO         3686    i.TIM_GetITStatus   stm32f10x_tim.o
    0x0800d10e   0x00000010   Code   RO         3690    i.TIM_ITConfig      stm32f10x_tim.o
    0x0800d11e   0x00000002   PAD
    0x0800d120   0x0000009c   Code   RO         3736    i.TIM_TimeBaseInit  stm32f10x_tim.o
    0x0800d1bc   0x00000006   Code   RO           13    i.UART4_IRQHandler  stm32fxxx_it.o
    0x0800d1c2   0x00000006   Code   RO           14    i.USART2_IRQHandler  stm32fxxx_it.o
    0x0800d1c8   0x0000000c   Code   RO         3312    i.USART_ClearITPendingBit  stm32f10x_usart.o
    0x0800d1d4   0x0000000e   Code   RO         3318    i.USART_GetFlagStatus  stm32f10x_usart.o
    0x0800d1e2   0x00000008   Code   RO         3329    i.USART_ReceiveData  stm32f10x_usart.o
    0x0800d1ea   0x0000000a   Code   RO         1225    i.USBH_Connected    usbh_core.o
    0x0800d1f4   0x0000000a   Code   RO         1227    i.USBH_Disconnected  usbh_core.o
    0x0800d1fe   0x000000a8   Code   RO         1418    i.USBH_OTG_ISR_Handler  usb_hcd_int.o
    0x0800d2a6   0x00000004   Code   RO         1233    i.USBH_SOF          usbh_core.o
    0x0800d2aa   0x00000002   PAD
    0x0800d2ac   0x00000038   Code   RO          285    i.USB_OTG_BSP_TimerIRQ  usb_bsp.o
    0x0800d2e4   0x00000006   Code   RO          286    i.USB_OTG_BSP_mDelay  usb_bsp.o
    0x0800d2ea   0x0000002a   Code   RO         1498    i.USB_OTG_HC_DoPing  usb_core.o
    0x0800d314   0x0000003c   Code   RO         1499    i.USB_OTG_HC_Halt   usb_core.o
    0x0800d350   0x0000000c   Code   RO         1502    i.USB_OTG_InitFSLSPClkSel  usb_core.o
    0x0800d35c   0x0000000e   Code   RO         1505    i.USB_OTG_IsHostMode  usb_core.o
    0x0800d36a   0x0000000a   Code   RO         1506    i.USB_OTG_ReadCoreItr  usb_core.o
    0x0800d374   0x0000000c   Code   RO         1507    i.USB_OTG_ReadHPRT0  usb_core.o
    0x0800d380   0x00000006   Code   RO         1508    i.USB_OTG_ReadHostAllChannels_intr  usb_core.o
    0x0800d386   0x00000020   Code   RO         1510    i.USB_OTG_ReadPacket  usb_core.o
    0x0800d3a6   0x0000002a   Code   RO         1511    i.USB_OTG_ResetPort  usb_core.o
    0x0800d3d0   0x0000002c   Code   RO         1419    i.USB_OTG_USBH_handle_Disconnect_ISR  usb_hcd_int.o
    0x0800d3fc   0x00000046   Code   RO         1420    i.USB_OTG_USBH_handle_IncompletePeriodicXfer_ISR  usb_hcd_int.o
    0x0800d442   0x00000056   Code   RO         1421    i.USB_OTG_USBH_handle_hc_ISR  usb_hcd_int.o
    0x0800d498   0x0000042a   Code   RO         1422    i.USB_OTG_USBH_handle_hc_n_In_ISR  usb_hcd_int.o
    0x0800d8c2   0x000003d0   Code   RO         1423    i.USB_OTG_USBH_handle_hc_n_Out_ISR  usb_hcd_int.o
    0x0800dc92   0x0000012e   Code   RO         1424    i.USB_OTG_USBH_handle_nptxfempty_ISR  usb_hcd_int.o
    0x0800ddc0   0x00000120   Code   RO         1425    i.USB_OTG_USBH_handle_port_ISR  usb_hcd_int.o
    0x0800dee0   0x0000012e   Code   RO         1426    i.USB_OTG_USBH_handle_ptxfempty_ISR  usb_hcd_int.o
    0x0800e00e   0x00000164   Code   RO         1427    i.USB_OTG_USBH_handle_rx_qlvl_ISR  usb_hcd_int.o
    0x0800e172   0x00000002   PAD
    0x0800e174   0x0000002c   Code   RO         1428    i.USB_OTG_USBH_handle_sof_ISR  usb_hcd_int.o
    0x0800e1a0   0x00000028   Code   RO         1515    i.USB_OTG_WritePacket  usb_core.o
    0x0800e1c8   0x00000002   Code   RO           15    i.UsageFault_Handler  stm32fxxx_it.o
    0x0800e1ca   0x00000002   PAD
    0x0800e1cc   0x0000000c   Code   RO         4192    i.WWDG_ClearFlag    stm32f10x_wwdg.o
    0x0800e1d8   0x00000010   Code   RO         4194    i.WWDG_Enable       stm32f10x_wwdg.o
    0x0800e1e8   0x00000010   Code   RO         4195    i.WWDG_EnableIT     stm32f10x_wwdg.o
    0x0800e1f8   0x00000054   Code   RO         1076    i.WWDG_IRQHandler   wwdg.o
    0x0800e24c   0x00000010   Code   RO         4197    i.WWDG_SetCounter   stm32f10x_wwdg.o
    0x0800e25c   0x00000014   Code   RO         4198    i.WWDG_SetPrescaler  stm32f10x_wwdg.o
    0x0800e270   0x0000001c   Code   RO         4199    i.WWDG_SetWindowValue  stm32f10x_wwdg.o
    0x0800e28c   0x0000000e   Code   RO         5287    i.__scatterload_copy  mc_w.l(handlers.o)
    0x0800e29a   0x00000002   Code   RO         5288    i.__scatterload_null  mc_w.l(handlers.o)
    0x0800e29c   0x0000000e   Code   RO         5289    i.__scatterload_zeroinit  mc_w.l(handlers.o)
    0x0800e2aa   0x00000002   PAD
    0x0800e2ac   0x00000020   Code   RO          394    i.alloc_memory      main.o
    0x0800e2cc   0x0000000c   Code   RO          395    i.cpu_run           main.o
    0x0800e2d8   0x0000000c   Code   RO          396    i.cpu_stop          main.o
    0x0800e2e4   0x00000024   Code   RO         1045    i.delay_ms          delay.o
    0x0800e308   0x00000010   Code   RO          399    i.flash_run         main.o
    0x0800e318   0x00000010   Code   RO          400    i.flash_stop        main.o
    0x0800e328   0x00000078   Code   RO          403    i.get_cfg_from_flash  main.o
    0x0800e3a0   0x00000044   Code   RO          407    i.get_line_from_flash  main.o
    0x0800e3e4   0x000000a8   Code   RO          411    i.gpio_init         main.o
    0x0800e48c   0x00000064   Code   RO         1106    i.key_init          key.o
    0x0800e4f0   0x00000118   Code   RO          412    i.main              main.o
    0x0800e608   0x0000006c   Code   RO         5210    i.malloc            mc_w.l(malloc.o)
    0x0800e674   0x00000100   Code   RO          939    i.uart_irq          uart.o
    0x0800e774   0x00000024   Code   RO          419    i.update_light_state  main.o
    0x0800e798   0x00000064   Code   RO         1077    i.wwdg_init         wwdg.o
    0x0800e7fc   0x00000009   Data   RO          424    .conststring        main.o
    0x0800e805   0x00000003   PAD
    0x0800e808   0x00000020   Data   RO         5285    Region$$Table       anon$$obj.o


    Execution Region RW_IRAM1 (Base: 0x20000000, Size: 0x00001790, Max: 0x00010000, ABSOLUTE, COMPRESSED[0x000003dc])

    Base Addr    Size         Type   Attr      Idx    E Section Name        Object

    0x20000000   0x00000004   Data   RW          288    .data               usb_bsp.o
    0x20000004   0x000000d8   Data   RW          425    .data               main.o
    0x200000dc   0x00000004   Data   RW          808    .data               timer.o
    0x200000e0   0x00000008   Data   RW          941    .data               uart.o
    0x200000e8   0x000006f0   Data   RW          974    .data               led_screen.o
    0x200007d8   0x00000002   Data   RW         1078    .data               wwdg.o
    0x200007da   0x00000002   Data   RW         1107    .data               key.o
    0x200007dc   0x0000000c   Data   RW         1234    .data               usbh_core.o
    0x200007e8   0x00000004   Data   RW         1235    .data               usbh_core.o
    0x200007ec   0x00000004   Data   RW         5264    .data               mc_w.l(mvars.o)
    0x200007f0   0x00000004   Data   RW         5265    .data               mc_w.l(mvars.o)
    0x200007f4   0x000000d4   Zero   RW          420    .bss                main.o
    0x200008c8   0x000005ac   Zero   RW          421    .bss                main.o
    0x20000e74   0x00000084   Zero   RW          422    .bss                main.o
    0x20000ef8   0x00000292   Zero   RW          940    .bss                uart.o
    0x2000118a   0x00000006   PAD
    0x20001190   0x00000200   Zero   RW         2280    HEAP                startup_stm32f10x_cl.o
    0x20001390   0x00000400   Zero   RW         2279    STACK               startup_stm32f10x_cl.o


==============================================================================

Image component sizes


      Code (inc. data)   RO Data    RW Data    ZI Data      Debug   Object Name

        36          0          0          0          0        499   delay.o
       160         14          0          2          0       1458   key.o
      2036        112          0       1776          0       7465   led_screen.o
       760         82          9        216       1796       8015   main.o
       140         22          0          0          0       2401   misc.o
       310         16          0          0          0       3009   spi_flash.o
        36          8        336          0       1536        952   startup_stm32f10x_cl.o
       156         14          0          0          0       2536   stm32f10x_exti.o
       224          6          0          0          0       4586   stm32f10x_gpio.o
        48         12          0          0          0       1306   stm32f10x_rcc.o
        98          0          0          0          0       4322   stm32f10x_spi.o
       242         42          0          0          0       5508   stm32f10x_tim.o
        34          0          0          0          0       3532   stm32f10x_usart.o
       108         34          0          0          0       4427   stm32f10x_wwdg.o
        84         12          0          0          0     303248   stm32fxxx_it.o
       308         36          0          0          0       1729   system_stm32f10x.o
        72         10          0          4          0        590   timer.o
       256         30          0          8        658       1796   uart.o
       206         10          0          4          0       3449   usb_bsp.o
       270          0          0          0          0       7461   usb_core.o
      3702         16          0          0          0      11259   usb_hcd_int.o
        24          0          0         16          0       4583   usbh_core.o
       184         12          0          2          0       1537   wwdg.o
        32          0          0          0          0        871   ziku.o

    ----------------------------------------------------------------------
      9544        488        380       2028       3996     386539   Object Totals
         0          0         32          0          0          0   (incl. Generated)
        18          0          3          0          6          0   (incl. Padding)

    ----------------------------------------------------------------------

      Code (inc. data)   RO Data    RW Data    ZI Data      Debug   Library Member Name

        86          0          0          0          0          0   __dczerorl2.o
         0          0          0          0          0          0   entry.o
         0          0          0          0          0          0   entry10a.o
         0          0          0          0          0          0   entry11a.o
         8          4          0          0          0          0   entry2.o
         4          0          0          0          0          0   entry5.o
         0          0          0          0          0          0   entry7b.o
         0          0          0          0          0          0   entry8b.o
         8          4          0          0          0          0   entry9a.o
        30          0          0          0          0          0   handlers.o
        36          8          0          0          0         68   init.o
       108         16          0          0          0         84   malloc.o
        36          0          0          0          0         68   memcpya.o
        36          0          0          0          0        108   memseta.o
         0          0          0          8          0          0   mvars.o

    ----------------------------------------------------------------------
       356         32          0          8          0        328   Library Totals
         4          0          0          0          0          0   (incl. Padding)

    ----------------------------------------------------------------------

      Code (inc. data)   RO Data    RW Data    ZI Data      Debug   Library Name

       352         32          0          8          0        328   mc_w.l

    ----------------------------------------------------------------------
       356         32          0          8          0        328   Library Totals

    ----------------------------------------------------------------------

==============================================================================


      Code (inc. data)   RO Data    RW Data    ZI Data      Debug   

      9900        520        380       2036       3996     381847   Grand Totals
      9900        520        380        988       3996     381847   ELF Image Totals (compressed)
      9900        520        380        988          0          0   ROM Totals

==============================================================================

    Total RO  Size (Code + RO Data)                10280 (  10.04kB)
    Total RW  Size (RW Data + ZI Data)              6032 (   5.89kB)
    Total ROM Size (Code + RO Data + RW Data)      11268 (  11.00kB)

==============================================================================

