<html>
<body>
<pre>
<h1>礦ision Build Log</h1>
<h2>Project:</h2>
C:\Users\Administrator\Desktop\STM32_APP_1\Project\USB_Host_Examples\MSC_四分之一扫描板测试\MDK-ARM\USBH_MSC.uvproj
Project File Date:  09/29/2015

<h2>Output:</h2>
Build target 'STM3210C-EVAL_USBH-FS'
compiling main.c...
linking...
Program Size: Code=9900 RO-data=380 RW-data=2036 ZI-data=3996  
FromELF: creating hex file...
After Build - User command #1: D:\Keil_v5\ARM\ARMCC\bin\fromelf.exe --bin -o  ./STM3210C-EVAL/led.bin  ./STM3210C-EVAL/STM3210C-EVAL.axf
".\STM3210C-EVAL\STM3210C-EVAL.axf" - 0 Error(s), 0 Warning(s).
</pre>
</body>
</html>
