<html>
<body>
<pre>
<h1>礦ision Build Log</h1>
<h2>Project:</h2>
C:\Users\edan\Desktop\正在修改的程序\STM32_APP\Project\USB_Host_Examples\BOOT_IAP(引导文件)\MDK-ARM\USBH_MSC.uvproj
Project File Date:  11/19/2015

<h2>Output:</h2>
Build target 'STM3210C-EVAL_USBH-FS'
compiling stm32fxxx_it.c...
compiling usb_bsp.c...
compiling misc.c...
compiling main.c...
compiling usbh_usr.c...
compiling iap.c...
compiling spi_flash.c...
compiling usbh_stdreq.c...
compiling usbh_core.c...
compiling usbh_hcs.c...
compiling usbh_ioreq.c...
compiling usb_hcd_int.c...
compiling usb_core.c...
compiling usb_hcd.c...
compiling usbh_msc_scsi.c...
compiling usbh_msc_bot.c...
compiling usbh_msc_core.c...
compiling usbh_msc_fatfs.c...
compiling ff.c...
compiling fattime.c...
compiling lcd_log.c...
compiling system_stm32f10x.c...
compiling stm32f10x_dma.c...
compiling stm32f10x_exti.c...
compiling stm32f10x_flash.c...
compiling stm32f10x_gpio.c...
compiling stm32f10x_rcc.c...
compiling stm32f10x_usart.c...
compiling stm32f10x_spi.c...
compiling stm32f10x_tim.c...
compiling stm32f10x_i2c.c...
compiling stm3210c_eval_spi_sd.c...
compiling stm3210c_eval.c...
compiling stm3210c_eval_ioe.c...
compiling stm3210c_eval_lcd.c...
linking...
.\STM3210C-EVAL\STM3210C-EVAL.axf: Error: L6218E: Undefined symbol __set_MSP (referred from main.o).
Target not created
Build target 'STM3210C-EVAL_USBH-FS'
compiling main.c...
linking...
Program Size: Code=23672 RO-data=10076 RW-data=276 ZI-data=9620  
FromELF: creating hex file...
User command #1: C:\Keil\ARM\BIN40\fromelf.exe --bin -o ./STM3210C-EVAL/boot.bin ./STM3210C-EVAL/STM3210C-EVAL.axf
".\STM3210C-EVAL\STM3210C-EVAL.axf" - 0 Error(s), 0 Warning(s).
